[2.390s] Invoking command in '/root/ros2_ws/src/mogi_trajectory_server': PYTHONPATH=/root/ros2_ws/build/mogi_trajectory_server/prefix_override:/usr/lib/python3/dist-packages/colcon_core/task/python/colcon_distutils_commands:/root/ros2_ws/install/mogi_trajectory_server/lib/python3.12/site-packages:${PYTHONPATH} /usr/bin/python3 -W ignore:setup.py install is deprecated -W ignore:easy_install command is deprecated setup.py egg_info --egg-base ../../build/mogi_trajectory_server build --build-base /root/ros2_ws/build/mogi_trajectory_server/build install --record /root/ros2_ws/build/mogi_trajectory_server/install.log --single-version-externally-managed install_data
[2.813s] running egg_info
[2.840s] writing ../../build/mogi_trajectory_server/mogi_trajectory_server.egg-info/PKG-INFO
[2.841s] writing dependency_links to ../../build/mogi_trajectory_server/mogi_trajectory_server.egg-info/dependency_links.txt
[2.842s] writing entry points to ../../build/mogi_trajectory_server/mogi_trajectory_server.egg-info/entry_points.txt
[2.843s] writing requirements to ../../build/mogi_trajectory_server/mogi_trajectory_server.egg-info/requires.txt
[2.844s] writing top-level names to ../../build/mogi_trajectory_server/mogi_trajectory_server.egg-info/top_level.txt
[2.919s] reading manifest file '../../build/mogi_trajectory_server/mogi_trajectory_server.egg-info/SOURCES.txt'
[2.920s] adding license file 'LICENSE'
[2.921s] writing manifest file '../../build/mogi_trajectory_server/mogi_trajectory_server.egg-info/SOURCES.txt'
[2.921s] running build
[2.921s] running build_py
[2.922s] running install
[2.928s] running install_lib
[2.952s] running install_data
[2.952s] running install_egg_info
[2.978s] removing '/root/ros2_ws/install/mogi_trajectory_server/lib/python3.12/site-packages/mogi_trajectory_server-1.0.0-py3.12.egg-info' (and everything under it)
[2.979s] Copying ../../build/mogi_trajectory_server/mogi_trajectory_server.egg-info to /root/ros2_ws/install/mogi_trajectory_server/lib/python3.12/site-packages/mogi_trajectory_server-1.0.0-py3.12.egg-info
[2.986s] running install_scripts
[3.177s] Installing mogi_trajectory_server script to /root/ros2_ws/install/mogi_trajectory_server/lib/mogi_trajectory_server
[3.177s] Installing mogi_trajectory_server_topic_based script to /root/ros2_ws/install/mogi_trajectory_server/lib/mogi_trajectory_server
[3.177s] writing list of installed files to '/root/ros2_ws/build/mogi_trajectory_server/install.log'
[3.218s] Invoked command in '/root/ros2_ws/src/mogi_trajectory_server' returned '0': PYTHONPATH=/root/ros2_ws/build/mogi_trajectory_server/prefix_override:/usr/lib/python3/dist-packages/colcon_core/task/python/colcon_distutils_commands:/root/ros2_ws/install/mogi_trajectory_server/lib/python3.12/site-packages:${PYTHONPATH} /usr/bin/python3 -W ignore:setup.py install is deprecated -W ignore:easy_install command is deprecated setup.py egg_info --egg-base ../../build/mogi_trajectory_server build --build-base /root/ros2_ws/build/mogi_trajectory_server/build install --record /root/ros2_ws/build/mogi_trajectory_server/install.log --single-version-externally-managed install_data
