-- Install configuration: ""
-- Up-to-date: /root/ros2_ws/install/bme_gazebo_sensors/share/bme_gazebo_sensors/launch
-- Up-to-date: /root/ros2_ws/install/bme_gazebo_sensors/share/bme_gazebo_sensors/launch/check_urdf.launch.py
-- Up-to-date: /root/ros2_ws/install/bme_gazebo_sensors/share/bme_gazebo_sensors/launch/world.launch.py
-- Installing: /root/ros2_ws/install/bme_gazebo_sensors/share/bme_gazebo_sensors/launch/spawn_robot.launch.py
-- Up-to-date: /root/ros2_ws/install/bme_gazebo_sensors/share/bme_gazebo_sensors/worlds
-- Up-to-date: /root/ros2_ws/install/bme_gazebo_sensors/share/bme_gazebo_sensors/worlds/my_world.sdf
-- Up-to-date: /root/ros2_ws/install/bme_gazebo_sensors/share/bme_gazebo_sensors/worlds/empty.sdf
-- Up-to-date: /root/ros2_ws/install/bme_gazebo_sensors/share/bme_gazebo_sensors/worlds/world.sdf
-- Up-to-date: /root/ros2_ws/install/bme_gazebo_sensors/share/bme_gazebo_sensors/worlds/home.sdf
-- Up-to-date: /root/ros2_ws/install/bme_gazebo_sensors/share/bme_gazebo_sensors/rviz
-- Up-to-date: /root/ros2_ws/install/bme_gazebo_sensors/share/bme_gazebo_sensors/rviz/gps.rviz
-- Up-to-date: /root/ros2_ws/install/bme_gazebo_sensors/share/bme_gazebo_sensors/rviz/rviz.rviz
-- Up-to-date: /root/ros2_ws/install/bme_gazebo_sensors/share/bme_gazebo_sensors/rviz/urdf.rviz
-- Up-to-date: /root/ros2_ws/install/bme_gazebo_sensors/share/bme_gazebo_sensors/urdf
-- Up-to-date: /root/ros2_ws/install/bme_gazebo_sensors/share/bme_gazebo_sensors/urdf/materials.xacro
-- Up-to-date: /root/ros2_ws/install/bme_gazebo_sensors/share/bme_gazebo_sensors/urdf/mogi_bot.gazebo
-- Up-to-date: /root/ros2_ws/install/bme_gazebo_sensors/share/bme_gazebo_sensors/urdf/mogi_bot.urdf
-- Up-to-date: /root/ros2_ws/install/bme_gazebo_sensors/share/bme_gazebo_sensors/meshes
-- Up-to-date: /root/ros2_ws/install/bme_gazebo_sensors/share/bme_gazebo_sensors/meshes/lidar.dae
-- Up-to-date: /root/ros2_ws/install/bme_gazebo_sensors/share/bme_gazebo_sensors/meshes/wheel.dae
-- Up-to-date: /root/ros2_ws/install/bme_gazebo_sensors/share/bme_gazebo_sensors/meshes/mogi_bot.dae
-- Up-to-date: /root/ros2_ws/install/bme_gazebo_sensors/share/bme_gazebo_sensors/config
-- Up-to-date: /root/ros2_ws/install/bme_gazebo_sensors/share/bme_gazebo_sensors/config/ekf.yaml
-- Up-to-date: /root/ros2_ws/install/bme_gazebo_sensors/share/ament_index/resource_index/package_run_dependencies/bme_gazebo_sensors
-- Up-to-date: /root/ros2_ws/install/bme_gazebo_sensors/share/ament_index/resource_index/parent_prefix_path/bme_gazebo_sensors
-- Up-to-date: /root/ros2_ws/install/bme_gazebo_sensors/share/bme_gazebo_sensors/environment/ament_prefix_path.sh
-- Up-to-date: /root/ros2_ws/install/bme_gazebo_sensors/share/bme_gazebo_sensors/environment/ament_prefix_path.dsv
-- Up-to-date: /root/ros2_ws/install/bme_gazebo_sensors/share/bme_gazebo_sensors/environment/path.sh
-- Up-to-date: /root/ros2_ws/install/bme_gazebo_sensors/share/bme_gazebo_sensors/environment/path.dsv
-- Up-to-date: /root/ros2_ws/install/bme_gazebo_sensors/share/bme_gazebo_sensors/local_setup.bash
-- Up-to-date: /root/ros2_ws/install/bme_gazebo_sensors/share/bme_gazebo_sensors/local_setup.sh
-- Up-to-date: /root/ros2_ws/install/bme_gazebo_sensors/share/bme_gazebo_sensors/local_setup.zsh
-- Up-to-date: /root/ros2_ws/install/bme_gazebo_sensors/share/bme_gazebo_sensors/local_setup.dsv
-- Installing: /root/ros2_ws/install/bme_gazebo_sensors/share/bme_gazebo_sensors/package.dsv
-- Up-to-date: /root/ros2_ws/install/bme_gazebo_sensors/share/ament_index/resource_index/packages/bme_gazebo_sensors
-- Up-to-date: /root/ros2_ws/install/bme_gazebo_sensors/share/bme_gazebo_sensors/cmake/bme_gazebo_sensorsConfig.cmake
-- Up-to-date: /root/ros2_ws/install/bme_gazebo_sensors/share/bme_gazebo_sensors/cmake/bme_gazebo_sensorsConfig-version.cmake
-- Up-to-date: /root/ros2_ws/install/bme_gazebo_sensors/share/bme_gazebo_sensors/package.xml
