[0.049s] Invoking command in '/root/ros2_ws/build/my_robot_description': CMAKE_PREFIX_PATH=${CMAKE_PREFIX_PATH}:/opt/ros/jazzy /usr/bin/cmake --build /root/ros2_ws/build/my_robot_description -- -j8 -l8
[0.344s] Invoked command in '/root/ros2_ws/build/my_robot_description' returned '0': CMAKE_PREFIX_PATH=${CMAKE_PREFIX_PATH}:/opt/ros/jazzy /usr/bin/cmake --build /root/ros2_ws/build/my_robot_description -- -j8 -l8
[0.347s] Invoking command in '/root/ros2_ws/build/my_robot_description': CMAKE_PREFIX_PATH=${CMAKE_PREFIX_PATH}:/opt/ros/jazzy /usr/bin/cmake --install /root/ros2_ws/build/my_robot_description
[0.358s] -- Install configuration: ""
[0.359s] -- Up-to-date: /root/ros2_ws/install/my_robot_description/share/my_robot_description//urdf
[0.359s] -- Up-to-date: /root/ros2_ws/install/my_robot_description/share/my_robot_description//urdf/mobile_base.xacro
[0.359s] -- Up-to-date: /root/ros2_ws/install/my_robot_description/share/my_robot_description//urdf/mobile_base_gazebo.xacro
[0.360s] -- Up-to-date: /root/ros2_ws/install/my_robot_description/share/my_robot_description//urdf/common_properties.xacro
[0.360s] -- Up-to-date: /root/ros2_ws/install/my_robot_description/share/my_robot_description//urdf/my_robot.urdf.xacro
[0.360s] -- Up-to-date: /root/ros2_ws/install/my_robot_description/share/my_robot_description//launch
[0.361s] -- Up-to-date: /root/ros2_ws/install/my_robot_description/share/my_robot_description//launch/display.launch.xml
[0.361s] -- Up-to-date: /root/ros2_ws/install/my_robot_description/share/my_robot_description//launch/display.launch.py
[0.361s] -- Up-to-date: /root/ros2_ws/install/my_robot_description/share/my_robot_description//rviz
[0.362s] -- Up-to-date: /root/ros2_ws/install/my_robot_description/share/my_robot_description//rviz/urdf_config.rviz
[0.364s] -- Up-to-date: /root/ros2_ws/install/my_robot_description/share/ament_index/resource_index/package_run_dependencies/my_robot_description
[0.364s] -- Up-to-date: /root/ros2_ws/install/my_robot_description/share/ament_index/resource_index/parent_prefix_path/my_robot_description
[0.365s] -- Up-to-date: /root/ros2_ws/install/my_robot_description/share/my_robot_description/environment/ament_prefix_path.sh
[0.365s] -- Up-to-date: /root/ros2_ws/install/my_robot_description/share/my_robot_description/environment/ament_prefix_path.dsv
[0.365s] -- Up-to-date: /root/ros2_ws/install/my_robot_description/share/my_robot_description/environment/path.sh
[0.366s] -- Up-to-date: /root/ros2_ws/install/my_robot_description/share/my_robot_description/environment/path.dsv
[0.366s] -- Up-to-date: /root/ros2_ws/install/my_robot_description/share/my_robot_description/local_setup.bash
[0.367s] -- Up-to-date: /root/ros2_ws/install/my_robot_description/share/my_robot_description/local_setup.sh
[0.367s] -- Up-to-date: /root/ros2_ws/install/my_robot_description/share/my_robot_description/local_setup.zsh
[0.369s] -- Up-to-date: /root/ros2_ws/install/my_robot_description/share/my_robot_description/local_setup.dsv
[0.369s] -- Installing: /root/ros2_ws/install/my_robot_description/share/my_robot_description/package.dsv
[0.373s] -- Up-to-date: /root/ros2_ws/install/my_robot_description/share/ament_index/resource_index/packages/my_robot_description
[0.374s] -- Up-to-date: /root/ros2_ws/install/my_robot_description/share/my_robot_description/cmake/my_robot_descriptionConfig.cmake
[0.376s] -- Up-to-date: /root/ros2_ws/install/my_robot_description/share/my_robot_description/cmake/my_robot_descriptionConfig-version.cmake
[0.376s] -- Up-to-date: /root/ros2_ws/install/my_robot_description/share/my_robot_description/package.xml
[0.414s] Invoked command in '/root/ros2_ws/build/my_robot_description' returned '0': CMAKE_PREFIX_PATH=${CMAKE_PREFIX_PATH}:/opt/ros/jazzy /usr/bin/cmake --install /root/ros2_ws/build/my_robot_description
