[2.819s] Invoking command in '/root/ros2_ws/src/mogi_trajectory_server': PYTHONPATH=/root/ros2_ws/build/mogi_trajectory_server/prefix_override:/usr/lib/python3/dist-packages/colcon_core/task/python/colcon_distutils_commands:/root/ros2_ws/install/mogi_trajectory_server/lib/python3.12/site-packages:${PYTHONPATH} /usr/bin/python3 -W ignore:setup.py install is deprecated -W ignore:easy_install command is deprecated setup.py egg_info --egg-base ../../build/mogi_trajectory_server build --build-base /root/ros2_ws/build/mogi_trajectory_server/build install --record /root/ros2_ws/build/mogi_trajectory_server/install.log --single-version-externally-managed install_data
[3.355s] running egg_info
[3.389s] writing ../../build/mogi_trajectory_server/mogi_trajectory_server.egg-info/PKG-INFO
[3.391s] writing dependency_links to ../../build/mogi_trajectory_server/mogi_trajectory_server.egg-info/dependency_links.txt
[3.392s] writing entry points to ../../build/mogi_trajectory_server/mogi_trajectory_server.egg-info/entry_points.txt
[3.392s] writing requirements to ../../build/mogi_trajectory_server/mogi_trajectory_server.egg-info/requires.txt
[3.392s] writing top-level names to ../../build/mogi_trajectory_server/mogi_trajectory_server.egg-info/top_level.txt
[3.459s] reading manifest file '../../build/mogi_trajectory_server/mogi_trajectory_server.egg-info/SOURCES.txt'
[3.460s] adding license file 'LICENSE'
[3.461s] writing manifest file '../../build/mogi_trajectory_server/mogi_trajectory_server.egg-info/SOURCES.txt'
[3.461s] running build
[3.462s] running build_py
[3.464s] running install
[3.476s] running install_lib
[3.518s] running install_data
[3.520s] running install_egg_info
[3.556s] removing '/root/ros2_ws/install/mogi_trajectory_server/lib/python3.12/site-packages/mogi_trajectory_server-1.0.0-py3.12.egg-info' (and everything under it)
[3.558s] Copying ../../build/mogi_trajectory_server/mogi_trajectory_server.egg-info to /root/ros2_ws/install/mogi_trajectory_server/lib/python3.12/site-packages/mogi_trajectory_server-1.0.0-py3.12.egg-info
[3.561s] running install_scripts
[3.811s] Installing mogi_trajectory_server script to /root/ros2_ws/install/mogi_trajectory_server/lib/mogi_trajectory_server
[3.811s] Installing mogi_trajectory_server_topic_based script to /root/ros2_ws/install/mogi_trajectory_server/lib/mogi_trajectory_server
[3.812s] writing list of installed files to '/root/ros2_ws/build/mogi_trajectory_server/install.log'
[3.860s] Invoked command in '/root/ros2_ws/src/mogi_trajectory_server' returned '0': PYTHONPATH=/root/ros2_ws/build/mogi_trajectory_server/prefix_override:/usr/lib/python3/dist-packages/colcon_core/task/python/colcon_distutils_commands:/root/ros2_ws/install/mogi_trajectory_server/lib/python3.12/site-packages:${PYTHONPATH} /usr/bin/python3 -W ignore:setup.py install is deprecated -W ignore:easy_install command is deprecated setup.py egg_info --egg-base ../../build/mogi_trajectory_server build --build-base /root/ros2_ws/build/mogi_trajectory_server/build install --record /root/ros2_ws/build/mogi_trajectory_server/install.log --single-version-externally-managed install_data
