[0.550s] Invoking command in '/root/ros2_ws/build/my_robot_description': CMAKE_PREFIX_PATH=${CMAKE_PREFIX_PATH}:/opt/ros/jazzy /usr/bin/cmake --build /root/ros2_ws/build/my_robot_description -- -j8 -l8
[0.778s] Invoked command in '/root/ros2_ws/build/my_robot_description' returned '0': CMAKE_PREFIX_PATH=${CMAKE_PREFIX_PATH}:/opt/ros/jazzy /usr/bin/cmake --build /root/ros2_ws/build/my_robot_description -- -j8 -l8
[0.783s] Invoking command in '/root/ros2_ws/build/my_robot_description': CMAKE_PREFIX_PATH=${CMAKE_PREFIX_PATH}:/opt/ros/jazzy /usr/bin/cmake --install /root/ros2_ws/build/my_robot_description
[0.807s] -- Install configuration: ""
[0.807s] -- Up-to-date: /root/ros2_ws/install/my_robot_description/share/my_robot_description//urdf
[0.807s] -- Up-to-date: /root/ros2_ws/install/my_robot_description/share/my_robot_description//urdf/mobile_base.xacro
[0.807s] -- Up-to-date: /root/ros2_ws/install/my_robot_description/share/my_robot_description//urdf/mobile_base_gazebo.xacro
[0.807s] -- Up-to-date: /root/ros2_ws/install/my_robot_description/share/my_robot_description//urdf/common_properties.xacro
[0.807s] -- Up-to-date: /root/ros2_ws/install/my_robot_description/share/my_robot_description//urdf/my_robot.urdf.xacro
[0.808s] -- Up-to-date: /root/ros2_ws/install/my_robot_description/share/my_robot_description//launch
[0.808s] -- Up-to-date: /root/ros2_ws/install/my_robot_description/share/my_robot_description//launch/display.launch.xml
[0.808s] -- Up-to-date: /root/ros2_ws/install/my_robot_description/share/my_robot_description//launch/display.launch.py
[0.808s] -- Up-to-date: /root/ros2_ws/install/my_robot_description/share/my_robot_description//rviz
[0.808s] -- Up-to-date: /root/ros2_ws/install/my_robot_description/share/my_robot_description//rviz/urdf_config.rviz
[0.808s] -- Up-to-date: /root/ros2_ws/install/my_robot_description/share/ament_index/resource_index/package_run_dependencies/my_robot_description
[0.808s] -- Up-to-date: /root/ros2_ws/install/my_robot_description/share/ament_index/resource_index/parent_prefix_path/my_robot_description
[0.808s] -- Up-to-date: /root/ros2_ws/install/my_robot_description/share/my_robot_description/environment/ament_prefix_path.sh
[0.823s] -- Up-to-date: /root/ros2_ws/install/my_robot_description/share/my_robot_description/environment/ament_prefix_path.dsv
[0.824s] -- Up-to-date: /root/ros2_ws/install/my_robot_description/share/my_robot_description/environment/path.sh
[0.824s] -- Up-to-date: /root/ros2_ws/install/my_robot_description/share/my_robot_description/environment/path.dsv
[0.825s] -- Up-to-date: /root/ros2_ws/install/my_robot_description/share/my_robot_description/local_setup.bash
[0.825s] -- Up-to-date: /root/ros2_ws/install/my_robot_description/share/my_robot_description/local_setup.sh
[0.826s] -- Up-to-date: /root/ros2_ws/install/my_robot_description/share/my_robot_description/local_setup.zsh
[0.826s] -- Up-to-date: /root/ros2_ws/install/my_robot_description/share/my_robot_description/local_setup.dsv
[0.826s] -- Installing: /root/ros2_ws/install/my_robot_description/share/my_robot_description/package.dsv
[0.827s] -- Up-to-date: /root/ros2_ws/install/my_robot_description/share/ament_index/resource_index/packages/my_robot_description
[0.827s] -- Up-to-date: /root/ros2_ws/install/my_robot_description/share/my_robot_description/cmake/my_robot_descriptionConfig.cmake
[0.827s] -- Up-to-date: /root/ros2_ws/install/my_robot_description/share/my_robot_description/cmake/my_robot_descriptionConfig-version.cmake
[0.827s] -- Up-to-date: /root/ros2_ws/install/my_robot_description/share/my_robot_description/package.xml
[0.839s] Invoked command in '/root/ros2_ws/build/my_robot_description' returned '0': CMAKE_PREFIX_PATH=${CMAKE_PREFIX_PATH}:/opt/ros/jazzy /usr/bin/cmake --install /root/ros2_ws/build/my_robot_description
