[0.021s] Invoking command in '/root/ros2_ws/build/my_robot_bringup': CMAKE_PREFIX_PATH=${CMAKE_PREFIX_PATH}:/opt/ros/jazzy /usr/bin/cmake /root/ros2_ws/src/my_robot_bringup -DCMAKE_INSTALL_PREFIX=/root/ros2_ws/install/my_robot_bringup
[0.288s] -- The C compiler identification is GNU 13.3.0
[0.419s] -- The CXX compiler identification is GNU 13.3.0
[0.446s] -- Detecting C compiler ABI info
[0.571s] -- Detecting C compiler ABI info - done
[0.580s] -- Check for working C compiler: /usr/bin/cc - skipped
[0.580s] -- Detecting C compile features
[0.581s] -- Detecting C compile features - done
[0.595s] -- Detecting CXX compiler ABI info
[0.708s] -- Detecting CXX compiler ABI info - done
[0.715s] -- Check for working CXX compiler: /usr/bin/c++ - skipped
[0.716s] -- Detecting CXX compile features
[0.716s] -- Detecting CXX compile features - done
[0.757s] -- Found ament_cmake: 2.5.4 (/opt/ros/jazzy/share/ament_cmake/cmake)
[0.940s] -- Found Python3: /usr/bin/python3 (found version "3.12.3") found components: Interpreter 
[1.234s] -- Configuring done (1.1s)
[1.241s] -- Generating done (0.0s)
[1.244s] -- Build files have been written to: /root/ros2_ws/build/my_robot_bringup
[1.249s] Invoked command in '/root/ros2_ws/build/my_robot_bringup' returned '0': CMAKE_PREFIX_PATH=${CMAKE_PREFIX_PATH}:/opt/ros/jazzy /usr/bin/cmake /root/ros2_ws/src/my_robot_bringup -DCMAKE_INSTALL_PREFIX=/root/ros2_ws/install/my_robot_bringup
[1.252s] Invoking command in '/root/ros2_ws/build/my_robot_bringup': CMAKE_PREFIX_PATH=${CMAKE_PREFIX_PATH}:/opt/ros/jazzy /usr/bin/cmake --build /root/ros2_ws/build/my_robot_bringup -- -j8 -l8
[1.297s] Invoked command in '/root/ros2_ws/build/my_robot_bringup' returned '0': CMAKE_PREFIX_PATH=${CMAKE_PREFIX_PATH}:/opt/ros/jazzy /usr/bin/cmake --build /root/ros2_ws/build/my_robot_bringup -- -j8 -l8
[1.299s] Invoking command in '/root/ros2_ws/build/my_robot_bringup': CMAKE_PREFIX_PATH=${CMAKE_PREFIX_PATH}:/opt/ros/jazzy /usr/bin/cmake --install /root/ros2_ws/build/my_robot_bringup
[1.308s] -- Install configuration: ""
[1.308s] -- Installing: /root/ros2_ws/install/my_robot_bringup/share/my_robot_bringup//launch
[1.310s] -- Installing: /root/ros2_ws/install/my_robot_bringup/share/my_robot_bringup//launch/my_robot_gazebo.launch.xml
[1.310s] -- Installing: /root/ros2_ws/install/my_robot_bringup/share/my_robot_bringup//config
[1.310s] -- Installing: /root/ros2_ws/install/my_robot_bringup/share/my_robot_bringup//config/gazebo_bridge.yaml
[1.310s] -- Installing: /root/ros2_ws/install/my_robot_bringup/share/my_robot_bringup//worlds
[1.311s] -- Installing: /root/ros2_ws/install/my_robot_bringup/share/my_robot_bringup//worlds/test_world.sdf
[1.311s] -- Installing: /root/ros2_ws/install/my_robot_bringup/share/ament_index/resource_index/package_run_dependencies/my_robot_bringup
[1.312s] -- Installing: /root/ros2_ws/install/my_robot_bringup/share/ament_index/resource_index/parent_prefix_path/my_robot_bringup
[1.313s] -- Installing: /root/ros2_ws/install/my_robot_bringup/share/my_robot_bringup/environment/ament_prefix_path.sh
[1.314s] -- Installing: /root/ros2_ws/install/my_robot_bringup/share/my_robot_bringup/environment/ament_prefix_path.dsv
[1.314s] -- Installing: /root/ros2_ws/install/my_robot_bringup/share/my_robot_bringup/environment/path.sh
[1.314s] -- Installing: /root/ros2_ws/install/my_robot_bringup/share/my_robot_bringup/environment/path.dsv
[1.315s] -- Installing: /root/ros2_ws/install/my_robot_bringup/share/my_robot_bringup/local_setup.bash
[1.315s] -- Installing: /root/ros2_ws/install/my_robot_bringup/share/my_robot_bringup/local_setup.sh
[1.315s] -- Installing: /root/ros2_ws/install/my_robot_bringup/share/my_robot_bringup/local_setup.zsh
[1.316s] -- Installing: /root/ros2_ws/install/my_robot_bringup/share/my_robot_bringup/local_setup.dsv
[1.316s] -- Installing: /root/ros2_ws/install/my_robot_bringup/share/my_robot_bringup/package.dsv
[1.316s] -- Installing: /root/ros2_ws/install/my_robot_bringup/share/ament_index/resource_index/packages/my_robot_bringup
[1.316s] -- Installing: /root/ros2_ws/install/my_robot_bringup/share/my_robot_bringup/cmake/my_robot_bringupConfig.cmake
[1.317s] -- Installing: /root/ros2_ws/install/my_robot_bringup/share/my_robot_bringup/cmake/my_robot_bringupConfig-version.cmake
[1.317s] -- Installing: /root/ros2_ws/install/my_robot_bringup/share/my_robot_bringup/package.xml
[1.323s] Invoked command in '/root/ros2_ws/build/my_robot_bringup' returned '0': CMAKE_PREFIX_PATH=${CMAKE_PREFIX_PATH}:/opt/ros/jazzy /usr/bin/cmake --install /root/ros2_ws/build/my_robot_bringup
