-- Install configuration: ""
-- Up-to-date: /root/ros2_ws/install/ros2_python_extension/include
-- Up-to-date: /root/ros2_ws/install/ros2_python_extension/include/ros2_python_extension
-- Up-to-date: /root/ros2_ws/install/ros2_python_extension/include/ros2_python_extension/serialization.hpp
-- Up-to-date: /root/ros2_ws/install/ros2_python_extension/share/ament_index/resource_index/package_run_dependencies/ros2_python_extension
-- Up-to-date: /root/ros2_ws/install/ros2_python_extension/share/ament_index/resource_index/parent_prefix_path/ros2_python_extension
-- Up-to-date: /root/ros2_ws/install/ros2_python_extension/share/ros2_python_extension/environment/ament_prefix_path.sh
-- Up-to-date: /root/ros2_ws/install/ros2_python_extension/share/ros2_python_extension/environment/ament_prefix_path.dsv
-- Up-to-date: /root/ros2_ws/install/ros2_python_extension/share/ros2_python_extension/environment/path.sh
-- Up-to-date: /root/ros2_ws/install/ros2_python_extension/share/ros2_python_extension/environment/path.dsv
-- Up-to-date: /root/ros2_ws/install/ros2_python_extension/share/ros2_python_extension/local_setup.bash
-- Up-to-date: /root/ros2_ws/install/ros2_python_extension/share/ros2_python_extension/local_setup.sh
-- Up-to-date: /root/ros2_ws/install/ros2_python_extension/share/ros2_python_extension/local_setup.zsh
-- Up-to-date: /root/ros2_ws/install/ros2_python_extension/share/ros2_python_extension/local_setup.dsv
-- Up-to-date: /root/ros2_ws/install/ros2_python_extension/share/ros2_python_extension/package.dsv
-- Up-to-date: /root/ros2_ws/install/ros2_python_extension/share/ament_index/resource_index/packages/ros2_python_extension
-- Up-to-date: /root/ros2_ws/install/ros2_python_extension/share/ros2_python_extension/cmake/ament_cmake_export_dependencies-extras.cmake
-- Up-to-date: /root/ros2_ws/install/ros2_python_extension/share/ros2_python_extension/cmake/ament_cmake_export_include_directories-extras.cmake
-- Up-to-date: /root/ros2_ws/install/ros2_python_extension/share/ros2_python_extension/cmake/ros2_python_extensionConfig.cmake
-- Up-to-date: /root/ros2_ws/install/ros2_python_extension/share/ros2_python_extension/cmake/ros2_python_extensionConfig-version.cmake
-- Up-to-date: /root/ros2_ws/install/ros2_python_extension/share/ros2_python_extension/package.xml
