[0.415s] DEBUG:colcon:Command line arguments: ['/usr/bin/colcon', 'build']
[0.416s] DEBUG:colcon:Parsed command line arguments: Namespace(log_base=None, log_level=None, verb_name='build', build_base='build', install_base='install', merge_install=False, symlink_install=False, test_result_base=None, continue_on_error=False, executor='parallel', parallel_workers=8, event_handlers=None, ignore_user_meta=False, metas=['./colcon.meta'], base_paths=['.'], packages_ignore=None, packages_ignore_regex=None, paths=None, packages_up_to=None, packages_up_to_regex=None, packages_above=None, packages_above_and_dependencies=None, packages_above_depth=None, packages_select_by_dep=None, packages_skip_by_dep=None, packages_skip_up_to=None, packages_select_build_failed=False, packages_skip_build_finished=False, packages_select_test_failures=False, packages_skip_test_passed=False, packages_select=None, packages_skip=None, packages_select_regex=None, packages_skip_regex=None, packages_start=None, packages_end=None, cmake_args=None, cmake_target=None, cmake_target_skip_unavailable=False, cmake_clean_cache=False, cmake_clean_first=False, cmake_force_configure=False, ament_cmake_args=None, catkin_cmake_args=None, catkin_skip_building_tests=False, mixin_files=None, mixin=None, verb_parser=<colcon_mixin.mixin.mixin_argument.MixinArgumentDecorator object at 0x7bb016535ca0>, verb_extension=<colcon_core.verb.build.BuildVerb object at 0x7bb0165358e0>, main=<bound method BuildVerb.main of <colcon_core.verb.build.BuildVerb object at 0x7bb0165358e0>>, mixin_verb=('build',))
[0.556s] Level 1:colcon.colcon_core.package_discovery:discover_packages(colcon_meta) check parameters
[0.558s] INFO:colcon.colcon_metadata.package_discovery.colcon_meta:Using configuration from '/root/.colcon/metadata/default/Gazebo.meta'
[0.558s] INFO:colcon.colcon_metadata.package_discovery.colcon_meta:Using configuration from '/root/.colcon/metadata/default/fastdds.meta'
[0.559s] INFO:colcon.colcon_metadata.package_discovery.colcon_meta:Using configuration from '/root/.colcon/metadata/default/fastrtps.meta'
[0.559s] Level 1:colcon.colcon_core.package_discovery:discover_packages(recursive) check parameters
[0.559s] Level 1:colcon.colcon_core.package_discovery:discover_packages(ignore) check parameters
[0.559s] Level 1:colcon.colcon_core.package_discovery:discover_packages(path) check parameters
[0.559s] Level 1:colcon.colcon_core.package_discovery:discover_packages(colcon_meta) discover
[0.559s] Level 1:colcon.colcon_core.package_discovery:discover_packages(recursive) discover
[0.559s] INFO:colcon.colcon_core.package_discovery:Crawling recursively for packages in '/root/ros2_ws'
[0.559s] Level 1:colcon.colcon_core.package_identification:_identify(.) by extensions ['ignore', 'ignore_ament_install']
[0.559s] Level 1:colcon.colcon_core.package_identification:_identify(.) by extension 'ignore'
[0.559s] Level 1:colcon.colcon_core.package_identification:_identify(.) by extension 'ignore_ament_install'
[0.559s] Level 1:colcon.colcon_core.package_identification:_identify(.) by extensions ['colcon_pkg']
[0.559s] Level 1:colcon.colcon_core.package_identification:_identify(.) by extension 'colcon_pkg'
[0.559s] Level 1:colcon.colcon_core.package_identification:_identify(.) by extensions ['colcon_meta']
[0.559s] Level 1:colcon.colcon_core.package_identification:_identify(.) by extension 'colcon_meta'
[0.559s] Level 1:colcon.colcon_core.package_identification:_identify(.) by extensions ['ros']
[0.559s] Level 1:colcon.colcon_core.package_identification:_identify(.) by extension 'ros'
[0.596s] Level 1:colcon.colcon_core.package_identification:_identify(.) by extensions ['cmake', 'python']
[0.596s] Level 1:colcon.colcon_core.package_identification:_identify(.) by extension 'cmake'
[0.596s] Level 1:colcon.colcon_core.package_identification:_identify(.) by extension 'python'
[0.596s] Level 1:colcon.colcon_core.package_identification:_identify(.) by extensions ['python_setup_py']
[0.597s] Level 1:colcon.colcon_core.package_identification:_identify(.) by extension 'python_setup_py'
[0.598s] Level 1:colcon.colcon_core.package_identification:_identify(build) by extensions ['ignore', 'ignore_ament_install']
[0.598s] Level 1:colcon.colcon_core.package_identification:_identify(build) by extension 'ignore'
[0.598s] Level 1:colcon.colcon_core.package_identification:_identify(build) ignored
[0.599s] Level 1:colcon.colcon_core.package_identification:_identify(install) by extensions ['ignore', 'ignore_ament_install']
[0.599s] Level 1:colcon.colcon_core.package_identification:_identify(install) by extension 'ignore'
[0.599s] Level 1:colcon.colcon_core.package_identification:_identify(install) ignored
[0.599s] Level 1:colcon.colcon_core.package_identification:_identify(log) by extensions ['ignore', 'ignore_ament_install']
[0.599s] Level 1:colcon.colcon_core.package_identification:_identify(log) by extension 'ignore'
[0.599s] Level 1:colcon.colcon_core.package_identification:_identify(log) ignored
[0.599s] Level 1:colcon.colcon_core.package_identification:_identify(src) by extensions ['ignore', 'ignore_ament_install']
[0.599s] Level 1:colcon.colcon_core.package_identification:_identify(src) by extension 'ignore'
[0.600s] Level 1:colcon.colcon_core.package_identification:_identify(src) by extension 'ignore_ament_install'
[0.600s] Level 1:colcon.colcon_core.package_identification:_identify(src) by extensions ['colcon_pkg']
[0.600s] Level 1:colcon.colcon_core.package_identification:_identify(src) by extension 'colcon_pkg'
[0.601s] Level 1:colcon.colcon_core.package_identification:_identify(src) by extensions ['colcon_meta']
[0.601s] Level 1:colcon.colcon_core.package_identification:_identify(src) by extension 'colcon_meta'
[0.601s] Level 1:colcon.colcon_core.package_identification:_identify(src) by extensions ['ros']
[0.601s] Level 1:colcon.colcon_core.package_identification:_identify(src) by extension 'ros'
[0.601s] Level 1:colcon.colcon_core.package_identification:_identify(src) by extensions ['cmake', 'python']
[0.601s] Level 1:colcon.colcon_core.package_identification:_identify(src) by extension 'cmake'
[0.601s] Level 1:colcon.colcon_core.package_identification:_identify(src) by extension 'python'
[0.601s] Level 1:colcon.colcon_core.package_identification:_identify(src) by extensions ['python_setup_py']
[0.601s] Level 1:colcon.colcon_core.package_identification:_identify(src) by extension 'python_setup_py'
[0.602s] Level 1:colcon.colcon_core.package_identification:_identify(src/bitbots_tf_buffer) by extensions ['ignore', 'ignore_ament_install']
[0.602s] Level 1:colcon.colcon_core.package_identification:_identify(src/bitbots_tf_buffer) by extension 'ignore'
[0.602s] Level 1:colcon.colcon_core.package_identification:_identify(src/bitbots_tf_buffer) by extension 'ignore_ament_install'
[0.602s] Level 1:colcon.colcon_core.package_identification:_identify(src/bitbots_tf_buffer) by extensions ['colcon_pkg']
[0.602s] Level 1:colcon.colcon_core.package_identification:_identify(src/bitbots_tf_buffer) by extension 'colcon_pkg'
[0.603s] Level 1:colcon.colcon_core.package_identification:_identify(src/bitbots_tf_buffer) by extensions ['colcon_meta']
[0.603s] Level 1:colcon.colcon_core.package_identification:_identify(src/bitbots_tf_buffer) by extension 'colcon_meta'
[0.603s] Level 1:colcon.colcon_core.package_identification:_identify(src/bitbots_tf_buffer) by extensions ['ros']
[0.603s] Level 1:colcon.colcon_core.package_identification:_identify(src/bitbots_tf_buffer) by extension 'ros'
[0.608s] DEBUG:colcon.colcon_core.package_identification:Package 'src/bitbots_tf_buffer' with type 'ros.ament_cmake' and name 'bitbots_tf_buffer'
[0.611s] Level 1:colcon.colcon_core.package_identification:_identify(src/erl1) by extensions ['ignore', 'ignore_ament_install']
[0.611s] Level 1:colcon.colcon_core.package_identification:_identify(src/erl1) by extension 'ignore'
[0.611s] Level 1:colcon.colcon_core.package_identification:_identify(src/erl1) by extension 'ignore_ament_install'
[0.611s] Level 1:colcon.colcon_core.package_identification:_identify(src/erl1) by extensions ['colcon_pkg']
[0.611s] Level 1:colcon.colcon_core.package_identification:_identify(src/erl1) by extension 'colcon_pkg'
[0.611s] Level 1:colcon.colcon_core.package_identification:_identify(src/erl1) by extensions ['colcon_meta']
[0.611s] Level 1:colcon.colcon_core.package_identification:_identify(src/erl1) by extension 'colcon_meta'
[0.611s] Level 1:colcon.colcon_core.package_identification:_identify(src/erl1) by extensions ['ros']
[0.611s] Level 1:colcon.colcon_core.package_identification:_identify(src/erl1) by extension 'ros'
[0.612s] DEBUG:colcon.colcon_core.package_identification:Package 'src/erl1' with type 'ros.ament_cmake' and name 'erl1'
[0.612s] Level 1:colcon.colcon_core.package_identification:_identify(src/erl1_sensors) by extensions ['ignore', 'ignore_ament_install']
[0.612s] Level 1:colcon.colcon_core.package_identification:_identify(src/erl1_sensors) by extension 'ignore'
[0.612s] Level 1:colcon.colcon_core.package_identification:_identify(src/erl1_sensors) by extension 'ignore_ament_install'
[0.613s] Level 1:colcon.colcon_core.package_identification:_identify(src/erl1_sensors) by extensions ['colcon_pkg']
[0.613s] Level 1:colcon.colcon_core.package_identification:_identify(src/erl1_sensors) by extension 'colcon_pkg'
[0.613s] Level 1:colcon.colcon_core.package_identification:_identify(src/erl1_sensors) by extensions ['colcon_meta']
[0.613s] Level 1:colcon.colcon_core.package_identification:_identify(src/erl1_sensors) by extension 'colcon_meta'
[0.613s] Level 1:colcon.colcon_core.package_identification:_identify(src/erl1_sensors) by extensions ['ros']
[0.613s] Level 1:colcon.colcon_core.package_identification:_identify(src/erl1_sensors) by extension 'ros'
[0.613s] Level 1:colcon.colcon_core.package_identification:_identify(src/erl1_sensors) by extensions ['cmake', 'python']
[0.614s] Level 1:colcon.colcon_core.package_identification:_identify(src/erl1_sensors) by extension 'cmake'
[0.614s] Level 1:colcon.colcon_core.package_identification:_identify(src/erl1_sensors) by extension 'python'
[0.614s] Level 1:colcon.colcon_core.package_identification:_identify(src/erl1_sensors) by extensions ['python_setup_py']
[0.614s] Level 1:colcon.colcon_core.package_identification:_identify(src/erl1_sensors) by extension 'python_setup_py'
[0.614s] Level 1:colcon.colcon_core.package_identification:_identify(src/erl1_sensors/bme_gazebo_sensors) by extensions ['ignore', 'ignore_ament_install']
[0.614s] Level 1:colcon.colcon_core.package_identification:_identify(src/erl1_sensors/bme_gazebo_sensors) by extension 'ignore'
[0.614s] Level 1:colcon.colcon_core.package_identification:_identify(src/erl1_sensors/bme_gazebo_sensors) by extension 'ignore_ament_install'
[0.614s] Level 1:colcon.colcon_core.package_identification:_identify(src/erl1_sensors/bme_gazebo_sensors) by extensions ['colcon_pkg']
[0.614s] Level 1:colcon.colcon_core.package_identification:_identify(src/erl1_sensors/bme_gazebo_sensors) by extension 'colcon_pkg'
[0.614s] Level 1:colcon.colcon_core.package_identification:_identify(src/erl1_sensors/bme_gazebo_sensors) by extensions ['colcon_meta']
[0.614s] Level 1:colcon.colcon_core.package_identification:_identify(src/erl1_sensors/bme_gazebo_sensors) by extension 'colcon_meta'
[0.614s] Level 1:colcon.colcon_core.package_identification:_identify(src/erl1_sensors/bme_gazebo_sensors) by extensions ['ros']
[0.614s] Level 1:colcon.colcon_core.package_identification:_identify(src/erl1_sensors/bme_gazebo_sensors) by extension 'ros'
[0.614s] DEBUG:colcon.colcon_core.package_identification:Package 'src/erl1_sensors/bme_gazebo_sensors' with type 'ros.ament_cmake' and name 'bme_gazebo_sensors'
[0.615s] Level 1:colcon.colcon_core.package_identification:_identify(src/mogi_trajectory_server) by extensions ['ignore', 'ignore_ament_install']
[0.615s] Level 1:colcon.colcon_core.package_identification:_identify(src/mogi_trajectory_server) by extension 'ignore'
[0.615s] Level 1:colcon.colcon_core.package_identification:_identify(src/mogi_trajectory_server) by extension 'ignore_ament_install'
[0.615s] Level 1:colcon.colcon_core.package_identification:_identify(src/mogi_trajectory_server) by extensions ['colcon_pkg']
[0.615s] Level 1:colcon.colcon_core.package_identification:_identify(src/mogi_trajectory_server) by extension 'colcon_pkg'
[0.615s] Level 1:colcon.colcon_core.package_identification:_identify(src/mogi_trajectory_server) by extensions ['colcon_meta']
[0.615s] Level 1:colcon.colcon_core.package_identification:_identify(src/mogi_trajectory_server) by extension 'colcon_meta'
[0.615s] Level 1:colcon.colcon_core.package_identification:_identify(src/mogi_trajectory_server) by extensions ['ros']
[0.615s] Level 1:colcon.colcon_core.package_identification:_identify(src/mogi_trajectory_server) by extension 'ros'
[0.617s] DEBUG:colcon.colcon_core.package_identification:Package 'src/mogi_trajectory_server' with type 'ros.ament_python' and name 'mogi_trajectory_server'
[0.617s] Level 1:colcon.colcon_core.package_identification:_identify(src/my_opencv) by extensions ['ignore', 'ignore_ament_install']
[0.617s] Level 1:colcon.colcon_core.package_identification:_identify(src/my_opencv) by extension 'ignore'
[0.617s] Level 1:colcon.colcon_core.package_identification:_identify(src/my_opencv) by extension 'ignore_ament_install'
[0.618s] Level 1:colcon.colcon_core.package_identification:_identify(src/my_opencv) by extensions ['colcon_pkg']
[0.618s] Level 1:colcon.colcon_core.package_identification:_identify(src/my_opencv) by extension 'colcon_pkg'
[0.618s] Level 1:colcon.colcon_core.package_identification:_identify(src/my_opencv) by extensions ['colcon_meta']
[0.618s] Level 1:colcon.colcon_core.package_identification:_identify(src/my_opencv) by extension 'colcon_meta'
[0.618s] Level 1:colcon.colcon_core.package_identification:_identify(src/my_opencv) by extensions ['ros']
[0.618s] Level 1:colcon.colcon_core.package_identification:_identify(src/my_opencv) by extension 'ros'
[0.618s] DEBUG:colcon.colcon_core.package_identification:Package 'src/my_opencv' with type 'ros.ament_cmake' and name 'my_opencv'
[0.618s] Level 1:colcon.colcon_core.package_identification:_identify(src/my_robot_bringup) by extensions ['ignore', 'ignore_ament_install']
[0.619s] Level 1:colcon.colcon_core.package_identification:_identify(src/my_robot_bringup) by extension 'ignore'
[0.619s] Level 1:colcon.colcon_core.package_identification:_identify(src/my_robot_bringup) by extension 'ignore_ament_install'
[0.619s] Level 1:colcon.colcon_core.package_identification:_identify(src/my_robot_bringup) by extensions ['colcon_pkg']
[0.619s] Level 1:colcon.colcon_core.package_identification:_identify(src/my_robot_bringup) by extension 'colcon_pkg'
[0.619s] Level 1:colcon.colcon_core.package_identification:_identify(src/my_robot_bringup) by extensions ['colcon_meta']
[0.619s] Level 1:colcon.colcon_core.package_identification:_identify(src/my_robot_bringup) by extension 'colcon_meta'
[0.619s] Level 1:colcon.colcon_core.package_identification:_identify(src/my_robot_bringup) by extensions ['ros']
[0.619s] Level 1:colcon.colcon_core.package_identification:_identify(src/my_robot_bringup) by extension 'ros'
[0.620s] DEBUG:colcon.colcon_core.package_identification:Package 'src/my_robot_bringup' with type 'ros.ament_cmake' and name 'my_robot_bringup'
[0.621s] Level 1:colcon.colcon_core.package_identification:_identify(src/my_robot_description) by extensions ['ignore', 'ignore_ament_install']
[0.621s] Level 1:colcon.colcon_core.package_identification:_identify(src/my_robot_description) by extension 'ignore'
[0.621s] Level 1:colcon.colcon_core.package_identification:_identify(src/my_robot_description) by extension 'ignore_ament_install'
[0.621s] Level 1:colcon.colcon_core.package_identification:_identify(src/my_robot_description) by extensions ['colcon_pkg']
[0.621s] Level 1:colcon.colcon_core.package_identification:_identify(src/my_robot_description) by extension 'colcon_pkg'
[0.621s] Level 1:colcon.colcon_core.package_identification:_identify(src/my_robot_description) by extensions ['colcon_meta']
[0.621s] Level 1:colcon.colcon_core.package_identification:_identify(src/my_robot_description) by extension 'colcon_meta'
[0.621s] Level 1:colcon.colcon_core.package_identification:_identify(src/my_robot_description) by extensions ['ros']
[0.621s] Level 1:colcon.colcon_core.package_identification:_identify(src/my_robot_description) by extension 'ros'
[0.623s] DEBUG:colcon.colcon_core.package_identification:Package 'src/my_robot_description' with type 'ros.ament_cmake' and name 'my_robot_description'
[0.623s] Level 1:colcon.colcon_core.package_identification:_identify(src/ros2_python_extension) by extensions ['ignore', 'ignore_ament_install']
[0.623s] Level 1:colcon.colcon_core.package_identification:_identify(src/ros2_python_extension) by extension 'ignore'
[0.623s] Level 1:colcon.colcon_core.package_identification:_identify(src/ros2_python_extension) by extension 'ignore_ament_install'
[0.623s] Level 1:colcon.colcon_core.package_identification:_identify(src/ros2_python_extension) by extensions ['colcon_pkg']
[0.623s] Level 1:colcon.colcon_core.package_identification:_identify(src/ros2_python_extension) by extension 'colcon_pkg'
[0.623s] Level 1:colcon.colcon_core.package_identification:_identify(src/ros2_python_extension) by extensions ['colcon_meta']
[0.623s] Level 1:colcon.colcon_core.package_identification:_identify(src/ros2_python_extension) by extension 'colcon_meta'
[0.623s] Level 1:colcon.colcon_core.package_identification:_identify(src/ros2_python_extension) by extensions ['ros']
[0.623s] Level 1:colcon.colcon_core.package_identification:_identify(src/ros2_python_extension) by extension 'ros'
[0.623s] Level 1:colcon.colcon_core.package_identification:_identify(src/ros2_python_extension) by extensions ['cmake', 'python']
[0.623s] Level 1:colcon.colcon_core.package_identification:_identify(src/ros2_python_extension) by extension 'cmake'
[0.623s] Level 1:colcon.colcon_core.package_identification:_identify(src/ros2_python_extension) by extension 'python'
[0.623s] Level 1:colcon.colcon_core.package_identification:_identify(src/ros2_python_extension) by extensions ['python_setup_py']
[0.623s] Level 1:colcon.colcon_core.package_identification:_identify(src/ros2_python_extension) by extension 'python_setup_py'
[0.623s] Level 1:colcon.colcon_core.package_identification:_identify(src/ros2_python_extension/ros2_python_extension) by extensions ['ignore', 'ignore_ament_install']
[0.623s] Level 1:colcon.colcon_core.package_identification:_identify(src/ros2_python_extension/ros2_python_extension) by extension 'ignore'
[0.623s] Level 1:colcon.colcon_core.package_identification:_identify(src/ros2_python_extension/ros2_python_extension) by extension 'ignore_ament_install'
[0.623s] Level 1:colcon.colcon_core.package_identification:_identify(src/ros2_python_extension/ros2_python_extension) by extensions ['colcon_pkg']
[0.624s] Level 1:colcon.colcon_core.package_identification:_identify(src/ros2_python_extension/ros2_python_extension) by extension 'colcon_pkg'
[0.624s] Level 1:colcon.colcon_core.package_identification:_identify(src/ros2_python_extension/ros2_python_extension) by extensions ['colcon_meta']
[0.624s] Level 1:colcon.colcon_core.package_identification:_identify(src/ros2_python_extension/ros2_python_extension) by extension 'colcon_meta'
[0.624s] Level 1:colcon.colcon_core.package_identification:_identify(src/ros2_python_extension/ros2_python_extension) by extensions ['ros']
[0.624s] Level 1:colcon.colcon_core.package_identification:_identify(src/ros2_python_extension/ros2_python_extension) by extension 'ros'
[0.625s] DEBUG:colcon.colcon_core.package_identification:Package 'src/ros2_python_extension/ros2_python_extension' with type 'ros.ament_cmake' and name 'ros2_python_extension'
[0.625s] Level 1:colcon.colcon_core.package_discovery:discover_packages(recursive) using defaults
[0.625s] Level 1:colcon.colcon_core.package_discovery:discover_packages(ignore) discover
[0.625s] Level 1:colcon.colcon_core.package_discovery:discover_packages(ignore) using defaults
[0.625s] Level 1:colcon.colcon_core.package_discovery:discover_packages(path) discover
[0.625s] Level 1:colcon.colcon_core.package_discovery:discover_packages(path) using defaults
[0.677s] Level 5:colcon.colcon_core.verb:set package 'bme_gazebo_sensors' build argument 'cmake_args' from command line to 'None'
[0.677s] Level 5:colcon.colcon_core.verb:set package 'bme_gazebo_sensors' build argument 'cmake_target' from command line to 'None'
[0.677s] Level 5:colcon.colcon_core.verb:set package 'bme_gazebo_sensors' build argument 'cmake_target_skip_unavailable' from command line to 'False'
[0.677s] Level 5:colcon.colcon_core.verb:set package 'bme_gazebo_sensors' build argument 'cmake_clean_cache' from command line to 'False'
[0.677s] Level 5:colcon.colcon_core.verb:set package 'bme_gazebo_sensors' build argument 'cmake_clean_first' from command line to 'False'
[0.678s] Level 5:colcon.colcon_core.verb:set package 'bme_gazebo_sensors' build argument 'cmake_force_configure' from command line to 'False'
[0.678s] Level 5:colcon.colcon_core.verb:set package 'bme_gazebo_sensors' build argument 'ament_cmake_args' from command line to 'None'
[0.678s] Level 5:colcon.colcon_core.verb:set package 'bme_gazebo_sensors' build argument 'catkin_cmake_args' from command line to 'None'
[0.678s] Level 5:colcon.colcon_core.verb:set package 'bme_gazebo_sensors' build argument 'catkin_skip_building_tests' from command line to 'False'
[0.678s] DEBUG:colcon.colcon_core.verb:Building package 'bme_gazebo_sensors' with the following arguments: {'ament_cmake_args': None, 'build_base': '/root/ros2_ws/build/bme_gazebo_sensors', 'catkin_cmake_args': None, 'catkin_skip_building_tests': False, 'cmake_args': None, 'cmake_clean_cache': False, 'cmake_clean_first': False, 'cmake_force_configure': False, 'cmake_target': None, 'cmake_target_skip_unavailable': False, 'install_base': '/root/ros2_ws/install/bme_gazebo_sensors', 'merge_install': False, 'path': '/root/ros2_ws/src/erl1_sensors/bme_gazebo_sensors', 'symlink_install': False, 'test_result_base': None}
[0.678s] Level 5:colcon.colcon_core.verb:set package 'erl1' build argument 'cmake_args' from command line to 'None'
[0.678s] Level 5:colcon.colcon_core.verb:set package 'erl1' build argument 'cmake_target' from command line to 'None'
[0.678s] Level 5:colcon.colcon_core.verb:set package 'erl1' build argument 'cmake_target_skip_unavailable' from command line to 'False'
[0.678s] Level 5:colcon.colcon_core.verb:set package 'erl1' build argument 'cmake_clean_cache' from command line to 'False'
[0.678s] Level 5:colcon.colcon_core.verb:set package 'erl1' build argument 'cmake_clean_first' from command line to 'False'
[0.678s] Level 5:colcon.colcon_core.verb:set package 'erl1' build argument 'cmake_force_configure' from command line to 'False'
[0.678s] Level 5:colcon.colcon_core.verb:set package 'erl1' build argument 'ament_cmake_args' from command line to 'None'
[0.678s] Level 5:colcon.colcon_core.verb:set package 'erl1' build argument 'catkin_cmake_args' from command line to 'None'
[0.678s] Level 5:colcon.colcon_core.verb:set package 'erl1' build argument 'catkin_skip_building_tests' from command line to 'False'
[0.678s] DEBUG:colcon.colcon_core.verb:Building package 'erl1' with the following arguments: {'ament_cmake_args': None, 'build_base': '/root/ros2_ws/build/erl1', 'catkin_cmake_args': None, 'catkin_skip_building_tests': False, 'cmake_args': None, 'cmake_clean_cache': False, 'cmake_clean_first': False, 'cmake_force_configure': False, 'cmake_target': None, 'cmake_target_skip_unavailable': False, 'install_base': '/root/ros2_ws/install/erl1', 'merge_install': False, 'path': '/root/ros2_ws/src/erl1', 'symlink_install': False, 'test_result_base': None}
[0.678s] Level 5:colcon.colcon_core.verb:set package 'mogi_trajectory_server' build argument 'cmake_args' from command line to 'None'
[0.678s] Level 5:colcon.colcon_core.verb:set package 'mogi_trajectory_server' build argument 'cmake_target' from command line to 'None'
[0.678s] Level 5:colcon.colcon_core.verb:set package 'mogi_trajectory_server' build argument 'cmake_target_skip_unavailable' from command line to 'False'
[0.678s] Level 5:colcon.colcon_core.verb:set package 'mogi_trajectory_server' build argument 'cmake_clean_cache' from command line to 'False'
[0.678s] Level 5:colcon.colcon_core.verb:set package 'mogi_trajectory_server' build argument 'cmake_clean_first' from command line to 'False'
[0.678s] Level 5:colcon.colcon_core.verb:set package 'mogi_trajectory_server' build argument 'cmake_force_configure' from command line to 'False'
[0.678s] Level 5:colcon.colcon_core.verb:set package 'mogi_trajectory_server' build argument 'ament_cmake_args' from command line to 'None'
[0.678s] Level 5:colcon.colcon_core.verb:set package 'mogi_trajectory_server' build argument 'catkin_cmake_args' from command line to 'None'
[0.678s] Level 5:colcon.colcon_core.verb:set package 'mogi_trajectory_server' build argument 'catkin_skip_building_tests' from command line to 'False'
[0.678s] DEBUG:colcon.colcon_core.verb:Building package 'mogi_trajectory_server' with the following arguments: {'ament_cmake_args': None, 'build_base': '/root/ros2_ws/build/mogi_trajectory_server', 'catkin_cmake_args': None, 'catkin_skip_building_tests': False, 'cmake_args': None, 'cmake_clean_cache': False, 'cmake_clean_first': False, 'cmake_force_configure': False, 'cmake_target': None, 'cmake_target_skip_unavailable': False, 'install_base': '/root/ros2_ws/install/mogi_trajectory_server', 'merge_install': False, 'path': '/root/ros2_ws/src/mogi_trajectory_server', 'symlink_install': False, 'test_result_base': None}
[0.679s] Level 5:colcon.colcon_core.verb:set package 'my_opencv' build argument 'cmake_args' from command line to 'None'
[0.679s] Level 5:colcon.colcon_core.verb:set package 'my_opencv' build argument 'cmake_target' from command line to 'None'
[0.679s] Level 5:colcon.colcon_core.verb:set package 'my_opencv' build argument 'cmake_target_skip_unavailable' from command line to 'False'
[0.679s] Level 5:colcon.colcon_core.verb:set package 'my_opencv' build argument 'cmake_clean_cache' from command line to 'False'
[0.679s] Level 5:colcon.colcon_core.verb:set package 'my_opencv' build argument 'cmake_clean_first' from command line to 'False'
[0.679s] Level 5:colcon.colcon_core.verb:set package 'my_opencv' build argument 'cmake_force_configure' from command line to 'False'
[0.679s] Level 5:colcon.colcon_core.verb:set package 'my_opencv' build argument 'ament_cmake_args' from command line to 'None'
[0.679s] Level 5:colcon.colcon_core.verb:set package 'my_opencv' build argument 'catkin_cmake_args' from command line to 'None'
[0.679s] Level 5:colcon.colcon_core.verb:set package 'my_opencv' build argument 'catkin_skip_building_tests' from command line to 'False'
[0.679s] DEBUG:colcon.colcon_core.verb:Building package 'my_opencv' with the following arguments: {'ament_cmake_args': None, 'build_base': '/root/ros2_ws/build/my_opencv', 'catkin_cmake_args': None, 'catkin_skip_building_tests': False, 'cmake_args': None, 'cmake_clean_cache': False, 'cmake_clean_first': False, 'cmake_force_configure': False, 'cmake_target': None, 'cmake_target_skip_unavailable': False, 'install_base': '/root/ros2_ws/install/my_opencv', 'merge_install': False, 'path': '/root/ros2_ws/src/my_opencv', 'symlink_install': False, 'test_result_base': None}
[0.679s] Level 5:colcon.colcon_core.verb:set package 'my_robot_bringup' build argument 'cmake_args' from command line to 'None'
[0.679s] Level 5:colcon.colcon_core.verb:set package 'my_robot_bringup' build argument 'cmake_target' from command line to 'None'
[0.679s] Level 5:colcon.colcon_core.verb:set package 'my_robot_bringup' build argument 'cmake_target_skip_unavailable' from command line to 'False'
[0.679s] Level 5:colcon.colcon_core.verb:set package 'my_robot_bringup' build argument 'cmake_clean_cache' from command line to 'False'
[0.679s] Level 5:colcon.colcon_core.verb:set package 'my_robot_bringup' build argument 'cmake_clean_first' from command line to 'False'
[0.679s] Level 5:colcon.colcon_core.verb:set package 'my_robot_bringup' build argument 'cmake_force_configure' from command line to 'False'
[0.679s] Level 5:colcon.colcon_core.verb:set package 'my_robot_bringup' build argument 'ament_cmake_args' from command line to 'None'
[0.679s] Level 5:colcon.colcon_core.verb:set package 'my_robot_bringup' build argument 'catkin_cmake_args' from command line to 'None'
[0.679s] Level 5:colcon.colcon_core.verb:set package 'my_robot_bringup' build argument 'catkin_skip_building_tests' from command line to 'False'
[0.679s] DEBUG:colcon.colcon_core.verb:Building package 'my_robot_bringup' with the following arguments: {'ament_cmake_args': None, 'build_base': '/root/ros2_ws/build/my_robot_bringup', 'catkin_cmake_args': None, 'catkin_skip_building_tests': False, 'cmake_args': None, 'cmake_clean_cache': False, 'cmake_clean_first': False, 'cmake_force_configure': False, 'cmake_target': None, 'cmake_target_skip_unavailable': False, 'install_base': '/root/ros2_ws/install/my_robot_bringup', 'merge_install': False, 'path': '/root/ros2_ws/src/my_robot_bringup', 'symlink_install': False, 'test_result_base': None}
[0.679s] Level 5:colcon.colcon_core.verb:set package 'my_robot_description' build argument 'cmake_args' from command line to 'None'
[0.679s] Level 5:colcon.colcon_core.verb:set package 'my_robot_description' build argument 'cmake_target' from command line to 'None'
[0.679s] Level 5:colcon.colcon_core.verb:set package 'my_robot_description' build argument 'cmake_target_skip_unavailable' from command line to 'False'
[0.679s] Level 5:colcon.colcon_core.verb:set package 'my_robot_description' build argument 'cmake_clean_cache' from command line to 'False'
[0.679s] Level 5:colcon.colcon_core.verb:set package 'my_robot_description' build argument 'cmake_clean_first' from command line to 'False'
[0.679s] Level 5:colcon.colcon_core.verb:set package 'my_robot_description' build argument 'cmake_force_configure' from command line to 'False'
[0.679s] Level 5:colcon.colcon_core.verb:set package 'my_robot_description' build argument 'ament_cmake_args' from command line to 'None'
[0.679s] Level 5:colcon.colcon_core.verb:set package 'my_robot_description' build argument 'catkin_cmake_args' from command line to 'None'
[0.679s] Level 5:colcon.colcon_core.verb:set package 'my_robot_description' build argument 'catkin_skip_building_tests' from command line to 'False'
[0.679s] DEBUG:colcon.colcon_core.verb:Building package 'my_robot_description' with the following arguments: {'ament_cmake_args': None, 'build_base': '/root/ros2_ws/build/my_robot_description', 'catkin_cmake_args': None, 'catkin_skip_building_tests': False, 'cmake_args': None, 'cmake_clean_cache': False, 'cmake_clean_first': False, 'cmake_force_configure': False, 'cmake_target': None, 'cmake_target_skip_unavailable': False, 'install_base': '/root/ros2_ws/install/my_robot_description', 'merge_install': False, 'path': '/root/ros2_ws/src/my_robot_description', 'symlink_install': False, 'test_result_base': None}
[0.680s] Level 5:colcon.colcon_core.verb:set package 'ros2_python_extension' build argument 'cmake_args' from command line to 'None'
[0.680s] Level 5:colcon.colcon_core.verb:set package 'ros2_python_extension' build argument 'cmake_target' from command line to 'None'
[0.680s] Level 5:colcon.colcon_core.verb:set package 'ros2_python_extension' build argument 'cmake_target_skip_unavailable' from command line to 'False'
[0.680s] Level 5:colcon.colcon_core.verb:set package 'ros2_python_extension' build argument 'cmake_clean_cache' from command line to 'False'
[0.680s] Level 5:colcon.colcon_core.verb:set package 'ros2_python_extension' build argument 'cmake_clean_first' from command line to 'False'
[0.680s] Level 5:colcon.colcon_core.verb:set package 'ros2_python_extension' build argument 'cmake_force_configure' from command line to 'False'
[0.680s] Level 5:colcon.colcon_core.verb:set package 'ros2_python_extension' build argument 'ament_cmake_args' from command line to 'None'
[0.680s] Level 5:colcon.colcon_core.verb:set package 'ros2_python_extension' build argument 'catkin_cmake_args' from command line to 'None'
[0.680s] Level 5:colcon.colcon_core.verb:set package 'ros2_python_extension' build argument 'catkin_skip_building_tests' from command line to 'False'
[0.680s] DEBUG:colcon.colcon_core.verb:Building package 'ros2_python_extension' with the following arguments: {'ament_cmake_args': None, 'build_base': '/root/ros2_ws/build/ros2_python_extension', 'catkin_cmake_args': None, 'catkin_skip_building_tests': False, 'cmake_args': None, 'cmake_clean_cache': False, 'cmake_clean_first': False, 'cmake_force_configure': False, 'cmake_target': None, 'cmake_target_skip_unavailable': False, 'install_base': '/root/ros2_ws/install/ros2_python_extension', 'merge_install': False, 'path': '/root/ros2_ws/src/ros2_python_extension/ros2_python_extension', 'symlink_install': False, 'test_result_base': None}
[0.680s] Level 5:colcon.colcon_core.verb:set package 'bitbots_tf_buffer' build argument 'cmake_args' from command line to 'None'
[0.680s] Level 5:colcon.colcon_core.verb:set package 'bitbots_tf_buffer' build argument 'cmake_target' from command line to 'None'
[0.680s] Level 5:colcon.colcon_core.verb:set package 'bitbots_tf_buffer' build argument 'cmake_target_skip_unavailable' from command line to 'False'
[0.680s] Level 5:colcon.colcon_core.verb:set package 'bitbots_tf_buffer' build argument 'cmake_clean_cache' from command line to 'False'
[0.680s] Level 5:colcon.colcon_core.verb:set package 'bitbots_tf_buffer' build argument 'cmake_clean_first' from command line to 'False'
[0.680s] Level 5:colcon.colcon_core.verb:set package 'bitbots_tf_buffer' build argument 'cmake_force_configure' from command line to 'False'
[0.680s] Level 5:colcon.colcon_core.verb:set package 'bitbots_tf_buffer' build argument 'ament_cmake_args' from command line to 'None'
[0.680s] Level 5:colcon.colcon_core.verb:set package 'bitbots_tf_buffer' build argument 'catkin_cmake_args' from command line to 'None'
[0.680s] Level 5:colcon.colcon_core.verb:set package 'bitbots_tf_buffer' build argument 'catkin_skip_building_tests' from command line to 'False'
[0.680s] DEBUG:colcon.colcon_core.verb:Building package 'bitbots_tf_buffer' with the following arguments: {'ament_cmake_args': None, 'build_base': '/root/ros2_ws/build/bitbots_tf_buffer', 'catkin_cmake_args': None, 'catkin_skip_building_tests': False, 'cmake_args': None, 'cmake_clean_cache': False, 'cmake_clean_first': False, 'cmake_force_configure': False, 'cmake_target': None, 'cmake_target_skip_unavailable': False, 'install_base': '/root/ros2_ws/install/bitbots_tf_buffer', 'merge_install': False, 'path': '/root/ros2_ws/src/bitbots_tf_buffer', 'symlink_install': False, 'test_result_base': None}
[0.680s] INFO:colcon.colcon_core.executor:Executing jobs using 'parallel' executor
[0.681s] DEBUG:colcon.colcon_parallel_executor.executor.parallel:run_until_complete
[0.682s] INFO:colcon.colcon_ros.task.ament_cmake.build:Building ROS package in '/root/ros2_ws/src/ros2_python_extension/ros2_python_extension' with build type 'ament_cmake'
[0.682s] INFO:colcon.colcon_cmake.task.cmake.build:Building CMake package in '/root/ros2_ws/src/ros2_python_extension/ros2_python_extension'
[0.696s] INFO:colcon.colcon_core.plugin_system:Skipping extension 'colcon_core.shell.bat': Not used on non-Windows systems
[0.696s] INFO:colcon.colcon_core.shell:Skip shell extension 'powershell' for command environment: Not usable outside of PowerShell
[0.696s] DEBUG:colcon.colcon_core.shell:Skip shell extension 'dsv' for command environment
[0.730s] INFO:colcon.colcon_ros.task.ament_cmake.build:Building ROS package in '/root/ros2_ws/src/erl1_sensors/bme_gazebo_sensors' with build type 'ament_cmake'
[0.731s] INFO:colcon.colcon_cmake.task.cmake.build:Building CMake package in '/root/ros2_ws/src/erl1_sensors/bme_gazebo_sensors'
[0.731s] INFO:colcon.colcon_core.shell:Skip shell extension 'powershell' for command environment: Not usable outside of PowerShell
[0.731s] DEBUG:colcon.colcon_core.shell:Skip shell extension 'dsv' for command environment
[0.735s] INFO:colcon.colcon_ros.task.ament_cmake.build:Building ROS package in '/root/ros2_ws/src/erl1' with build type 'ament_cmake'
[0.735s] INFO:colcon.colcon_cmake.task.cmake.build:Building CMake package in '/root/ros2_ws/src/erl1'
[0.735s] INFO:colcon.colcon_core.shell:Skip shell extension 'powershell' for command environment: Not usable outside of PowerShell
[0.735s] DEBUG:colcon.colcon_core.shell:Skip shell extension 'dsv' for command environment
[0.739s] INFO:colcon.colcon_ros.task.ament_python.build:Building ROS package in '/root/ros2_ws/src/mogi_trajectory_server' with build type 'ament_python'
[0.739s] Level 1:colcon.colcon_core.shell:create_environment_hook('mogi_trajectory_server', 'ament_prefix_path')
[0.739s] INFO:colcon.colcon_core.shell:Creating environment hook '/root/ros2_ws/install/mogi_trajectory_server/share/mogi_trajectory_server/hook/ament_prefix_path.ps1'
[0.741s] INFO:colcon.colcon_core.shell:Creating environment descriptor '/root/ros2_ws/install/mogi_trajectory_server/share/mogi_trajectory_server/hook/ament_prefix_path.dsv'
[0.743s] INFO:colcon.colcon_core.shell:Creating environment hook '/root/ros2_ws/install/mogi_trajectory_server/share/mogi_trajectory_server/hook/ament_prefix_path.sh'
[0.744s] INFO:colcon.colcon_core.shell:Skip shell extension 'powershell' for command environment: Not usable outside of PowerShell
[0.744s] DEBUG:colcon.colcon_core.shell:Skip shell extension 'dsv' for command environment
[0.748s] INFO:colcon.colcon_ros.task.ament_cmake.build:Building ROS package in '/root/ros2_ws/src/my_opencv' with build type 'ament_cmake'
[0.749s] INFO:colcon.colcon_cmake.task.cmake.build:Building CMake package in '/root/ros2_ws/src/my_opencv'
[0.749s] INFO:colcon.colcon_core.shell:Skip shell extension 'powershell' for command environment: Not usable outside of PowerShell
[0.749s] DEBUG:colcon.colcon_core.shell:Skip shell extension 'dsv' for command environment
[0.754s] INFO:colcon.colcon_ros.task.ament_cmake.build:Building ROS package in '/root/ros2_ws/src/my_robot_bringup' with build type 'ament_cmake'
[0.754s] INFO:colcon.colcon_cmake.task.cmake.build:Building CMake package in '/root/ros2_ws/src/my_robot_bringup'
[0.755s] INFO:colcon.colcon_core.shell:Skip shell extension 'powershell' for command environment: Not usable outside of PowerShell
[0.755s] DEBUG:colcon.colcon_core.shell:Skip shell extension 'dsv' for command environment
[0.762s] INFO:colcon.colcon_ros.task.ament_cmake.build:Building ROS package in '/root/ros2_ws/src/my_robot_description' with build type 'ament_cmake'
[0.763s] INFO:colcon.colcon_cmake.task.cmake.build:Building CMake package in '/root/ros2_ws/src/my_robot_description'
[0.763s] INFO:colcon.colcon_core.shell:Skip shell extension 'powershell' for command environment: Not usable outside of PowerShell
[0.763s] DEBUG:colcon.colcon_core.shell:Skip shell extension 'dsv' for command environment
[0.782s] DEBUG:colcon.colcon_core.event_handler.log_command:Invoking command in '/root/ros2_ws/build/ros2_python_extension': CMAKE_PREFIX_PATH=${CMAKE_PREFIX_PATH}:/opt/ros/jazzy /usr/bin/cmake --build /root/ros2_ws/build/ros2_python_extension -- -j8 -l8
[0.788s] DEBUG:colcon.colcon_core.event_handler.log_command:Invoking command in '/root/ros2_ws/build/bme_gazebo_sensors': CMAKE_PREFIX_PATH=${CMAKE_PREFIX_PATH}:/opt/ros/jazzy /usr/bin/cmake --build /root/ros2_ws/build/bme_gazebo_sensors -- -j8 -l8
[0.792s] DEBUG:colcon.colcon_core.event_handler.log_command:Invoking command in '/root/ros2_ws/build/erl1': CMAKE_PREFIX_PATH=${CMAKE_PREFIX_PATH}:/opt/ros/jazzy /usr/bin/cmake --build /root/ros2_ws/build/erl1 -- -j8 -l8
[1.098s] INFO:colcon.colcon_core.task.python.build:Building Python package in '/root/ros2_ws/src/mogi_trajectory_server'
[1.098s] INFO:colcon.colcon_core.shell:Skip shell extension 'powershell' for command environment: Not usable outside of PowerShell
[1.098s] DEBUG:colcon.colcon_core.shell:Skip shell extension 'dsv' for command environment
[1.113s] DEBUG:colcon.colcon_core.event_handler.log_command:Invoking command in '/root/ros2_ws/build/my_opencv': CMAKE_PREFIX_PATH=${CMAKE_PREFIX_PATH}:/opt/ros/jazzy /usr/bin/cmake /root/ros2_ws/src/my_opencv -DCMAKE_INSTALL_PREFIX=/root/ros2_ws/install/my_opencv
[1.122s] DEBUG:colcon.colcon_core.event_handler.log_command:Invoking command in '/root/ros2_ws/build/my_robot_bringup': CMAKE_PREFIX_PATH=${CMAKE_PREFIX_PATH}:/opt/ros/jazzy /usr/bin/cmake --build /root/ros2_ws/build/my_robot_bringup -- -j8 -l8
[1.132s] DEBUG:colcon.colcon_core.event_handler.log_command:Invoked command in '/root/ros2_ws/build/ros2_python_extension' returned '0': CMAKE_PREFIX_PATH=${CMAKE_PREFIX_PATH}:/opt/ros/jazzy /usr/bin/cmake --build /root/ros2_ws/build/ros2_python_extension -- -j8 -l8
[1.150s] DEBUG:colcon.colcon_core.event_handler.log_command:Invoking command in '/root/ros2_ws/build/ros2_python_extension': CMAKE_PREFIX_PATH=${CMAKE_PREFIX_PATH}:/opt/ros/jazzy /usr/bin/cmake --install /root/ros2_ws/build/ros2_python_extension
[1.151s] DEBUG:colcon.colcon_core.event_handler.log_command:Invoked command in '/root/ros2_ws/build/bme_gazebo_sensors' returned '0': CMAKE_PREFIX_PATH=${CMAKE_PREFIX_PATH}:/opt/ros/jazzy /usr/bin/cmake --build /root/ros2_ws/build/bme_gazebo_sensors -- -j8 -l8
[1.153s] DEBUG:colcon.colcon_core.event_handler.log_command:Invoking command in '/root/ros2_ws/build/bme_gazebo_sensors': CMAKE_PREFIX_PATH=${CMAKE_PREFIX_PATH}:/opt/ros/jazzy /usr/bin/cmake --install /root/ros2_ws/build/bme_gazebo_sensors
[1.153s] DEBUG:colcon.colcon_core.event_handler.log_command:Invoked command in '/root/ros2_ws/build/erl1' returned '0': CMAKE_PREFIX_PATH=${CMAKE_PREFIX_PATH}:/opt/ros/jazzy /usr/bin/cmake --build /root/ros2_ws/build/erl1 -- -j8 -l8
[1.156s] DEBUG:colcon.colcon_core.event_handler.log_command:Invoking command in '/root/ros2_ws/build/erl1': CMAKE_PREFIX_PATH=${CMAKE_PREFIX_PATH}:/opt/ros/jazzy /usr/bin/cmake --install /root/ros2_ws/build/erl1
[1.167s] DEBUG:colcon.colcon_core.event_handler.log_command:Invoking command in '/root/ros2_ws/build/my_robot_description': CMAKE_PREFIX_PATH=${CMAKE_PREFIX_PATH}:/opt/ros/jazzy /usr/bin/cmake --build /root/ros2_ws/build/my_robot_description -- -j8 -l8
[1.204s] Level 1:colcon.colcon_core.environment:create_environment_scripts_only(bme_gazebo_sensors)
[1.207s] DEBUG:colcon.colcon_core.event_handler.log_command:Invoked command in '/root/ros2_ws/build/bme_gazebo_sensors' returned '0': CMAKE_PREFIX_PATH=${CMAKE_PREFIX_PATH}:/opt/ros/jazzy /usr/bin/cmake --install /root/ros2_ws/build/bme_gazebo_sensors
[1.232s] Level 1:colcon.colcon_core.environment:checking '/root/ros2_ws/install/bme_gazebo_sensors' for CMake module files
[1.237s] Level 1:colcon.colcon_core.environment:checking '/root/ros2_ws/install/bme_gazebo_sensors' for CMake config files
[1.245s] Level 1:colcon.colcon_core.shell:create_environment_hook('bme_gazebo_sensors', 'cmake_prefix_path')
[1.245s] INFO:colcon.colcon_core.shell:Creating environment hook '/root/ros2_ws/install/bme_gazebo_sensors/share/bme_gazebo_sensors/hook/cmake_prefix_path.ps1'
[1.246s] INFO:colcon.colcon_core.shell:Creating environment descriptor '/root/ros2_ws/install/bme_gazebo_sensors/share/bme_gazebo_sensors/hook/cmake_prefix_path.dsv'
[1.246s] INFO:colcon.colcon_core.shell:Creating environment hook '/root/ros2_ws/install/bme_gazebo_sensors/share/bme_gazebo_sensors/hook/cmake_prefix_path.sh'
[1.248s] Level 1:colcon.colcon_core.environment:checking '/root/ros2_ws/install/bme_gazebo_sensors/bin'
[1.248s] Level 1:colcon.colcon_core.environment:checking '/root/ros2_ws/install/bme_gazebo_sensors/lib/pkgconfig/bme_gazebo_sensors.pc'
[1.249s] Level 1:colcon.colcon_core.environment:checking '/root/ros2_ws/install/bme_gazebo_sensors/lib/python3.12/site-packages'
[1.249s] Level 1:colcon.colcon_core.environment:checking '/root/ros2_ws/install/bme_gazebo_sensors/bin'
[1.249s] INFO:colcon.colcon_core.shell:Creating package script '/root/ros2_ws/install/bme_gazebo_sensors/share/bme_gazebo_sensors/package.ps1'
[1.252s] INFO:colcon.colcon_core.shell:Creating package descriptor '/root/ros2_ws/install/bme_gazebo_sensors/share/bme_gazebo_sensors/package.dsv'
[1.253s] INFO:colcon.colcon_core.shell:Creating package script '/root/ros2_ws/install/bme_gazebo_sensors/share/bme_gazebo_sensors/package.sh'
[1.254s] INFO:colcon.colcon_core.shell:Creating package script '/root/ros2_ws/install/bme_gazebo_sensors/share/bme_gazebo_sensors/package.bash'
[1.255s] INFO:colcon.colcon_core.shell:Creating package script '/root/ros2_ws/install/bme_gazebo_sensors/share/bme_gazebo_sensors/package.zsh'
[1.256s] Level 1:colcon.colcon_core.environment:create_file_with_runtime_dependencies(/root/ros2_ws/install/bme_gazebo_sensors/share/colcon-core/packages/bme_gazebo_sensors)
[1.257s] Level 1:colcon.colcon_core.environment:create_environment_scripts_only(bme_gazebo_sensors)
[1.257s] Level 1:colcon.colcon_core.environment:checking '/root/ros2_ws/install/bme_gazebo_sensors' for CMake module files
[1.258s] Level 1:colcon.colcon_core.environment:checking '/root/ros2_ws/install/bme_gazebo_sensors' for CMake config files
[1.258s] Level 1:colcon.colcon_core.shell:create_environment_hook('bme_gazebo_sensors', 'cmake_prefix_path')
[1.258s] INFO:colcon.colcon_core.shell:Creating environment hook '/root/ros2_ws/install/bme_gazebo_sensors/share/bme_gazebo_sensors/hook/cmake_prefix_path.ps1'
[1.259s] INFO:colcon.colcon_core.shell:Creating environment descriptor '/root/ros2_ws/install/bme_gazebo_sensors/share/bme_gazebo_sensors/hook/cmake_prefix_path.dsv'
[1.259s] INFO:colcon.colcon_core.shell:Creating environment hook '/root/ros2_ws/install/bme_gazebo_sensors/share/bme_gazebo_sensors/hook/cmake_prefix_path.sh'
[1.260s] Level 1:colcon.colcon_core.environment:checking '/root/ros2_ws/install/bme_gazebo_sensors/bin'
[1.260s] Level 1:colcon.colcon_core.environment:checking '/root/ros2_ws/install/bme_gazebo_sensors/lib/pkgconfig/bme_gazebo_sensors.pc'
[1.260s] Level 1:colcon.colcon_core.environment:checking '/root/ros2_ws/install/bme_gazebo_sensors/lib/python3.12/site-packages'
[1.260s] Level 1:colcon.colcon_core.environment:checking '/root/ros2_ws/install/bme_gazebo_sensors/bin'
[1.261s] INFO:colcon.colcon_core.shell:Creating package script '/root/ros2_ws/install/bme_gazebo_sensors/share/bme_gazebo_sensors/package.ps1'
[1.261s] INFO:colcon.colcon_core.shell:Creating package descriptor '/root/ros2_ws/install/bme_gazebo_sensors/share/bme_gazebo_sensors/package.dsv'
[1.262s] INFO:colcon.colcon_core.shell:Creating package script '/root/ros2_ws/install/bme_gazebo_sensors/share/bme_gazebo_sensors/package.sh'
[1.262s] INFO:colcon.colcon_core.shell:Creating package script '/root/ros2_ws/install/bme_gazebo_sensors/share/bme_gazebo_sensors/package.bash'
[1.262s] INFO:colcon.colcon_core.shell:Creating package script '/root/ros2_ws/install/bme_gazebo_sensors/share/bme_gazebo_sensors/package.zsh'
[1.263s] Level 1:colcon.colcon_core.environment:create_file_with_runtime_dependencies(/root/ros2_ws/install/bme_gazebo_sensors/share/colcon-core/packages/bme_gazebo_sensors)
[1.263s] Level 1:colcon.colcon_core.environment:create_environment_scripts_only(ros2_python_extension)
[1.264s] Level 1:colcon.colcon_core.environment:checking '/root/ros2_ws/install/ros2_python_extension' for CMake module files
[1.266s] DEBUG:colcon.colcon_core.event_handler.log_command:Invoked command in '/root/ros2_ws/build/ros2_python_extension' returned '0': CMAKE_PREFIX_PATH=${CMAKE_PREFIX_PATH}:/opt/ros/jazzy /usr/bin/cmake --install /root/ros2_ws/build/ros2_python_extension
[1.267s] Level 1:colcon.colcon_core.environment:checking '/root/ros2_ws/install/ros2_python_extension' for CMake config files
[1.269s] Level 1:colcon.colcon_core.shell:create_environment_hook('ros2_python_extension', 'cmake_prefix_path')
[1.269s] INFO:colcon.colcon_core.shell:Creating environment hook '/root/ros2_ws/install/ros2_python_extension/share/ros2_python_extension/hook/cmake_prefix_path.ps1'
[1.269s] INFO:colcon.colcon_core.shell:Creating environment descriptor '/root/ros2_ws/install/ros2_python_extension/share/ros2_python_extension/hook/cmake_prefix_path.dsv'
[1.270s] INFO:colcon.colcon_core.shell:Creating environment hook '/root/ros2_ws/install/ros2_python_extension/share/ros2_python_extension/hook/cmake_prefix_path.sh'
[1.271s] Level 1:colcon.colcon_core.environment:checking '/root/ros2_ws/install/ros2_python_extension/bin'
[1.271s] Level 1:colcon.colcon_core.environment:checking '/root/ros2_ws/install/ros2_python_extension/lib/pkgconfig/ros2_python_extension.pc'
[1.271s] Level 1:colcon.colcon_core.environment:checking '/root/ros2_ws/install/ros2_python_extension/lib/python3.12/site-packages'
[1.271s] Level 1:colcon.colcon_core.environment:checking '/root/ros2_ws/install/ros2_python_extension/bin'
[1.272s] INFO:colcon.colcon_core.shell:Creating package script '/root/ros2_ws/install/ros2_python_extension/share/ros2_python_extension/package.ps1'
[1.272s] INFO:colcon.colcon_core.shell:Creating package descriptor '/root/ros2_ws/install/ros2_python_extension/share/ros2_python_extension/package.dsv'
[1.273s] INFO:colcon.colcon_core.shell:Creating package script '/root/ros2_ws/install/ros2_python_extension/share/ros2_python_extension/package.sh'
[1.273s] INFO:colcon.colcon_core.shell:Creating package script '/root/ros2_ws/install/ros2_python_extension/share/ros2_python_extension/package.bash'
[1.274s] INFO:colcon.colcon_core.shell:Creating package script '/root/ros2_ws/install/ros2_python_extension/share/ros2_python_extension/package.zsh'
[1.274s] Level 1:colcon.colcon_core.environment:create_file_with_runtime_dependencies(/root/ros2_ws/install/ros2_python_extension/share/colcon-core/packages/ros2_python_extension)
[1.275s] Level 1:colcon.colcon_core.environment:create_environment_scripts_only(ros2_python_extension)
[1.275s] Level 1:colcon.colcon_core.environment:checking '/root/ros2_ws/install/ros2_python_extension' for CMake module files
[1.275s] Level 1:colcon.colcon_core.environment:checking '/root/ros2_ws/install/ros2_python_extension' for CMake config files
[1.275s] Level 1:colcon.colcon_core.shell:create_environment_hook('ros2_python_extension', 'cmake_prefix_path')
[1.275s] INFO:colcon.colcon_core.shell:Creating environment hook '/root/ros2_ws/install/ros2_python_extension/share/ros2_python_extension/hook/cmake_prefix_path.ps1'
[1.276s] INFO:colcon.colcon_core.shell:Creating environment descriptor '/root/ros2_ws/install/ros2_python_extension/share/ros2_python_extension/hook/cmake_prefix_path.dsv'
[1.276s] INFO:colcon.colcon_core.shell:Creating environment hook '/root/ros2_ws/install/ros2_python_extension/share/ros2_python_extension/hook/cmake_prefix_path.sh'
[1.277s] Level 1:colcon.colcon_core.environment:checking '/root/ros2_ws/install/ros2_python_extension/bin'
[1.277s] Level 1:colcon.colcon_core.environment:checking '/root/ros2_ws/install/ros2_python_extension/lib/pkgconfig/ros2_python_extension.pc'
[1.277s] Level 1:colcon.colcon_core.environment:checking '/root/ros2_ws/install/ros2_python_extension/lib/python3.12/site-packages'
[1.277s] Level 1:colcon.colcon_core.environment:checking '/root/ros2_ws/install/ros2_python_extension/bin'
[1.277s] INFO:colcon.colcon_core.shell:Creating package script '/root/ros2_ws/install/ros2_python_extension/share/ros2_python_extension/package.ps1'
[1.278s] INFO:colcon.colcon_core.shell:Creating package descriptor '/root/ros2_ws/install/ros2_python_extension/share/ros2_python_extension/package.dsv'
[1.278s] INFO:colcon.colcon_core.shell:Creating package script '/root/ros2_ws/install/ros2_python_extension/share/ros2_python_extension/package.sh'
[1.279s] INFO:colcon.colcon_core.shell:Creating package script '/root/ros2_ws/install/ros2_python_extension/share/ros2_python_extension/package.bash'
[1.279s] INFO:colcon.colcon_core.shell:Creating package script '/root/ros2_ws/install/ros2_python_extension/share/ros2_python_extension/package.zsh'
[1.280s] Level 1:colcon.colcon_core.environment:create_file_with_runtime_dependencies(/root/ros2_ws/install/ros2_python_extension/share/colcon-core/packages/ros2_python_extension)
[1.281s] INFO:colcon.colcon_ros.task.ament_cmake.build:Building ROS package in '/root/ros2_ws/src/bitbots_tf_buffer' with build type 'ament_cmake'
[1.281s] INFO:colcon.colcon_cmake.task.cmake.build:Building CMake package in '/root/ros2_ws/src/bitbots_tf_buffer'
[1.281s] INFO:colcon.colcon_core.shell:Skip shell extension 'powershell' for command environment: Not usable outside of PowerShell
[1.281s] DEBUG:colcon.colcon_core.shell:Skip shell extension 'dsv' for command environment
[1.288s] Level 1:colcon.colcon_core.environment:create_environment_scripts_only(erl1)
[1.288s] Level 1:colcon.colcon_core.environment:checking '/root/ros2_ws/install/erl1' for CMake module files
[1.289s] DEBUG:colcon.colcon_core.event_handler.log_command:Invoked command in '/root/ros2_ws/build/erl1' returned '0': CMAKE_PREFIX_PATH=${CMAKE_PREFIX_PATH}:/opt/ros/jazzy /usr/bin/cmake --install /root/ros2_ws/build/erl1
[1.291s] Level 1:colcon.colcon_core.environment:checking '/root/ros2_ws/install/erl1' for CMake config files
[1.300s] Level 1:colcon.colcon_core.shell:create_environment_hook('erl1', 'cmake_prefix_path')
[1.300s] INFO:colcon.colcon_core.shell:Creating environment hook '/root/ros2_ws/install/erl1/share/erl1/hook/cmake_prefix_path.ps1'
[1.301s] INFO:colcon.colcon_core.shell:Creating environment descriptor '/root/ros2_ws/install/erl1/share/erl1/hook/cmake_prefix_path.dsv'
[1.301s] INFO:colcon.colcon_core.shell:Creating environment hook '/root/ros2_ws/install/erl1/share/erl1/hook/cmake_prefix_path.sh'
[1.302s] Level 1:colcon.colcon_core.environment:checking '/root/ros2_ws/install/erl1/bin'
[1.302s] Level 1:colcon.colcon_core.environment:checking '/root/ros2_ws/install/erl1/lib/pkgconfig/erl1.pc'
[1.302s] Level 1:colcon.colcon_core.environment:checking '/root/ros2_ws/install/erl1/lib/python3.12/site-packages'
[1.303s] Level 1:colcon.colcon_core.environment:checking '/root/ros2_ws/install/erl1/bin'
[1.303s] INFO:colcon.colcon_core.shell:Creating package script '/root/ros2_ws/install/erl1/share/erl1/package.ps1'
[1.303s] INFO:colcon.colcon_core.shell:Creating package descriptor '/root/ros2_ws/install/erl1/share/erl1/package.dsv'
[1.304s] INFO:colcon.colcon_core.shell:Creating package script '/root/ros2_ws/install/erl1/share/erl1/package.sh'
[1.305s] INFO:colcon.colcon_core.shell:Creating package script '/root/ros2_ws/install/erl1/share/erl1/package.bash'
[1.305s] INFO:colcon.colcon_core.shell:Creating package script '/root/ros2_ws/install/erl1/share/erl1/package.zsh'
[1.305s] Level 1:colcon.colcon_core.environment:create_file_with_runtime_dependencies(/root/ros2_ws/install/erl1/share/colcon-core/packages/erl1)
[1.306s] Level 1:colcon.colcon_core.environment:create_environment_scripts_only(erl1)
[1.306s] Level 1:colcon.colcon_core.environment:checking '/root/ros2_ws/install/erl1' for CMake module files
[1.308s] Level 1:colcon.colcon_core.environment:checking '/root/ros2_ws/install/erl1' for CMake config files
[1.309s] Level 1:colcon.colcon_core.shell:create_environment_hook('erl1', 'cmake_prefix_path')
[1.309s] INFO:colcon.colcon_core.shell:Creating environment hook '/root/ros2_ws/install/erl1/share/erl1/hook/cmake_prefix_path.ps1'
[1.310s] INFO:colcon.colcon_core.shell:Creating environment descriptor '/root/ros2_ws/install/erl1/share/erl1/hook/cmake_prefix_path.dsv'
[1.311s] INFO:colcon.colcon_core.shell:Creating environment hook '/root/ros2_ws/install/erl1/share/erl1/hook/cmake_prefix_path.sh'
[1.312s] Level 1:colcon.colcon_core.environment:checking '/root/ros2_ws/install/erl1/bin'
[1.312s] Level 1:colcon.colcon_core.environment:checking '/root/ros2_ws/install/erl1/lib/pkgconfig/erl1.pc'
[1.312s] Level 1:colcon.colcon_core.environment:checking '/root/ros2_ws/install/erl1/lib/python3.12/site-packages'
[1.313s] Level 1:colcon.colcon_core.environment:checking '/root/ros2_ws/install/erl1/bin'
[1.313s] INFO:colcon.colcon_core.shell:Creating package script '/root/ros2_ws/install/erl1/share/erl1/package.ps1'
[1.315s] INFO:colcon.colcon_core.shell:Creating package descriptor '/root/ros2_ws/install/erl1/share/erl1/package.dsv'
[1.316s] INFO:colcon.colcon_core.shell:Creating package script '/root/ros2_ws/install/erl1/share/erl1/package.sh'
[1.316s] INFO:colcon.colcon_core.shell:Creating package script '/root/ros2_ws/install/erl1/share/erl1/package.bash'
[1.317s] INFO:colcon.colcon_core.shell:Creating package script '/root/ros2_ws/install/erl1/share/erl1/package.zsh'
[1.317s] Level 1:colcon.colcon_core.environment:create_file_with_runtime_dependencies(/root/ros2_ws/install/erl1/share/colcon-core/packages/erl1)
[1.328s] DEBUG:colcon.colcon_core.event_handler.log_command:Invoking command in '/root/ros2_ws/build/bitbots_tf_buffer': AMENT_PREFIX_PATH=/root/ros2_ws/install/ros2_python_extension:${AMENT_PREFIX_PATH} CMAKE_PREFIX_PATH=/root/ros2_ws/install/ros2_python_extension:/opt/ros/jazzy/opt/gz_launch_vendor:/opt/ros/jazzy/opt/gz_sim_vendor:/opt/ros/jazzy/opt/gz_sensors_vendor:/opt/ros/jazzy/opt/gz_physics_vendor:/opt/ros/jazzy/opt/sdformat_vendor:/opt/ros/jazzy/opt/gz_gui_vendor:/opt/ros/jazzy/opt/gz_transport_vendor:/opt/ros/jazzy/opt/gz_rendering_vendor:/opt/ros/jazzy/opt/gz_plugin_vendor:/opt/ros/jazzy/opt/gz_fuel_tools_vendor:/opt/ros/jazzy/opt/gz_msgs_vendor:/opt/ros/jazzy/opt/gz_common_vendor:/opt/ros/jazzy/opt/gz_math_vendor:/opt/ros/jazzy/opt/gz_utils_vendor:/opt/ros/jazzy/opt/gz_tools_vendor:/opt/ros/jazzy/opt/gz_ogre_next_vendor:/opt/ros/jazzy/opt/gz_dartsim_vendor:/opt/ros/jazzy/opt/gz_cmake_vendor:/opt/ros/jazzy /usr/bin/cmake --build /root/ros2_ws/build/bitbots_tf_buffer -- -j8 -l8
[1.328s] DEBUG:colcon.colcon_core.event_handler.log_command:Invoked command in '/root/ros2_ws/build/my_robot_bringup' returned '0': CMAKE_PREFIX_PATH=${CMAKE_PREFIX_PATH}:/opt/ros/jazzy /usr/bin/cmake --build /root/ros2_ws/build/my_robot_bringup -- -j8 -l8
[1.334s] DEBUG:colcon.colcon_core.event_handler.log_command:Invoking command in '/root/ros2_ws/build/my_robot_bringup': CMAKE_PREFIX_PATH=${CMAKE_PREFIX_PATH}:/opt/ros/jazzy /usr/bin/cmake --install /root/ros2_ws/build/my_robot_bringup
[1.337s] DEBUG:colcon.colcon_core.event_handler.log_command:Invoked command in '/root/ros2_ws/build/my_robot_description' returned '0': CMAKE_PREFIX_PATH=${CMAKE_PREFIX_PATH}:/opt/ros/jazzy /usr/bin/cmake --build /root/ros2_ws/build/my_robot_description -- -j8 -l8
[1.344s] DEBUG:colcon.colcon_core.event_handler.log_command:Invoking command in '/root/ros2_ws/build/my_robot_description': CMAKE_PREFIX_PATH=${CMAKE_PREFIX_PATH}:/opt/ros/jazzy /usr/bin/cmake --install /root/ros2_ws/build/my_robot_description
[1.368s] Level 1:colcon.colcon_core.environment:create_environment_scripts_only(my_robot_bringup)
[1.368s] Level 1:colcon.colcon_core.environment:checking '/root/ros2_ws/install/my_robot_bringup' for CMake module files
[1.369s] DEBUG:colcon.colcon_core.event_handler.log_command:Invoked command in '/root/ros2_ws/build/my_robot_bringup' returned '0': CMAKE_PREFIX_PATH=${CMAKE_PREFIX_PATH}:/opt/ros/jazzy /usr/bin/cmake --install /root/ros2_ws/build/my_robot_bringup
[1.379s] Level 1:colcon.colcon_core.environment:checking '/root/ros2_ws/install/my_robot_bringup' for CMake config files
[1.383s] Level 1:colcon.colcon_core.shell:create_environment_hook('my_robot_bringup', 'cmake_prefix_path')
[1.383s] INFO:colcon.colcon_core.shell:Creating environment hook '/root/ros2_ws/install/my_robot_bringup/share/my_robot_bringup/hook/cmake_prefix_path.ps1'
[1.384s] INFO:colcon.colcon_core.shell:Creating environment descriptor '/root/ros2_ws/install/my_robot_bringup/share/my_robot_bringup/hook/cmake_prefix_path.dsv'
[1.385s] INFO:colcon.colcon_core.shell:Creating environment hook '/root/ros2_ws/install/my_robot_bringup/share/my_robot_bringup/hook/cmake_prefix_path.sh'
[1.385s] Level 1:colcon.colcon_core.environment:checking '/root/ros2_ws/install/my_robot_bringup/bin'
[1.385s] Level 1:colcon.colcon_core.environment:checking '/root/ros2_ws/install/my_robot_bringup/lib/pkgconfig/my_robot_bringup.pc'
[1.386s] Level 1:colcon.colcon_core.environment:checking '/root/ros2_ws/install/my_robot_bringup/lib/python3.12/site-packages'
[1.386s] Level 1:colcon.colcon_core.environment:checking '/root/ros2_ws/install/my_robot_bringup/bin'
[1.386s] INFO:colcon.colcon_core.shell:Creating package script '/root/ros2_ws/install/my_robot_bringup/share/my_robot_bringup/package.ps1'
[1.387s] INFO:colcon.colcon_core.shell:Creating package descriptor '/root/ros2_ws/install/my_robot_bringup/share/my_robot_bringup/package.dsv'
[1.388s] INFO:colcon.colcon_core.shell:Creating package script '/root/ros2_ws/install/my_robot_bringup/share/my_robot_bringup/package.sh'
[1.389s] INFO:colcon.colcon_core.shell:Creating package script '/root/ros2_ws/install/my_robot_bringup/share/my_robot_bringup/package.bash'
[1.389s] INFO:colcon.colcon_core.shell:Creating package script '/root/ros2_ws/install/my_robot_bringup/share/my_robot_bringup/package.zsh'
[1.390s] Level 1:colcon.colcon_core.environment:create_file_with_runtime_dependencies(/root/ros2_ws/install/my_robot_bringup/share/colcon-core/packages/my_robot_bringup)
[1.391s] Level 1:colcon.colcon_core.environment:create_environment_scripts_only(my_robot_bringup)
[1.391s] Level 1:colcon.colcon_core.environment:checking '/root/ros2_ws/install/my_robot_bringup' for CMake module files
[1.392s] Level 1:colcon.colcon_core.environment:checking '/root/ros2_ws/install/my_robot_bringup' for CMake config files
[1.392s] Level 1:colcon.colcon_core.shell:create_environment_hook('my_robot_bringup', 'cmake_prefix_path')
[1.392s] INFO:colcon.colcon_core.shell:Creating environment hook '/root/ros2_ws/install/my_robot_bringup/share/my_robot_bringup/hook/cmake_prefix_path.ps1'
[1.393s] INFO:colcon.colcon_core.shell:Creating environment descriptor '/root/ros2_ws/install/my_robot_bringup/share/my_robot_bringup/hook/cmake_prefix_path.dsv'
[1.393s] INFO:colcon.colcon_core.shell:Creating environment hook '/root/ros2_ws/install/my_robot_bringup/share/my_robot_bringup/hook/cmake_prefix_path.sh'
[1.395s] Level 1:colcon.colcon_core.environment:checking '/root/ros2_ws/install/my_robot_bringup/bin'
[1.395s] Level 1:colcon.colcon_core.environment:checking '/root/ros2_ws/install/my_robot_bringup/lib/pkgconfig/my_robot_bringup.pc'
[1.395s] Level 1:colcon.colcon_core.environment:checking '/root/ros2_ws/install/my_robot_bringup/lib/python3.12/site-packages'
[1.396s] Level 1:colcon.colcon_core.environment:checking '/root/ros2_ws/install/my_robot_bringup/bin'
[1.396s] INFO:colcon.colcon_core.shell:Creating package script '/root/ros2_ws/install/my_robot_bringup/share/my_robot_bringup/package.ps1'
[1.397s] INFO:colcon.colcon_core.shell:Creating package descriptor '/root/ros2_ws/install/my_robot_bringup/share/my_robot_bringup/package.dsv'
[1.398s] INFO:colcon.colcon_core.shell:Creating package script '/root/ros2_ws/install/my_robot_bringup/share/my_robot_bringup/package.sh'
[1.399s] INFO:colcon.colcon_core.shell:Creating package script '/root/ros2_ws/install/my_robot_bringup/share/my_robot_bringup/package.bash'
[1.400s] INFO:colcon.colcon_core.shell:Creating package script '/root/ros2_ws/install/my_robot_bringup/share/my_robot_bringup/package.zsh'
[1.400s] Level 1:colcon.colcon_core.environment:create_file_with_runtime_dependencies(/root/ros2_ws/install/my_robot_bringup/share/colcon-core/packages/my_robot_bringup)
[1.402s] Level 1:colcon.colcon_core.environment:create_environment_scripts_only(my_robot_description)
[1.402s] Level 1:colcon.colcon_core.environment:checking '/root/ros2_ws/install/my_robot_description' for CMake module files
[1.403s] DEBUG:colcon.colcon_core.event_handler.log_command:Invoked command in '/root/ros2_ws/build/my_robot_description' returned '0': CMAKE_PREFIX_PATH=${CMAKE_PREFIX_PATH}:/opt/ros/jazzy /usr/bin/cmake --install /root/ros2_ws/build/my_robot_description
[1.405s] Level 1:colcon.colcon_core.environment:checking '/root/ros2_ws/install/my_robot_description' for CMake config files
[1.418s] Level 1:colcon.colcon_core.shell:create_environment_hook('my_robot_description', 'cmake_prefix_path')
[1.419s] INFO:colcon.colcon_core.shell:Creating environment hook '/root/ros2_ws/install/my_robot_description/share/my_robot_description/hook/cmake_prefix_path.ps1'
[1.419s] INFO:colcon.colcon_core.shell:Creating environment descriptor '/root/ros2_ws/install/my_robot_description/share/my_robot_description/hook/cmake_prefix_path.dsv'
[1.420s] INFO:colcon.colcon_core.shell:Creating environment hook '/root/ros2_ws/install/my_robot_description/share/my_robot_description/hook/cmake_prefix_path.sh'
[1.420s] Level 1:colcon.colcon_core.environment:checking '/root/ros2_ws/install/my_robot_description/bin'
[1.421s] Level 1:colcon.colcon_core.environment:checking '/root/ros2_ws/install/my_robot_description/lib/pkgconfig/my_robot_description.pc'
[1.421s] Level 1:colcon.colcon_core.environment:checking '/root/ros2_ws/install/my_robot_description/lib/python3.12/site-packages'
[1.421s] Level 1:colcon.colcon_core.environment:checking '/root/ros2_ws/install/my_robot_description/bin'
[1.421s] INFO:colcon.colcon_core.shell:Creating package script '/root/ros2_ws/install/my_robot_description/share/my_robot_description/package.ps1'
[1.422s] INFO:colcon.colcon_core.shell:Creating package descriptor '/root/ros2_ws/install/my_robot_description/share/my_robot_description/package.dsv'
[1.422s] INFO:colcon.colcon_core.shell:Creating package script '/root/ros2_ws/install/my_robot_description/share/my_robot_description/package.sh'
[1.424s] INFO:colcon.colcon_core.shell:Creating package script '/root/ros2_ws/install/my_robot_description/share/my_robot_description/package.bash'
[1.425s] INFO:colcon.colcon_core.shell:Creating package script '/root/ros2_ws/install/my_robot_description/share/my_robot_description/package.zsh'
[1.432s] Level 1:colcon.colcon_core.environment:create_file_with_runtime_dependencies(/root/ros2_ws/install/my_robot_description/share/colcon-core/packages/my_robot_description)
[1.433s] Level 1:colcon.colcon_core.environment:create_environment_scripts_only(my_robot_description)
[1.433s] Level 1:colcon.colcon_core.environment:checking '/root/ros2_ws/install/my_robot_description' for CMake module files
[1.433s] Level 1:colcon.colcon_core.environment:checking '/root/ros2_ws/install/my_robot_description' for CMake config files
[1.434s] Level 1:colcon.colcon_core.shell:create_environment_hook('my_robot_description', 'cmake_prefix_path')
[1.434s] INFO:colcon.colcon_core.shell:Creating environment hook '/root/ros2_ws/install/my_robot_description/share/my_robot_description/hook/cmake_prefix_path.ps1'
[1.435s] INFO:colcon.colcon_core.shell:Creating environment descriptor '/root/ros2_ws/install/my_robot_description/share/my_robot_description/hook/cmake_prefix_path.dsv'
[1.435s] INFO:colcon.colcon_core.shell:Creating environment hook '/root/ros2_ws/install/my_robot_description/share/my_robot_description/hook/cmake_prefix_path.sh'
[1.436s] Level 1:colcon.colcon_core.environment:checking '/root/ros2_ws/install/my_robot_description/bin'
[1.436s] Level 1:colcon.colcon_core.environment:checking '/root/ros2_ws/install/my_robot_description/lib/pkgconfig/my_robot_description.pc'
[1.437s] Level 1:colcon.colcon_core.environment:checking '/root/ros2_ws/install/my_robot_description/lib/python3.12/site-packages'
[1.437s] Level 1:colcon.colcon_core.environment:checking '/root/ros2_ws/install/my_robot_description/bin'
[1.437s] INFO:colcon.colcon_core.shell:Creating package script '/root/ros2_ws/install/my_robot_description/share/my_robot_description/package.ps1'
[1.438s] INFO:colcon.colcon_core.shell:Creating package descriptor '/root/ros2_ws/install/my_robot_description/share/my_robot_description/package.dsv'
[1.438s] INFO:colcon.colcon_core.shell:Creating package script '/root/ros2_ws/install/my_robot_description/share/my_robot_description/package.sh'
[1.439s] INFO:colcon.colcon_core.shell:Creating package script '/root/ros2_ws/install/my_robot_description/share/my_robot_description/package.bash'
[1.439s] INFO:colcon.colcon_core.shell:Creating package script '/root/ros2_ws/install/my_robot_description/share/my_robot_description/package.zsh'
[1.440s] Level 1:colcon.colcon_core.environment:create_file_with_runtime_dependencies(/root/ros2_ws/install/my_robot_description/share/colcon-core/packages/my_robot_description)
[1.954s] DEBUG:colcon.colcon_core.event_handler.log_command:Invoked command in '/root/ros2_ws/build/bitbots_tf_buffer' returned '0': AMENT_PREFIX_PATH=/root/ros2_ws/install/ros2_python_extension:${AMENT_PREFIX_PATH} CMAKE_PREFIX_PATH=/root/ros2_ws/install/ros2_python_extension:/opt/ros/jazzy/opt/gz_launch_vendor:/opt/ros/jazzy/opt/gz_sim_vendor:/opt/ros/jazzy/opt/gz_sensors_vendor:/opt/ros/jazzy/opt/gz_physics_vendor:/opt/ros/jazzy/opt/sdformat_vendor:/opt/ros/jazzy/opt/gz_gui_vendor:/opt/ros/jazzy/opt/gz_transport_vendor:/opt/ros/jazzy/opt/gz_rendering_vendor:/opt/ros/jazzy/opt/gz_plugin_vendor:/opt/ros/jazzy/opt/gz_fuel_tools_vendor:/opt/ros/jazzy/opt/gz_msgs_vendor:/opt/ros/jazzy/opt/gz_common_vendor:/opt/ros/jazzy/opt/gz_math_vendor:/opt/ros/jazzy/opt/gz_utils_vendor:/opt/ros/jazzy/opt/gz_tools_vendor:/opt/ros/jazzy/opt/gz_ogre_next_vendor:/opt/ros/jazzy/opt/gz_dartsim_vendor:/opt/ros/jazzy/opt/gz_cmake_vendor:/opt/ros/jazzy /usr/bin/cmake --build /root/ros2_ws/build/bitbots_tf_buffer -- -j8 -l8
[1.957s] DEBUG:colcon.colcon_core.event_handler.log_command:Invoking command in '/root/ros2_ws/build/bitbots_tf_buffer': AMENT_PREFIX_PATH=/root/ros2_ws/install/ros2_python_extension:${AMENT_PREFIX_PATH} CMAKE_PREFIX_PATH=/root/ros2_ws/install/ros2_python_extension:/opt/ros/jazzy/opt/gz_launch_vendor:/opt/ros/jazzy/opt/gz_sim_vendor:/opt/ros/jazzy/opt/gz_sensors_vendor:/opt/ros/jazzy/opt/gz_physics_vendor:/opt/ros/jazzy/opt/sdformat_vendor:/opt/ros/jazzy/opt/gz_gui_vendor:/opt/ros/jazzy/opt/gz_transport_vendor:/opt/ros/jazzy/opt/gz_rendering_vendor:/opt/ros/jazzy/opt/gz_plugin_vendor:/opt/ros/jazzy/opt/gz_fuel_tools_vendor:/opt/ros/jazzy/opt/gz_msgs_vendor:/opt/ros/jazzy/opt/gz_common_vendor:/opt/ros/jazzy/opt/gz_math_vendor:/opt/ros/jazzy/opt/gz_utils_vendor:/opt/ros/jazzy/opt/gz_tools_vendor:/opt/ros/jazzy/opt/gz_ogre_next_vendor:/opt/ros/jazzy/opt/gz_dartsim_vendor:/opt/ros/jazzy/opt/gz_cmake_vendor:/opt/ros/jazzy /usr/bin/cmake --install /root/ros2_ws/build/bitbots_tf_buffer
[2.048s] Level 1:colcon.colcon_core.environment:create_environment_scripts_only(bitbots_tf_buffer)
[2.048s] Level 1:colcon.colcon_core.environment:checking '/root/ros2_ws/install/bitbots_tf_buffer' for CMake module files
[2.049s] DEBUG:colcon.colcon_core.event_handler.log_command:Invoked command in '/root/ros2_ws/build/bitbots_tf_buffer' returned '0': AMENT_PREFIX_PATH=/root/ros2_ws/install/ros2_python_extension:${AMENT_PREFIX_PATH} CMAKE_PREFIX_PATH=/root/ros2_ws/install/ros2_python_extension:/opt/ros/jazzy/opt/gz_launch_vendor:/opt/ros/jazzy/opt/gz_sim_vendor:/opt/ros/jazzy/opt/gz_sensors_vendor:/opt/ros/jazzy/opt/gz_physics_vendor:/opt/ros/jazzy/opt/sdformat_vendor:/opt/ros/jazzy/opt/gz_gui_vendor:/opt/ros/jazzy/opt/gz_transport_vendor:/opt/ros/jazzy/opt/gz_rendering_vendor:/opt/ros/jazzy/opt/gz_plugin_vendor:/opt/ros/jazzy/opt/gz_fuel_tools_vendor:/opt/ros/jazzy/opt/gz_msgs_vendor:/opt/ros/jazzy/opt/gz_common_vendor:/opt/ros/jazzy/opt/gz_math_vendor:/opt/ros/jazzy/opt/gz_utils_vendor:/opt/ros/jazzy/opt/gz_tools_vendor:/opt/ros/jazzy/opt/gz_ogre_next_vendor:/opt/ros/jazzy/opt/gz_dartsim_vendor:/opt/ros/jazzy/opt/gz_cmake_vendor:/opt/ros/jazzy /usr/bin/cmake --install /root/ros2_ws/build/bitbots_tf_buffer
[2.051s] Level 1:colcon.colcon_core.environment:checking '/root/ros2_ws/install/bitbots_tf_buffer' for CMake config files
[2.052s] Level 1:colcon.colcon_core.shell:create_environment_hook('bitbots_tf_buffer', 'cmake_prefix_path')
[2.053s] INFO:colcon.colcon_core.shell:Creating environment hook '/root/ros2_ws/install/bitbots_tf_buffer/share/bitbots_tf_buffer/hook/cmake_prefix_path.ps1'
[2.054s] INFO:colcon.colcon_core.shell:Creating environment descriptor '/root/ros2_ws/install/bitbots_tf_buffer/share/bitbots_tf_buffer/hook/cmake_prefix_path.dsv'
[2.054s] INFO:colcon.colcon_core.shell:Creating environment hook '/root/ros2_ws/install/bitbots_tf_buffer/share/bitbots_tf_buffer/hook/cmake_prefix_path.sh'
[2.055s] Level 1:colcon.colcon_core.environment:checking '/root/ros2_ws/install/bitbots_tf_buffer/lib'
[2.055s] Level 1:colcon.colcon_core.environment:checking '/root/ros2_ws/install/bitbots_tf_buffer/bin'
[2.055s] Level 1:colcon.colcon_core.environment:checking '/root/ros2_ws/install/bitbots_tf_buffer/lib/pkgconfig/bitbots_tf_buffer.pc'
[2.055s] Level 1:colcon.colcon_core.environment:checking '/root/ros2_ws/install/bitbots_tf_buffer/lib/python3.12/site-packages'
[2.055s] Level 1:colcon.colcon_core.shell:create_environment_hook('bitbots_tf_buffer', 'pythonpath')
[2.056s] INFO:colcon.colcon_core.shell:Creating environment hook '/root/ros2_ws/install/bitbots_tf_buffer/share/bitbots_tf_buffer/hook/pythonpath.ps1'
[2.056s] INFO:colcon.colcon_core.shell:Creating environment descriptor '/root/ros2_ws/install/bitbots_tf_buffer/share/bitbots_tf_buffer/hook/pythonpath.dsv'
[2.056s] INFO:colcon.colcon_core.shell:Creating environment hook '/root/ros2_ws/install/bitbots_tf_buffer/share/bitbots_tf_buffer/hook/pythonpath.sh'
[2.057s] Level 1:colcon.colcon_core.environment:checking '/root/ros2_ws/install/bitbots_tf_buffer/bin'
[2.057s] INFO:colcon.colcon_core.shell:Creating package script '/root/ros2_ws/install/bitbots_tf_buffer/share/bitbots_tf_buffer/package.ps1'
[2.058s] INFO:colcon.colcon_core.shell:Creating package descriptor '/root/ros2_ws/install/bitbots_tf_buffer/share/bitbots_tf_buffer/package.dsv'
[2.058s] INFO:colcon.colcon_core.shell:Creating package script '/root/ros2_ws/install/bitbots_tf_buffer/share/bitbots_tf_buffer/package.sh'
[2.059s] INFO:colcon.colcon_core.shell:Creating package script '/root/ros2_ws/install/bitbots_tf_buffer/share/bitbots_tf_buffer/package.bash'
[2.059s] INFO:colcon.colcon_core.shell:Creating package script '/root/ros2_ws/install/bitbots_tf_buffer/share/bitbots_tf_buffer/package.zsh'
[2.060s] Level 1:colcon.colcon_core.environment:create_file_with_runtime_dependencies(/root/ros2_ws/install/bitbots_tf_buffer/share/colcon-core/packages/bitbots_tf_buffer)
[2.060s] Level 1:colcon.colcon_core.environment:create_environment_scripts_only(bitbots_tf_buffer)
[2.060s] Level 1:colcon.colcon_core.environment:checking '/root/ros2_ws/install/bitbots_tf_buffer' for CMake module files
[2.061s] Level 1:colcon.colcon_core.environment:checking '/root/ros2_ws/install/bitbots_tf_buffer' for CMake config files
[2.061s] Level 1:colcon.colcon_core.shell:create_environment_hook('bitbots_tf_buffer', 'cmake_prefix_path')
[2.061s] INFO:colcon.colcon_core.shell:Creating environment hook '/root/ros2_ws/install/bitbots_tf_buffer/share/bitbots_tf_buffer/hook/cmake_prefix_path.ps1'
[2.062s] INFO:colcon.colcon_core.shell:Creating environment descriptor '/root/ros2_ws/install/bitbots_tf_buffer/share/bitbots_tf_buffer/hook/cmake_prefix_path.dsv'
[2.062s] INFO:colcon.colcon_core.shell:Creating environment hook '/root/ros2_ws/install/bitbots_tf_buffer/share/bitbots_tf_buffer/hook/cmake_prefix_path.sh'
[2.064s] Level 1:colcon.colcon_core.environment:checking '/root/ros2_ws/install/bitbots_tf_buffer/lib'
[2.064s] Level 1:colcon.colcon_core.environment:checking '/root/ros2_ws/install/bitbots_tf_buffer/bin'
[2.064s] Level 1:colcon.colcon_core.environment:checking '/root/ros2_ws/install/bitbots_tf_buffer/lib/pkgconfig/bitbots_tf_buffer.pc'
[2.065s] Level 1:colcon.colcon_core.environment:checking '/root/ros2_ws/install/bitbots_tf_buffer/lib/python3.12/site-packages'
[2.065s] Level 1:colcon.colcon_core.shell:create_environment_hook('bitbots_tf_buffer', 'pythonpath')
[2.065s] INFO:colcon.colcon_core.shell:Creating environment hook '/root/ros2_ws/install/bitbots_tf_buffer/share/bitbots_tf_buffer/hook/pythonpath.ps1'
[2.066s] INFO:colcon.colcon_core.shell:Creating environment descriptor '/root/ros2_ws/install/bitbots_tf_buffer/share/bitbots_tf_buffer/hook/pythonpath.dsv'
[2.066s] INFO:colcon.colcon_core.shell:Creating environment hook '/root/ros2_ws/install/bitbots_tf_buffer/share/bitbots_tf_buffer/hook/pythonpath.sh'
[2.067s] Level 1:colcon.colcon_core.environment:checking '/root/ros2_ws/install/bitbots_tf_buffer/bin'
[2.067s] INFO:colcon.colcon_core.shell:Creating package script '/root/ros2_ws/install/bitbots_tf_buffer/share/bitbots_tf_buffer/package.ps1'
[2.068s] INFO:colcon.colcon_core.shell:Creating package descriptor '/root/ros2_ws/install/bitbots_tf_buffer/share/bitbots_tf_buffer/package.dsv'
[2.068s] INFO:colcon.colcon_core.shell:Creating package script '/root/ros2_ws/install/bitbots_tf_buffer/share/bitbots_tf_buffer/package.sh'
[2.068s] INFO:colcon.colcon_core.shell:Creating package script '/root/ros2_ws/install/bitbots_tf_buffer/share/bitbots_tf_buffer/package.bash'
[2.069s] INFO:colcon.colcon_core.shell:Creating package script '/root/ros2_ws/install/bitbots_tf_buffer/share/bitbots_tf_buffer/package.zsh'
[2.069s] Level 1:colcon.colcon_core.environment:create_file_with_runtime_dependencies(/root/ros2_ws/install/bitbots_tf_buffer/share/colcon-core/packages/bitbots_tf_buffer)
[2.728s] DEBUG:colcon.colcon_core.event_handler.log_command:Invoking command in '/root/ros2_ws/src/mogi_trajectory_server': PYTHONPATH=/root/ros2_ws/build/mogi_trajectory_server/prefix_override:/usr/lib/python3/dist-packages/colcon_core/task/python/colcon_distutils_commands:/root/ros2_ws/install/mogi_trajectory_server/lib/python3.12/site-packages:${PYTHONPATH} /usr/bin/python3 -W ignore:setup.py install is deprecated -W ignore:easy_install command is deprecated setup.py egg_info --egg-base ../../build/mogi_trajectory_server build --build-base /root/ros2_ws/build/mogi_trajectory_server/build install --record /root/ros2_ws/build/mogi_trajectory_server/install.log --single-version-externally-managed install_data
[3.587s] Level 1:colcon.colcon_core.environment:checking '/root/ros2_ws/install/mogi_trajectory_server' for CMake module files
[3.588s] DEBUG:colcon.colcon_core.event_handler.log_command:Invoked command in '/root/ros2_ws/src/mogi_trajectory_server' returned '0': PYTHONPATH=/root/ros2_ws/build/mogi_trajectory_server/prefix_override:/usr/lib/python3/dist-packages/colcon_core/task/python/colcon_distutils_commands:/root/ros2_ws/install/mogi_trajectory_server/lib/python3.12/site-packages:${PYTHONPATH} /usr/bin/python3 -W ignore:setup.py install is deprecated -W ignore:easy_install command is deprecated setup.py egg_info --egg-base ../../build/mogi_trajectory_server build --build-base /root/ros2_ws/build/mogi_trajectory_server/build install --record /root/ros2_ws/build/mogi_trajectory_server/install.log --single-version-externally-managed install_data
[3.592s] Level 1:colcon.colcon_core.environment:checking '/root/ros2_ws/install/mogi_trajectory_server' for CMake config files
[3.600s] Level 1:colcon.colcon_core.environment:checking '/root/ros2_ws/install/mogi_trajectory_server/lib'
[3.600s] Level 1:colcon.colcon_core.environment:checking '/root/ros2_ws/install/mogi_trajectory_server/bin'
[3.600s] Level 1:colcon.colcon_core.environment:checking '/root/ros2_ws/install/mogi_trajectory_server/lib/pkgconfig/mogi_trajectory_server.pc'
[3.601s] Level 1:colcon.colcon_core.environment:checking '/root/ros2_ws/install/mogi_trajectory_server/lib/python3.12/site-packages'
[3.601s] Level 1:colcon.colcon_core.shell:create_environment_hook('mogi_trajectory_server', 'pythonpath')
[3.601s] INFO:colcon.colcon_core.shell:Creating environment hook '/root/ros2_ws/install/mogi_trajectory_server/share/mogi_trajectory_server/hook/pythonpath.ps1'
[3.603s] INFO:colcon.colcon_core.shell:Creating environment descriptor '/root/ros2_ws/install/mogi_trajectory_server/share/mogi_trajectory_server/hook/pythonpath.dsv'
[3.604s] INFO:colcon.colcon_core.shell:Creating environment hook '/root/ros2_ws/install/mogi_trajectory_server/share/mogi_trajectory_server/hook/pythonpath.sh'
[3.605s] Level 1:colcon.colcon_core.environment:checking '/root/ros2_ws/install/mogi_trajectory_server/bin'
[3.605s] Level 1:colcon.colcon_core.environment:create_environment_scripts_only(mogi_trajectory_server)
[3.606s] INFO:colcon.colcon_core.shell:Creating package script '/root/ros2_ws/install/mogi_trajectory_server/share/mogi_trajectory_server/package.ps1'
[3.607s] INFO:colcon.colcon_core.shell:Creating package descriptor '/root/ros2_ws/install/mogi_trajectory_server/share/mogi_trajectory_server/package.dsv'
[3.607s] INFO:colcon.colcon_core.shell:Creating package script '/root/ros2_ws/install/mogi_trajectory_server/share/mogi_trajectory_server/package.sh'
[3.608s] INFO:colcon.colcon_core.shell:Creating package script '/root/ros2_ws/install/mogi_trajectory_server/share/mogi_trajectory_server/package.bash'
[3.609s] INFO:colcon.colcon_core.shell:Creating package script '/root/ros2_ws/install/mogi_trajectory_server/share/mogi_trajectory_server/package.zsh'
[3.609s] Level 1:colcon.colcon_core.environment:create_file_with_runtime_dependencies(/root/ros2_ws/install/mogi_trajectory_server/share/colcon-core/packages/mogi_trajectory_server)
[4.637s] DEBUG:colcon.colcon_core.event_handler.log_command:Invoked command in '/root/ros2_ws/build/my_opencv' returned '0': CMAKE_PREFIX_PATH=${CMAKE_PREFIX_PATH}:/opt/ros/jazzy /usr/bin/cmake /root/ros2_ws/src/my_opencv -DCMAKE_INSTALL_PREFIX=/root/ros2_ws/install/my_opencv
[4.640s] DEBUG:colcon.colcon_core.event_handler.log_command:Invoking command in '/root/ros2_ws/build/my_opencv': CMAKE_PREFIX_PATH=${CMAKE_PREFIX_PATH}:/opt/ros/jazzy /usr/bin/cmake --build /root/ros2_ws/build/my_opencv -- -j8 -l8
[18.647s] DEBUG:colcon.colcon_core.event_handler.log_command:Invoked command in '/root/ros2_ws/build/my_opencv' returned '0': CMAKE_PREFIX_PATH=${CMAKE_PREFIX_PATH}:/opt/ros/jazzy /usr/bin/cmake --build /root/ros2_ws/build/my_opencv -- -j8 -l8
[18.657s] DEBUG:colcon.colcon_core.event_handler.log_command:Invoking command in '/root/ros2_ws/build/my_opencv': CMAKE_PREFIX_PATH=${CMAKE_PREFIX_PATH}:/opt/ros/jazzy /usr/bin/cmake --install /root/ros2_ws/build/my_opencv
[18.688s] Level 1:colcon.colcon_core.environment:create_environment_scripts_only(my_opencv)
[18.692s] Level 1:colcon.colcon_core.environment:checking '/root/ros2_ws/install/my_opencv' for CMake module files
[18.692s] DEBUG:colcon.colcon_core.event_handler.log_command:Invoked command in '/root/ros2_ws/build/my_opencv' returned '0': CMAKE_PREFIX_PATH=${CMAKE_PREFIX_PATH}:/opt/ros/jazzy /usr/bin/cmake --install /root/ros2_ws/build/my_opencv
[18.694s] Level 1:colcon.colcon_core.environment:checking '/root/ros2_ws/install/my_opencv' for CMake config files
[18.694s] Level 1:colcon.colcon_core.shell:create_environment_hook('my_opencv', 'cmake_prefix_path')
[18.695s] INFO:colcon.colcon_core.shell:Creating environment hook '/root/ros2_ws/install/my_opencv/share/my_opencv/hook/cmake_prefix_path.ps1'
[18.699s] INFO:colcon.colcon_core.shell:Creating environment descriptor '/root/ros2_ws/install/my_opencv/share/my_opencv/hook/cmake_prefix_path.dsv'
[18.699s] INFO:colcon.colcon_core.shell:Creating environment hook '/root/ros2_ws/install/my_opencv/share/my_opencv/hook/cmake_prefix_path.sh'
[18.702s] Level 1:colcon.colcon_core.environment:checking '/root/ros2_ws/install/my_opencv/lib'
[18.702s] Level 1:colcon.colcon_core.environment:checking '/root/ros2_ws/install/my_opencv/bin'
[18.702s] Level 1:colcon.colcon_core.environment:checking '/root/ros2_ws/install/my_opencv/lib/pkgconfig/my_opencv.pc'
[18.705s] Level 1:colcon.colcon_core.environment:checking '/root/ros2_ws/install/my_opencv/lib/python3.12/site-packages'
[18.705s] Level 1:colcon.colcon_core.environment:checking '/root/ros2_ws/install/my_opencv/bin'
[18.705s] INFO:colcon.colcon_core.shell:Creating package script '/root/ros2_ws/install/my_opencv/share/my_opencv/package.ps1'
[18.706s] INFO:colcon.colcon_core.shell:Creating package descriptor '/root/ros2_ws/install/my_opencv/share/my_opencv/package.dsv'
[18.707s] INFO:colcon.colcon_core.shell:Creating package script '/root/ros2_ws/install/my_opencv/share/my_opencv/package.sh'
[18.708s] INFO:colcon.colcon_core.shell:Creating package script '/root/ros2_ws/install/my_opencv/share/my_opencv/package.bash'
[18.709s] INFO:colcon.colcon_core.shell:Creating package script '/root/ros2_ws/install/my_opencv/share/my_opencv/package.zsh'
[18.709s] Level 1:colcon.colcon_core.environment:create_file_with_runtime_dependencies(/root/ros2_ws/install/my_opencv/share/colcon-core/packages/my_opencv)
[18.710s] Level 1:colcon.colcon_core.environment:create_environment_scripts_only(my_opencv)
[18.711s] Level 1:colcon.colcon_core.environment:checking '/root/ros2_ws/install/my_opencv' for CMake module files
[18.711s] Level 1:colcon.colcon_core.environment:checking '/root/ros2_ws/install/my_opencv' for CMake config files
[18.711s] Level 1:colcon.colcon_core.shell:create_environment_hook('my_opencv', 'cmake_prefix_path')
[18.711s] INFO:colcon.colcon_core.shell:Creating environment hook '/root/ros2_ws/install/my_opencv/share/my_opencv/hook/cmake_prefix_path.ps1'
[18.712s] INFO:colcon.colcon_core.shell:Creating environment descriptor '/root/ros2_ws/install/my_opencv/share/my_opencv/hook/cmake_prefix_path.dsv'
[18.712s] INFO:colcon.colcon_core.shell:Creating environment hook '/root/ros2_ws/install/my_opencv/share/my_opencv/hook/cmake_prefix_path.sh'
[18.713s] Level 1:colcon.colcon_core.environment:checking '/root/ros2_ws/install/my_opencv/lib'
[18.713s] Level 1:colcon.colcon_core.environment:checking '/root/ros2_ws/install/my_opencv/bin'
[18.713s] Level 1:colcon.colcon_core.environment:checking '/root/ros2_ws/install/my_opencv/lib/pkgconfig/my_opencv.pc'
[18.713s] Level 1:colcon.colcon_core.environment:checking '/root/ros2_ws/install/my_opencv/lib/python3.12/site-packages'
[18.713s] Level 1:colcon.colcon_core.environment:checking '/root/ros2_ws/install/my_opencv/bin'
[18.713s] INFO:colcon.colcon_core.shell:Creating package script '/root/ros2_ws/install/my_opencv/share/my_opencv/package.ps1'
[18.714s] INFO:colcon.colcon_core.shell:Creating package descriptor '/root/ros2_ws/install/my_opencv/share/my_opencv/package.dsv'
[18.714s] INFO:colcon.colcon_core.shell:Creating package script '/root/ros2_ws/install/my_opencv/share/my_opencv/package.sh'
[18.715s] INFO:colcon.colcon_core.shell:Creating package script '/root/ros2_ws/install/my_opencv/share/my_opencv/package.bash'
[18.715s] INFO:colcon.colcon_core.shell:Creating package script '/root/ros2_ws/install/my_opencv/share/my_opencv/package.zsh'
[18.716s] Level 1:colcon.colcon_core.environment:create_file_with_runtime_dependencies(/root/ros2_ws/install/my_opencv/share/colcon-core/packages/my_opencv)
[18.717s] DEBUG:colcon.colcon_parallel_executor.executor.parallel:closing loop
[18.721s] DEBUG:colcon.colcon_parallel_executor.executor.parallel:loop closed
[18.721s] DEBUG:colcon.colcon_parallel_executor.executor.parallel:run_until_complete finished with '0'
[18.722s] DEBUG:colcon.colcon_core.event_reactor:joining thread
[18.761s] INFO:colcon.colcon_core.plugin_system:Skipping extension 'colcon_notification.desktop_notification.notify_send': Could not find 'notify-send'
[18.761s] INFO:colcon.colcon_core.plugin_system:Skipping extension 'colcon_notification.desktop_notification.terminal_notifier': Not used on non-Darwin systems
[18.761s] INFO:colcon.colcon_core.plugin_system:Skipping extension 'colcon_notification.desktop_notification.win32': Not used on non-Windows systems
[18.761s] INFO:colcon.colcon_notification.desktop_notification:Sending desktop notification using 'notify2'
[18.773s] DEBUG:colcon.colcon_notification.desktop_notification.notify2:Failed to initialize notify2: org.freedesktop.DBus.Error.Spawn.ExecFailed: /usr/bin/dbus-launch terminated abnormally without any error message
[18.774s] DEBUG:colcon.colcon_core.event_reactor:joined thread
[18.775s] INFO:colcon.colcon_core.shell:Creating prefix script '/root/ros2_ws/install/local_setup.ps1'
[18.777s] INFO:colcon.colcon_core.shell:Creating prefix util module '/root/ros2_ws/install/_local_setup_util_ps1.py'
[18.778s] INFO:colcon.colcon_core.shell:Creating prefix chain script '/root/ros2_ws/install/setup.ps1'
[18.781s] INFO:colcon.colcon_core.shell:Creating prefix script '/root/ros2_ws/install/local_setup.sh'
[18.782s] INFO:colcon.colcon_core.shell:Creating prefix util module '/root/ros2_ws/install/_local_setup_util_sh.py'
[18.782s] INFO:colcon.colcon_core.shell:Creating prefix chain script '/root/ros2_ws/install/setup.sh'
[18.783s] INFO:colcon.colcon_core.shell:Creating prefix script '/root/ros2_ws/install/local_setup.bash'
[18.784s] INFO:colcon.colcon_core.shell:Creating prefix chain script '/root/ros2_ws/install/setup.bash'
[18.785s] INFO:colcon.colcon_core.shell:Creating prefix script '/root/ros2_ws/install/local_setup.zsh'
[18.786s] INFO:colcon.colcon_core.shell:Creating prefix chain script '/root/ros2_ws/install/setup.zsh'
