[0.034s] Invoking command in '/root/ros2_ws/build/erl1': CMAKE_PREFIX_PATH=${CMAKE_PREFIX_PATH}:/opt/ros/jazzy /usr/bin/cmake --build /root/ros2_ws/build/erl1 -- -j8 -l8
[0.202s] Invoked command in '/root/ros2_ws/build/erl1' returned '0': CMAKE_PREFIX_PATH=${CMAKE_PREFIX_PATH}:/opt/ros/jazzy /usr/bin/cmake --build /root/ros2_ws/build/erl1 -- -j8 -l8
[0.217s] Invoking command in '/root/ros2_ws/build/erl1': CMAKE_PREFIX_PATH=${CMAKE_PREFIX_PATH}:/opt/ros/jazzy /usr/bin/cmake --install /root/ros2_ws/build/erl1
[0.227s] -- Install configuration: ""
[0.229s] -- Up-to-date: /root/ros2_ws/install/erl1/share/erl1/launch
[0.230s] -- Up-to-date: /root/ros2_ws/install/erl1/share/erl1/launch/my_launch.py
[0.230s] -- Up-to-date: /root/ros2_ws/install/erl1/share/erl1/worlds
[0.231s] -- Up-to-date: /root/ros2_ws/install/erl1/share/erl1/worlds/my_world.sdf
[0.233s] -- Up-to-date: /root/ros2_ws/install/erl1/share/ament_index/resource_index/package_run_dependencies/erl1
[0.234s] -- Up-to-date: /root/ros2_ws/install/erl1/share/ament_index/resource_index/parent_prefix_path/erl1
[0.236s] -- Up-to-date: /root/ros2_ws/install/erl1/share/erl1/environment/ament_prefix_path.sh
[0.237s] -- Up-to-date: /root/ros2_ws/install/erl1/share/erl1/environment/ament_prefix_path.dsv
[0.237s] -- Up-to-date: /root/ros2_ws/install/erl1/share/erl1/environment/path.sh
[0.238s] -- Up-to-date: /root/ros2_ws/install/erl1/share/erl1/environment/path.dsv
[0.238s] -- Up-to-date: /root/ros2_ws/install/erl1/share/erl1/local_setup.bash
[0.240s] -- Up-to-date: /root/ros2_ws/install/erl1/share/erl1/local_setup.sh
[0.240s] -- Up-to-date: /root/ros2_ws/install/erl1/share/erl1/local_setup.zsh
[0.241s] -- Up-to-date: /root/ros2_ws/install/erl1/share/erl1/local_setup.dsv
[0.241s] -- Installing: /root/ros2_ws/install/erl1/share/erl1/package.dsv
[0.243s] -- Up-to-date: /root/ros2_ws/install/erl1/share/ament_index/resource_index/packages/erl1
[0.243s] -- Up-to-date: /root/ros2_ws/install/erl1/share/erl1/cmake/erl1Config.cmake
[0.244s] -- Up-to-date: /root/ros2_ws/install/erl1/share/erl1/cmake/erl1Config-version.cmake
[0.248s] -- Up-to-date: /root/ros2_ws/install/erl1/share/erl1/package.xml
[0.252s] Invoked command in '/root/ros2_ws/build/erl1' returned '0': CMAKE_PREFIX_PATH=${CMAKE_PREFIX_PATH}:/opt/ros/jazzy /usr/bin/cmake --install /root/ros2_ws/build/erl1
