-- The C compiler identification is GNU 13.3.0
-- The CXX compiler identification is GNU 13.3.0
-- Detecting C compiler ABI info
-- Detecting C compiler ABI info - done
-- Check for working C compiler: /usr/bin/cc - skipped
-- Detecting C compile features
-- Detecting C compile features - done
-- Detecting CXX compiler ABI info
-- Detecting CXX compiler ABI info - done
-- Check for working CXX compiler: /usr/bin/c++ - skipped
-- Detecting CXX compile features
-- Detecting CXX compile features - done
-- Found ament_cmake: 2.5.4 (/opt/ros/jazzy/share/ament_cmake/cmake)
-- Found Python3: /usr/bin/python3 (found version "3.12.3") found components: Interpreter 
-- Found pybind11: /usr/include (found version "2.11.1")
-- Found Python3: /usr/bin/python3 (found version "3.12.3") found components: Interpreter Development Development.Module Development.Embed 
-- Found rcl: 9.2.7 (/opt/ros/jazzy/share/rcl/cmake)
-- Found rosidl_generator_c: 4.6.6 (/opt/ros/jazzy/share/rosidl_generator_c/cmake)
-- Found rosidl_generator_cpp: 4.6.6 (/opt/ros/jazzy/share/rosidl_generator_cpp/cmake)
-- Using all available rosidl_typesupport_c: rosidl_typesupport_fastrtps_c;rosidl_typesupport_introspection_c
-- Using all available rosidl_typesupport_cpp: rosidl_typesupport_fastrtps_cpp;rosidl_typesupport_introspection_cpp
-- Found rmw_implementation_cmake: 7.3.2 (/opt/ros/jazzy/share/rmw_implementation_cmake/cmake)
-- Found rmw_fastrtps_cpp: 8.4.3 (/opt/ros/jazzy/share/rmw_fastrtps_cpp/cmake)
-- Found OpenSSL: /usr/lib/x86_64-linux-gnu/libcrypto.so (found version "3.0.13")  
-- Found FastRTPS: /opt/ros/jazzy/include (Required is at least version "2.13") 
-- Using RMW implementation 'rmw_fastrtps_cpp' as default
-- Found rclcpp: 28.1.11 (/opt/ros/jazzy/share/rclcpp/cmake)
-- Found ros2_python_extension: 1.0.0 (/root/ros2_ws/install/ros2_python_extension/share/ros2_python_extension/cmake)
-- Found tf2: 0.36.14 (/opt/ros/jazzy/share/tf2/cmake)
-- Found tf2_ros: 0.36.14 (/opt/ros/jazzy/share/tf2_ros/cmake)
-- Configuring done (3.8s)
-- Generating done (0.0s)
-- Build files have been written to: /root/ros2_ws/build/bitbots_tf_buffer
[ 50%] [32mBuilding CXX object CMakeFiles/cpp_wrapper.dir/src/bitbots_tf_buffer.cpp.o[0m
[ 50%] Built target ament_cmake_python_copy_bitbots_tf_buffer
running egg_info
creating bitbots_tf_buffer.egg-info
writing bitbots_tf_buffer.egg-info/PKG-INFO
writing dependency_links to bitbots_tf_buffer.egg-info/dependency_links.txt
writing top-level names to bitbots_tf_buffer.egg-info/top_level.txt
writing manifest file 'bitbots_tf_buffer.egg-info/SOURCES.txt'
reading manifest file 'bitbots_tf_buffer.egg-info/SOURCES.txt'
writing manifest file 'bitbots_tf_buffer.egg-info/SOURCES.txt'
[ 50%] Built target ament_cmake_python_build_bitbots_tf_buffer_egg
[100%] [32m[1mLinking CXX shared library cpp_wrapper.cpython-312-x86_64-linux-gnu.so[0m
[100%] Built target cpp_wrapper
-- Install configuration: ""
-- Installing: /root/ros2_ws/install/bitbots_tf_buffer/share/bitbots_tf_buffer/environment/pythonpath.sh
-- Installing: /root/ros2_ws/install/bitbots_tf_buffer/share/bitbots_tf_buffer/environment/pythonpath.dsv
-- Installing: /root/ros2_ws/install/bitbots_tf_buffer/lib/python3.12/site-packages/bitbots_tf_buffer-1.0.0-py3.12.egg-info
-- Installing: /root/ros2_ws/install/bitbots_tf_buffer/lib/python3.12/site-packages/bitbots_tf_buffer-1.0.0-py3.12.egg-info/PKG-INFO
-- Installing: /root/ros2_ws/install/bitbots_tf_buffer/lib/python3.12/site-packages/bitbots_tf_buffer-1.0.0-py3.12.egg-info/SOURCES.txt
-- Installing: /root/ros2_ws/install/bitbots_tf_buffer/lib/python3.12/site-packages/bitbots_tf_buffer-1.0.0-py3.12.egg-info/dependency_links.txt
-- Installing: /root/ros2_ws/install/bitbots_tf_buffer/lib/python3.12/site-packages/bitbots_tf_buffer-1.0.0-py3.12.egg-info/top_level.txt
-- Installing: /root/ros2_ws/install/bitbots_tf_buffer/lib/python3.12/site-packages/bitbots_tf_buffer
-- Installing: /root/ros2_ws/install/bitbots_tf_buffer/lib/python3.12/site-packages/bitbots_tf_buffer/__init__.py
Listing '/root/ros2_ws/install/bitbots_tf_buffer/lib/python3.12/site-packages/bitbots_tf_buffer'...
Compiling '/root/ros2_ws/install/bitbots_tf_buffer/lib/python3.12/site-packages/bitbots_tf_buffer/__init__.py'...
-- Installing: /root/ros2_ws/install/bitbots_tf_buffer/lib/python3.12/site-packages/bitbots_tf_buffer/cpp_wrapper.cpython-312-x86_64-linux-gnu.so
-- Set non-toolchain portion of runtime path of "/root/ros2_ws/install/bitbots_tf_buffer/lib/python3.12/site-packages/bitbots_tf_buffer/cpp_wrapper.cpython-312-x86_64-linux-gnu.so" to ""
-- Installing: /root/ros2_ws/install/bitbots_tf_buffer/share/ament_index/resource_index/package_run_dependencies/bitbots_tf_buffer
-- Installing: /root/ros2_ws/install/bitbots_tf_buffer/share/ament_index/resource_index/parent_prefix_path/bitbots_tf_buffer
-- Installing: /root/ros2_ws/install/bitbots_tf_buffer/share/bitbots_tf_buffer/environment/ament_prefix_path.sh
-- Installing: /root/ros2_ws/install/bitbots_tf_buffer/share/bitbots_tf_buffer/environment/ament_prefix_path.dsv
-- Installing: /root/ros2_ws/install/bitbots_tf_buffer/share/bitbots_tf_buffer/environment/path.sh
-- Installing: /root/ros2_ws/install/bitbots_tf_buffer/share/bitbots_tf_buffer/environment/path.dsv
-- Installing: /root/ros2_ws/install/bitbots_tf_buffer/share/bitbots_tf_buffer/local_setup.bash
-- Installing: /root/ros2_ws/install/bitbots_tf_buffer/share/bitbots_tf_buffer/local_setup.sh
-- Installing: /root/ros2_ws/install/bitbots_tf_buffer/share/bitbots_tf_buffer/local_setup.zsh
-- Installing: /root/ros2_ws/install/bitbots_tf_buffer/share/bitbots_tf_buffer/local_setup.dsv
-- Installing: /root/ros2_ws/install/bitbots_tf_buffer/share/bitbots_tf_buffer/package.dsv
-- Installing: /root/ros2_ws/install/bitbots_tf_buffer/share/ament_index/resource_index/packages/bitbots_tf_buffer
-- Installing: /root/ros2_ws/install/bitbots_tf_buffer/share/bitbots_tf_buffer/cmake/bitbots_tf_bufferConfig.cmake
-- Installing: /root/ros2_ws/install/bitbots_tf_buffer/share/bitbots_tf_buffer/cmake/bitbots_tf_bufferConfig-version.cmake
-- Installing: /root/ros2_ws/install/bitbots_tf_buffer/share/bitbots_tf_buffer/package.xml
