[0.021s] Invoking command in '/root/ros2_ws/build/bitbots_tf_buffer': AMENT_PREFIX_PATH=/root/ros2_ws/install/ros2_python_extension:${AMENT_PREFIX_PATH} CMAKE_PREFIX_PATH=/root/ros2_ws/install/ros2_python_extension:/opt/ros/jazzy/opt/gz_launch_vendor:/opt/ros/jazzy/opt/gz_sim_vendor:/opt/ros/jazzy/opt/gz_sensors_vendor:/opt/ros/jazzy/opt/gz_physics_vendor:/opt/ros/jazzy/opt/sdformat_vendor:/opt/ros/jazzy/opt/gz_gui_vendor:/opt/ros/jazzy/opt/gz_transport_vendor:/opt/ros/jazzy/opt/gz_rendering_vendor:/opt/ros/jazzy/opt/gz_plugin_vendor:/opt/ros/jazzy/opt/gz_fuel_tools_vendor:/opt/ros/jazzy/opt/gz_msgs_vendor:/opt/ros/jazzy/opt/gz_common_vendor:/opt/ros/jazzy/opt/gz_math_vendor:/opt/ros/jazzy/opt/gz_utils_vendor:/opt/ros/jazzy/opt/gz_tools_vendor:/opt/ros/jazzy/opt/gz_ogre_next_vendor:/opt/ros/jazzy/opt/gz_dartsim_vendor:/opt/ros/jazzy/opt/gz_cmake_vendor:/opt/ros/jazzy /usr/bin/cmake /root/ros2_ws/src/bitbots_tf_buffer -DCMAKE_INSTALL_PREFIX=/root/ros2_ws/install/bitbots_tf_buffer
[0.138s] -- The C compiler identification is GNU 13.3.0
[0.210s] -- The CXX compiler identification is GNU 13.3.0
[0.232s] -- Detecting C compiler ABI info
[0.397s] -- Detecting C compiler ABI info - done
[0.422s] -- Check for working C compiler: /usr/bin/cc - skipped
[0.423s] -- Detecting C compile features
[0.424s] -- Detecting C compile features - done
[0.438s] -- Detecting CXX compiler ABI info
[0.614s] -- Detecting CXX compiler ABI info - done
[0.636s] -- Check for working CXX compiler: /usr/bin/c++ - skipped
[0.636s] -- Detecting CXX compile features
[0.637s] -- Detecting CXX compile features - done
[1.471s] -- Found ament_cmake: 2.5.4 (/opt/ros/jazzy/share/ament_cmake/cmake)
[1.724s] -- Found Python3: /usr/bin/python3 (found version "3.12.3") found components: Interpreter 
[2.004s] -- Found pybind11: /usr/include (found version "2.11.1")
[2.375s] -- Found Python3: /usr/bin/python3 (found version "3.12.3") found components: Interpreter Development Development.Module Development.Embed 
[2.382s] -- Found rcl: 9.2.7 (/opt/ros/jazzy/share/rcl/cmake)
[2.475s] -- Found rosidl_generator_c: 4.6.6 (/opt/ros/jazzy/share/rosidl_generator_c/cmake)
[2.510s] -- Found rosidl_generator_cpp: 4.6.6 (/opt/ros/jazzy/share/rosidl_generator_cpp/cmake)
[2.559s] -- Using all available rosidl_typesupport_c: rosidl_typesupport_fastrtps_c;rosidl_typesupport_introspection_c
[2.608s] -- Using all available rosidl_typesupport_cpp: rosidl_typesupport_fastrtps_cpp;rosidl_typesupport_introspection_cpp
[2.716s] -- Found rmw_implementation_cmake: 7.3.2 (/opt/ros/jazzy/share/rmw_implementation_cmake/cmake)
[2.723s] -- Found rmw_fastrtps_cpp: 8.4.3 (/opt/ros/jazzy/share/rmw_fastrtps_cpp/cmake)
[2.862s] -- Found OpenSSL: /usr/lib/x86_64-linux-gnu/libcrypto.so (found version "3.0.13")  
[2.891s] -- Found FastRTPS: /opt/ros/jazzy/include (Required is at least version "2.13") 
[2.922s] -- Using RMW implementation 'rmw_fastrtps_cpp' as default
[2.981s] -- Found rclcpp: 28.1.11 (/opt/ros/jazzy/share/rclcpp/cmake)
[3.080s] -- Found ros2_python_extension: 1.0.0 (/root/ros2_ws/install/ros2_python_extension/share/ros2_python_extension/cmake)
[3.098s] -- Found tf2: 0.36.14 (/opt/ros/jazzy/share/tf2/cmake)
[3.197s] -- Found tf2_ros: 0.36.14 (/opt/ros/jazzy/share/tf2_ros/cmake)
[3.844s] -- Configuring done (3.8s)
[3.894s] -- Generating done (0.0s)
[3.903s] -- Build files have been written to: /root/ros2_ws/build/bitbots_tf_buffer
[3.919s] Invoked command in '/root/ros2_ws/build/bitbots_tf_buffer' returned '0': AMENT_PREFIX_PATH=/root/ros2_ws/install/ros2_python_extension:${AMENT_PREFIX_PATH} CMAKE_PREFIX_PATH=/root/ros2_ws/install/ros2_python_extension:/opt/ros/jazzy/opt/gz_launch_vendor:/opt/ros/jazzy/opt/gz_sim_vendor:/opt/ros/jazzy/opt/gz_sensors_vendor:/opt/ros/jazzy/opt/gz_physics_vendor:/opt/ros/jazzy/opt/sdformat_vendor:/opt/ros/jazzy/opt/gz_gui_vendor:/opt/ros/jazzy/opt/gz_transport_vendor:/opt/ros/jazzy/opt/gz_rendering_vendor:/opt/ros/jazzy/opt/gz_plugin_vendor:/opt/ros/jazzy/opt/gz_fuel_tools_vendor:/opt/ros/jazzy/opt/gz_msgs_vendor:/opt/ros/jazzy/opt/gz_common_vendor:/opt/ros/jazzy/opt/gz_math_vendor:/opt/ros/jazzy/opt/gz_utils_vendor:/opt/ros/jazzy/opt/gz_tools_vendor:/opt/ros/jazzy/opt/gz_ogre_next_vendor:/opt/ros/jazzy/opt/gz_dartsim_vendor:/opt/ros/jazzy/opt/gz_cmake_vendor:/opt/ros/jazzy /usr/bin/cmake /root/ros2_ws/src/bitbots_tf_buffer -DCMAKE_INSTALL_PREFIX=/root/ros2_ws/install/bitbots_tf_buffer
[3.922s] Invoking command in '/root/ros2_ws/build/bitbots_tf_buffer': AMENT_PREFIX_PATH=/root/ros2_ws/install/ros2_python_extension:${AMENT_PREFIX_PATH} CMAKE_PREFIX_PATH=/root/ros2_ws/install/ros2_python_extension:/opt/ros/jazzy/opt/gz_launch_vendor:/opt/ros/jazzy/opt/gz_sim_vendor:/opt/ros/jazzy/opt/gz_sensors_vendor:/opt/ros/jazzy/opt/gz_physics_vendor:/opt/ros/jazzy/opt/sdformat_vendor:/opt/ros/jazzy/opt/gz_gui_vendor:/opt/ros/jazzy/opt/gz_transport_vendor:/opt/ros/jazzy/opt/gz_rendering_vendor:/opt/ros/jazzy/opt/gz_plugin_vendor:/opt/ros/jazzy/opt/gz_fuel_tools_vendor:/opt/ros/jazzy/opt/gz_msgs_vendor:/opt/ros/jazzy/opt/gz_common_vendor:/opt/ros/jazzy/opt/gz_math_vendor:/opt/ros/jazzy/opt/gz_utils_vendor:/opt/ros/jazzy/opt/gz_tools_vendor:/opt/ros/jazzy/opt/gz_ogre_next_vendor:/opt/ros/jazzy/opt/gz_dartsim_vendor:/opt/ros/jazzy/opt/gz_cmake_vendor:/opt/ros/jazzy /usr/bin/cmake --build /root/ros2_ws/build/bitbots_tf_buffer -- -j8 -l8
[3.998s] [ 50%] [32mBuilding CXX object CMakeFiles/cpp_wrapper.dir/src/bitbots_tf_buffer.cpp.o[0m
[4.014s] [ 50%] Built target ament_cmake_python_copy_bitbots_tf_buffer
[4.315s] running egg_info
[4.319s] creating bitbots_tf_buffer.egg-info
[4.351s] writing bitbots_tf_buffer.egg-info/PKG-INFO
[4.351s] writing dependency_links to bitbots_tf_buffer.egg-info/dependency_links.txt
[4.352s] writing top-level names to bitbots_tf_buffer.egg-info/top_level.txt
[4.352s] writing manifest file 'bitbots_tf_buffer.egg-info/SOURCES.txt'
[4.427s] reading manifest file 'bitbots_tf_buffer.egg-info/SOURCES.txt'
[4.428s] writing manifest file 'bitbots_tf_buffer.egg-info/SOURCES.txt'
[4.473s] [ 50%] Built target ament_cmake_python_build_bitbots_tf_buffer_egg
[17.850s] [100%] [32m[1mLinking CXX shared library cpp_wrapper.cpython-312-x86_64-linux-gnu.so[0m
[25.591s] [100%] Built target cpp_wrapper
[25.607s] Invoked command in '/root/ros2_ws/build/bitbots_tf_buffer' returned '0': AMENT_PREFIX_PATH=/root/ros2_ws/install/ros2_python_extension:${AMENT_PREFIX_PATH} CMAKE_PREFIX_PATH=/root/ros2_ws/install/ros2_python_extension:/opt/ros/jazzy/opt/gz_launch_vendor:/opt/ros/jazzy/opt/gz_sim_vendor:/opt/ros/jazzy/opt/gz_sensors_vendor:/opt/ros/jazzy/opt/gz_physics_vendor:/opt/ros/jazzy/opt/sdformat_vendor:/opt/ros/jazzy/opt/gz_gui_vendor:/opt/ros/jazzy/opt/gz_transport_vendor:/opt/ros/jazzy/opt/gz_rendering_vendor:/opt/ros/jazzy/opt/gz_plugin_vendor:/opt/ros/jazzy/opt/gz_fuel_tools_vendor:/opt/ros/jazzy/opt/gz_msgs_vendor:/opt/ros/jazzy/opt/gz_common_vendor:/opt/ros/jazzy/opt/gz_math_vendor:/opt/ros/jazzy/opt/gz_utils_vendor:/opt/ros/jazzy/opt/gz_tools_vendor:/opt/ros/jazzy/opt/gz_ogre_next_vendor:/opt/ros/jazzy/opt/gz_dartsim_vendor:/opt/ros/jazzy/opt/gz_cmake_vendor:/opt/ros/jazzy /usr/bin/cmake --build /root/ros2_ws/build/bitbots_tf_buffer -- -j8 -l8
[25.610s] Invoking command in '/root/ros2_ws/build/bitbots_tf_buffer': AMENT_PREFIX_PATH=/root/ros2_ws/install/ros2_python_extension:${AMENT_PREFIX_PATH} CMAKE_PREFIX_PATH=/root/ros2_ws/install/ros2_python_extension:/opt/ros/jazzy/opt/gz_launch_vendor:/opt/ros/jazzy/opt/gz_sim_vendor:/opt/ros/jazzy/opt/gz_sensors_vendor:/opt/ros/jazzy/opt/gz_physics_vendor:/opt/ros/jazzy/opt/sdformat_vendor:/opt/ros/jazzy/opt/gz_gui_vendor:/opt/ros/jazzy/opt/gz_transport_vendor:/opt/ros/jazzy/opt/gz_rendering_vendor:/opt/ros/jazzy/opt/gz_plugin_vendor:/opt/ros/jazzy/opt/gz_fuel_tools_vendor:/opt/ros/jazzy/opt/gz_msgs_vendor:/opt/ros/jazzy/opt/gz_common_vendor:/opt/ros/jazzy/opt/gz_math_vendor:/opt/ros/jazzy/opt/gz_utils_vendor:/opt/ros/jazzy/opt/gz_tools_vendor:/opt/ros/jazzy/opt/gz_ogre_next_vendor:/opt/ros/jazzy/opt/gz_dartsim_vendor:/opt/ros/jazzy/opt/gz_cmake_vendor:/opt/ros/jazzy /usr/bin/cmake --install /root/ros2_ws/build/bitbots_tf_buffer
[25.623s] -- Install configuration: ""
[25.624s] -- Installing: /root/ros2_ws/install/bitbots_tf_buffer/share/bitbots_tf_buffer/environment/pythonpath.sh
[25.625s] -- Installing: /root/ros2_ws/install/bitbots_tf_buffer/share/bitbots_tf_buffer/environment/pythonpath.dsv
[25.625s] -- Installing: /root/ros2_ws/install/bitbots_tf_buffer/lib/python3.12/site-packages/bitbots_tf_buffer-1.0.0-py3.12.egg-info
[25.626s] -- Installing: /root/ros2_ws/install/bitbots_tf_buffer/lib/python3.12/site-packages/bitbots_tf_buffer-1.0.0-py3.12.egg-info/PKG-INFO
[25.626s] -- Installing: /root/ros2_ws/install/bitbots_tf_buffer/lib/python3.12/site-packages/bitbots_tf_buffer-1.0.0-py3.12.egg-info/SOURCES.txt
[25.627s] -- Installing: /root/ros2_ws/install/bitbots_tf_buffer/lib/python3.12/site-packages/bitbots_tf_buffer-1.0.0-py3.12.egg-info/dependency_links.txt
[25.627s] -- Installing: /root/ros2_ws/install/bitbots_tf_buffer/lib/python3.12/site-packages/bitbots_tf_buffer-1.0.0-py3.12.egg-info/top_level.txt
[25.628s] -- Installing: /root/ros2_ws/install/bitbots_tf_buffer/lib/python3.12/site-packages/bitbots_tf_buffer
[25.629s] -- Installing: /root/ros2_ws/install/bitbots_tf_buffer/lib/python3.12/site-packages/bitbots_tf_buffer/__init__.py
[25.678s] Listing '/root/ros2_ws/install/bitbots_tf_buffer/lib/python3.12/site-packages/bitbots_tf_buffer'...
[25.679s] Compiling '/root/ros2_ws/install/bitbots_tf_buffer/lib/python3.12/site-packages/bitbots_tf_buffer/__init__.py'...
[25.686s] -- Installing: /root/ros2_ws/install/bitbots_tf_buffer/lib/python3.12/site-packages/bitbots_tf_buffer/cpp_wrapper.cpython-312-x86_64-linux-gnu.so
[25.688s] -- Set non-toolchain portion of runtime path of "/root/ros2_ws/install/bitbots_tf_buffer/lib/python3.12/site-packages/bitbots_tf_buffer/cpp_wrapper.cpython-312-x86_64-linux-gnu.so" to ""
[25.690s] -- Installing: /root/ros2_ws/install/bitbots_tf_buffer/share/ament_index/resource_index/package_run_dependencies/bitbots_tf_buffer
[25.691s] -- Installing: /root/ros2_ws/install/bitbots_tf_buffer/share/ament_index/resource_index/parent_prefix_path/bitbots_tf_buffer
[25.691s] -- Installing: /root/ros2_ws/install/bitbots_tf_buffer/share/bitbots_tf_buffer/environment/ament_prefix_path.sh
[25.691s] -- Installing: /root/ros2_ws/install/bitbots_tf_buffer/share/bitbots_tf_buffer/environment/ament_prefix_path.dsv
[25.691s] -- Installing: /root/ros2_ws/install/bitbots_tf_buffer/share/bitbots_tf_buffer/environment/path.sh
[25.692s] -- Installing: /root/ros2_ws/install/bitbots_tf_buffer/share/bitbots_tf_buffer/environment/path.dsv
[25.692s] -- Installing: /root/ros2_ws/install/bitbots_tf_buffer/share/bitbots_tf_buffer/local_setup.bash
[25.692s] -- Installing: /root/ros2_ws/install/bitbots_tf_buffer/share/bitbots_tf_buffer/local_setup.sh
[25.693s] -- Installing: /root/ros2_ws/install/bitbots_tf_buffer/share/bitbots_tf_buffer/local_setup.zsh
[25.693s] -- Installing: /root/ros2_ws/install/bitbots_tf_buffer/share/bitbots_tf_buffer/local_setup.dsv
[25.694s] -- Installing: /root/ros2_ws/install/bitbots_tf_buffer/share/bitbots_tf_buffer/package.dsv
[25.696s] -- Installing: /root/ros2_ws/install/bitbots_tf_buffer/share/ament_index/resource_index/packages/bitbots_tf_buffer
[25.697s] -- Installing: /root/ros2_ws/install/bitbots_tf_buffer/share/bitbots_tf_buffer/cmake/bitbots_tf_bufferConfig.cmake
[25.697s] -- Installing: /root/ros2_ws/install/bitbots_tf_buffer/share/bitbots_tf_buffer/cmake/bitbots_tf_bufferConfig-version.cmake
[25.697s] -- Installing: /root/ros2_ws/install/bitbots_tf_buffer/share/bitbots_tf_buffer/package.xml
[25.702s] Invoked command in '/root/ros2_ws/build/bitbots_tf_buffer' returned '0': AMENT_PREFIX_PATH=/root/ros2_ws/install/ros2_python_extension:${AMENT_PREFIX_PATH} CMAKE_PREFIX_PATH=/root/ros2_ws/install/ros2_python_extension:/opt/ros/jazzy/opt/gz_launch_vendor:/opt/ros/jazzy/opt/gz_sim_vendor:/opt/ros/jazzy/opt/gz_sensors_vendor:/opt/ros/jazzy/opt/gz_physics_vendor:/opt/ros/jazzy/opt/sdformat_vendor:/opt/ros/jazzy/opt/gz_gui_vendor:/opt/ros/jazzy/opt/gz_transport_vendor:/opt/ros/jazzy/opt/gz_rendering_vendor:/opt/ros/jazzy/opt/gz_plugin_vendor:/opt/ros/jazzy/opt/gz_fuel_tools_vendor:/opt/ros/jazzy/opt/gz_msgs_vendor:/opt/ros/jazzy/opt/gz_common_vendor:/opt/ros/jazzy/opt/gz_math_vendor:/opt/ros/jazzy/opt/gz_utils_vendor:/opt/ros/jazzy/opt/gz_tools_vendor:/opt/ros/jazzy/opt/gz_ogre_next_vendor:/opt/ros/jazzy/opt/gz_dartsim_vendor:/opt/ros/jazzy/opt/gz_cmake_vendor:/opt/ros/jazzy /usr/bin/cmake --install /root/ros2_ws/build/bitbots_tf_buffer
