[0.614s] DEBUG:colcon:Command line arguments: ['/usr/bin/colcon', 'build']
[0.615s] DEBUG:colcon:Parsed command line arguments: Namespace(log_base=None, log_level=None, verb_name='build', build_base='build', install_base='install', merge_install=False, symlink_install=False, test_result_base=None, continue_on_error=False, executor='parallel', parallel_workers=8, event_handlers=None, ignore_user_meta=False, metas=['./colcon.meta'], base_paths=['.'], packages_ignore=None, packages_ignore_regex=None, paths=None, packages_up_to=None, packages_up_to_regex=None, packages_above=None, packages_above_and_dependencies=None, packages_above_depth=None, packages_select_by_dep=None, packages_skip_by_dep=None, packages_skip_up_to=None, packages_select_build_failed=False, packages_skip_build_finished=False, packages_select_test_failures=False, packages_skip_test_passed=False, packages_select=None, packages_skip=None, packages_select_regex=None, packages_skip_regex=None, packages_start=None, packages_end=None, cmake_args=None, cmake_target=None, cmake_target_skip_unavailable=False, cmake_clean_cache=False, cmake_clean_first=False, cmake_force_configure=False, ament_cmake_args=None, catkin_cmake_args=None, catkin_skip_building_tests=False, mixin_files=None, mixin=None, verb_parser=<colcon_mixin.mixin.mixin_argument.MixinArgumentDecorator object at 0x7c44f6949d90>, verb_extension=<colcon_core.verb.build.BuildVerb object at 0x7c44f69499a0>, main=<bound method BuildVerb.main of <colcon_core.verb.build.BuildVerb object at 0x7c44f69499a0>>, mixin_verb=('build',))
[0.760s] Level 1:colcon.colcon_core.package_discovery:discover_packages(colcon_meta) check parameters
[0.761s] INFO:colcon.colcon_metadata.package_discovery.colcon_meta:Using configuration from '/root/.colcon/metadata/default/Gazebo.meta'
[0.761s] INFO:colcon.colcon_metadata.package_discovery.colcon_meta:Using configuration from '/root/.colcon/metadata/default/fastdds.meta'
[0.762s] INFO:colcon.colcon_metadata.package_discovery.colcon_meta:Using configuration from '/root/.colcon/metadata/default/fastrtps.meta'
[0.762s] Level 1:colcon.colcon_core.package_discovery:discover_packages(recursive) check parameters
[0.762s] Level 1:colcon.colcon_core.package_discovery:discover_packages(ignore) check parameters
[0.763s] Level 1:colcon.colcon_core.package_discovery:discover_packages(path) check parameters
[0.763s] Level 1:colcon.colcon_core.package_discovery:discover_packages(colcon_meta) discover
[0.763s] Level 1:colcon.colcon_core.package_discovery:discover_packages(recursive) discover
[0.763s] INFO:colcon.colcon_core.package_discovery:Crawling recursively for packages in '/root/ros2_ws'
[0.763s] Level 1:colcon.colcon_core.package_identification:_identify(.) by extensions ['ignore', 'ignore_ament_install']
[0.764s] Level 1:colcon.colcon_core.package_identification:_identify(.) by extension 'ignore'
[0.764s] Level 1:colcon.colcon_core.package_identification:_identify(.) by extension 'ignore_ament_install'
[0.764s] Level 1:colcon.colcon_core.package_identification:_identify(.) by extensions ['colcon_pkg']
[0.764s] Level 1:colcon.colcon_core.package_identification:_identify(.) by extension 'colcon_pkg'
[0.764s] Level 1:colcon.colcon_core.package_identification:_identify(.) by extensions ['colcon_meta']
[0.764s] Level 1:colcon.colcon_core.package_identification:_identify(.) by extension 'colcon_meta'
[0.765s] Level 1:colcon.colcon_core.package_identification:_identify(.) by extensions ['ros']
[0.765s] Level 1:colcon.colcon_core.package_identification:_identify(.) by extension 'ros'
[0.823s] Level 1:colcon.colcon_core.package_identification:_identify(.) by extensions ['cmake', 'python']
[0.824s] Level 1:colcon.colcon_core.package_identification:_identify(.) by extension 'cmake'
[0.824s] Level 1:colcon.colcon_core.package_identification:_identify(.) by extension 'python'
[0.824s] Level 1:colcon.colcon_core.package_identification:_identify(.) by extensions ['python_setup_py']
[0.824s] Level 1:colcon.colcon_core.package_identification:_identify(.) by extension 'python_setup_py'
[0.824s] Level 1:colcon.colcon_core.package_identification:_identify(build) by extensions ['ignore', 'ignore_ament_install']
[0.824s] Level 1:colcon.colcon_core.package_identification:_identify(build) by extension 'ignore'
[0.824s] Level 1:colcon.colcon_core.package_identification:_identify(build) ignored
[0.824s] Level 1:colcon.colcon_core.package_identification:_identify(install) by extensions ['ignore', 'ignore_ament_install']
[0.825s] Level 1:colcon.colcon_core.package_identification:_identify(install) by extension 'ignore'
[0.825s] Level 1:colcon.colcon_core.package_identification:_identify(install) ignored
[0.825s] Level 1:colcon.colcon_core.package_identification:_identify(log) by extensions ['ignore', 'ignore_ament_install']
[0.825s] Level 1:colcon.colcon_core.package_identification:_identify(log) by extension 'ignore'
[0.825s] Level 1:colcon.colcon_core.package_identification:_identify(log) ignored
[0.825s] Level 1:colcon.colcon_core.package_identification:_identify(src) by extensions ['ignore', 'ignore_ament_install']
[0.825s] Level 1:colcon.colcon_core.package_identification:_identify(src) by extension 'ignore'
[0.825s] Level 1:colcon.colcon_core.package_identification:_identify(src) by extension 'ignore_ament_install'
[0.825s] Level 1:colcon.colcon_core.package_identification:_identify(src) by extensions ['colcon_pkg']
[0.825s] Level 1:colcon.colcon_core.package_identification:_identify(src) by extension 'colcon_pkg'
[0.825s] Level 1:colcon.colcon_core.package_identification:_identify(src) by extensions ['colcon_meta']
[0.825s] Level 1:colcon.colcon_core.package_identification:_identify(src) by extension 'colcon_meta'
[0.826s] Level 1:colcon.colcon_core.package_identification:_identify(src) by extensions ['ros']
[0.826s] Level 1:colcon.colcon_core.package_identification:_identify(src) by extension 'ros'
[0.826s] Level 1:colcon.colcon_core.package_identification:_identify(src) by extensions ['cmake', 'python']
[0.826s] Level 1:colcon.colcon_core.package_identification:_identify(src) by extension 'cmake'
[0.826s] Level 1:colcon.colcon_core.package_identification:_identify(src) by extension 'python'
[0.826s] Level 1:colcon.colcon_core.package_identification:_identify(src) by extensions ['python_setup_py']
[0.826s] Level 1:colcon.colcon_core.package_identification:_identify(src) by extension 'python_setup_py'
[0.826s] Level 1:colcon.colcon_core.package_identification:_identify(src/bitbots_tf_buffer) by extensions ['ignore', 'ignore_ament_install']
[0.827s] Level 1:colcon.colcon_core.package_identification:_identify(src/bitbots_tf_buffer) by extension 'ignore'
[0.827s] Level 1:colcon.colcon_core.package_identification:_identify(src/bitbots_tf_buffer) by extension 'ignore_ament_install'
[0.827s] Level 1:colcon.colcon_core.package_identification:_identify(src/bitbots_tf_buffer) by extensions ['colcon_pkg']
[0.827s] Level 1:colcon.colcon_core.package_identification:_identify(src/bitbots_tf_buffer) by extension 'colcon_pkg'
[0.827s] Level 1:colcon.colcon_core.package_identification:_identify(src/bitbots_tf_buffer) by extensions ['colcon_meta']
[0.827s] Level 1:colcon.colcon_core.package_identification:_identify(src/bitbots_tf_buffer) by extension 'colcon_meta'
[0.827s] Level 1:colcon.colcon_core.package_identification:_identify(src/bitbots_tf_buffer) by extensions ['ros']
[0.827s] Level 1:colcon.colcon_core.package_identification:_identify(src/bitbots_tf_buffer) by extension 'ros'
[0.834s] DEBUG:colcon.colcon_core.package_identification:Package 'src/bitbots_tf_buffer' with type 'ros.ament_cmake' and name 'bitbots_tf_buffer'
[0.835s] Level 1:colcon.colcon_core.package_identification:_identify(src/erl1) by extensions ['ignore', 'ignore_ament_install']
[0.835s] Level 1:colcon.colcon_core.package_identification:_identify(src/erl1) by extension 'ignore'
[0.835s] Level 1:colcon.colcon_core.package_identification:_identify(src/erl1) by extension 'ignore_ament_install'
[0.835s] Level 1:colcon.colcon_core.package_identification:_identify(src/erl1) by extensions ['colcon_pkg']
[0.835s] Level 1:colcon.colcon_core.package_identification:_identify(src/erl1) by extension 'colcon_pkg'
[0.835s] Level 1:colcon.colcon_core.package_identification:_identify(src/erl1) by extensions ['colcon_meta']
[0.835s] Level 1:colcon.colcon_core.package_identification:_identify(src/erl1) by extension 'colcon_meta'
[0.835s] Level 1:colcon.colcon_core.package_identification:_identify(src/erl1) by extensions ['ros']
[0.835s] Level 1:colcon.colcon_core.package_identification:_identify(src/erl1) by extension 'ros'
[0.836s] DEBUG:colcon.colcon_core.package_identification:Package 'src/erl1' with type 'ros.ament_cmake' and name 'erl1'
[0.836s] Level 1:colcon.colcon_core.package_identification:_identify(src/erl1_sensors) by extensions ['ignore', 'ignore_ament_install']
[0.837s] Level 1:colcon.colcon_core.package_identification:_identify(src/erl1_sensors) by extension 'ignore'
[0.837s] Level 1:colcon.colcon_core.package_identification:_identify(src/erl1_sensors) by extension 'ignore_ament_install'
[0.837s] Level 1:colcon.colcon_core.package_identification:_identify(src/erl1_sensors) by extensions ['colcon_pkg']
[0.837s] Level 1:colcon.colcon_core.package_identification:_identify(src/erl1_sensors) by extension 'colcon_pkg'
[0.837s] Level 1:colcon.colcon_core.package_identification:_identify(src/erl1_sensors) by extensions ['colcon_meta']
[0.837s] Level 1:colcon.colcon_core.package_identification:_identify(src/erl1_sensors) by extension 'colcon_meta'
[0.837s] Level 1:colcon.colcon_core.package_identification:_identify(src/erl1_sensors) by extensions ['ros']
[0.837s] Level 1:colcon.colcon_core.package_identification:_identify(src/erl1_sensors) by extension 'ros'
[0.837s] Level 1:colcon.colcon_core.package_identification:_identify(src/erl1_sensors) by extensions ['cmake', 'python']
[0.837s] Level 1:colcon.colcon_core.package_identification:_identify(src/erl1_sensors) by extension 'cmake'
[0.837s] Level 1:colcon.colcon_core.package_identification:_identify(src/erl1_sensors) by extension 'python'
[0.838s] Level 1:colcon.colcon_core.package_identification:_identify(src/erl1_sensors) by extensions ['python_setup_py']
[0.838s] Level 1:colcon.colcon_core.package_identification:_identify(src/erl1_sensors) by extension 'python_setup_py'
[0.838s] Level 1:colcon.colcon_core.package_identification:_identify(src/erl1_sensors/bme_gazebo_sensors) by extensions ['ignore', 'ignore_ament_install']
[0.838s] Level 1:colcon.colcon_core.package_identification:_identify(src/erl1_sensors/bme_gazebo_sensors) by extension 'ignore'
[0.838s] Level 1:colcon.colcon_core.package_identification:_identify(src/erl1_sensors/bme_gazebo_sensors) by extension 'ignore_ament_install'
[0.838s] Level 1:colcon.colcon_core.package_identification:_identify(src/erl1_sensors/bme_gazebo_sensors) by extensions ['colcon_pkg']
[0.838s] Level 1:colcon.colcon_core.package_identification:_identify(src/erl1_sensors/bme_gazebo_sensors) by extension 'colcon_pkg'
[0.838s] Level 1:colcon.colcon_core.package_identification:_identify(src/erl1_sensors/bme_gazebo_sensors) by extensions ['colcon_meta']
[0.839s] Level 1:colcon.colcon_core.package_identification:_identify(src/erl1_sensors/bme_gazebo_sensors) by extension 'colcon_meta'
[0.839s] Level 1:colcon.colcon_core.package_identification:_identify(src/erl1_sensors/bme_gazebo_sensors) by extensions ['ros']
[0.839s] Level 1:colcon.colcon_core.package_identification:_identify(src/erl1_sensors/bme_gazebo_sensors) by extension 'ros'
[0.839s] DEBUG:colcon.colcon_core.package_identification:Package 'src/erl1_sensors/bme_gazebo_sensors' with type 'ros.ament_cmake' and name 'bme_gazebo_sensors'
[0.839s] Level 1:colcon.colcon_core.package_identification:_identify(src/mogi_trajectory_server) by extensions ['ignore', 'ignore_ament_install']
[0.840s] Level 1:colcon.colcon_core.package_identification:_identify(src/mogi_trajectory_server) by extension 'ignore'
[0.840s] Level 1:colcon.colcon_core.package_identification:_identify(src/mogi_trajectory_server) by extension 'ignore_ament_install'
[0.840s] Level 1:colcon.colcon_core.package_identification:_identify(src/mogi_trajectory_server) by extensions ['colcon_pkg']
[0.840s] Level 1:colcon.colcon_core.package_identification:_identify(src/mogi_trajectory_server) by extension 'colcon_pkg'
[0.840s] Level 1:colcon.colcon_core.package_identification:_identify(src/mogi_trajectory_server) by extensions ['colcon_meta']
[0.840s] Level 1:colcon.colcon_core.package_identification:_identify(src/mogi_trajectory_server) by extension 'colcon_meta'
[0.840s] Level 1:colcon.colcon_core.package_identification:_identify(src/mogi_trajectory_server) by extensions ['ros']
[0.840s] Level 1:colcon.colcon_core.package_identification:_identify(src/mogi_trajectory_server) by extension 'ros'
[0.841s] DEBUG:colcon.colcon_core.package_identification:Package 'src/mogi_trajectory_server' with type 'ros.ament_python' and name 'mogi_trajectory_server'
[0.841s] Level 1:colcon.colcon_core.package_identification:_identify(src/my_robot_bringup) by extensions ['ignore', 'ignore_ament_install']
[0.842s] Level 1:colcon.colcon_core.package_identification:_identify(src/my_robot_bringup) by extension 'ignore'
[0.842s] Level 1:colcon.colcon_core.package_identification:_identify(src/my_robot_bringup) by extension 'ignore_ament_install'
[0.842s] Level 1:colcon.colcon_core.package_identification:_identify(src/my_robot_bringup) by extensions ['colcon_pkg']
[0.842s] Level 1:colcon.colcon_core.package_identification:_identify(src/my_robot_bringup) by extension 'colcon_pkg'
[0.842s] Level 1:colcon.colcon_core.package_identification:_identify(src/my_robot_bringup) by extensions ['colcon_meta']
[0.842s] Level 1:colcon.colcon_core.package_identification:_identify(src/my_robot_bringup) by extension 'colcon_meta'
[0.842s] Level 1:colcon.colcon_core.package_identification:_identify(src/my_robot_bringup) by extensions ['ros']
[0.842s] Level 1:colcon.colcon_core.package_identification:_identify(src/my_robot_bringup) by extension 'ros'
[0.844s] DEBUG:colcon.colcon_core.package_identification:Package 'src/my_robot_bringup' with type 'ros.ament_cmake' and name 'my_robot_bringup'
[0.844s] Level 1:colcon.colcon_core.package_identification:_identify(src/my_robot_description) by extensions ['ignore', 'ignore_ament_install']
[0.844s] Level 1:colcon.colcon_core.package_identification:_identify(src/my_robot_description) by extension 'ignore'
[0.844s] Level 1:colcon.colcon_core.package_identification:_identify(src/my_robot_description) by extension 'ignore_ament_install'
[0.844s] Level 1:colcon.colcon_core.package_identification:_identify(src/my_robot_description) by extensions ['colcon_pkg']
[0.844s] Level 1:colcon.colcon_core.package_identification:_identify(src/my_robot_description) by extension 'colcon_pkg'
[0.844s] Level 1:colcon.colcon_core.package_identification:_identify(src/my_robot_description) by extensions ['colcon_meta']
[0.845s] Level 1:colcon.colcon_core.package_identification:_identify(src/my_robot_description) by extension 'colcon_meta'
[0.845s] Level 1:colcon.colcon_core.package_identification:_identify(src/my_robot_description) by extensions ['ros']
[0.845s] Level 1:colcon.colcon_core.package_identification:_identify(src/my_robot_description) by extension 'ros'
[0.845s] DEBUG:colcon.colcon_core.package_identification:Package 'src/my_robot_description' with type 'ros.ament_cmake' and name 'my_robot_description'
[0.846s] Level 1:colcon.colcon_core.package_identification:_identify(src/ros2_python_extension) by extensions ['ignore', 'ignore_ament_install']
[0.846s] Level 1:colcon.colcon_core.package_identification:_identify(src/ros2_python_extension) by extension 'ignore'
[0.846s] Level 1:colcon.colcon_core.package_identification:_identify(src/ros2_python_extension) by extension 'ignore_ament_install'
[0.846s] Level 1:colcon.colcon_core.package_identification:_identify(src/ros2_python_extension) by extensions ['colcon_pkg']
[0.846s] Level 1:colcon.colcon_core.package_identification:_identify(src/ros2_python_extension) by extension 'colcon_pkg'
[0.846s] Level 1:colcon.colcon_core.package_identification:_identify(src/ros2_python_extension) by extensions ['colcon_meta']
[0.846s] Level 1:colcon.colcon_core.package_identification:_identify(src/ros2_python_extension) by extension 'colcon_meta'
[0.846s] Level 1:colcon.colcon_core.package_identification:_identify(src/ros2_python_extension) by extensions ['ros']
[0.846s] Level 1:colcon.colcon_core.package_identification:_identify(src/ros2_python_extension) by extension 'ros'
[0.846s] Level 1:colcon.colcon_core.package_identification:_identify(src/ros2_python_extension) by extensions ['cmake', 'python']
[0.846s] Level 1:colcon.colcon_core.package_identification:_identify(src/ros2_python_extension) by extension 'cmake'
[0.846s] Level 1:colcon.colcon_core.package_identification:_identify(src/ros2_python_extension) by extension 'python'
[0.846s] Level 1:colcon.colcon_core.package_identification:_identify(src/ros2_python_extension) by extensions ['python_setup_py']
[0.846s] Level 1:colcon.colcon_core.package_identification:_identify(src/ros2_python_extension) by extension 'python_setup_py'
[0.847s] Level 1:colcon.colcon_core.package_identification:_identify(src/ros2_python_extension/ros2_python_extension) by extensions ['ignore', 'ignore_ament_install']
[0.847s] Level 1:colcon.colcon_core.package_identification:_identify(src/ros2_python_extension/ros2_python_extension) by extension 'ignore'
[0.847s] Level 1:colcon.colcon_core.package_identification:_identify(src/ros2_python_extension/ros2_python_extension) by extension 'ignore_ament_install'
[0.847s] Level 1:colcon.colcon_core.package_identification:_identify(src/ros2_python_extension/ros2_python_extension) by extensions ['colcon_pkg']
[0.847s] Level 1:colcon.colcon_core.package_identification:_identify(src/ros2_python_extension/ros2_python_extension) by extension 'colcon_pkg'
[0.847s] Level 1:colcon.colcon_core.package_identification:_identify(src/ros2_python_extension/ros2_python_extension) by extensions ['colcon_meta']
[0.847s] Level 1:colcon.colcon_core.package_identification:_identify(src/ros2_python_extension/ros2_python_extension) by extension 'colcon_meta'
[0.847s] Level 1:colcon.colcon_core.package_identification:_identify(src/ros2_python_extension/ros2_python_extension) by extensions ['ros']
[0.847s] Level 1:colcon.colcon_core.package_identification:_identify(src/ros2_python_extension/ros2_python_extension) by extension 'ros'
[0.848s] DEBUG:colcon.colcon_core.package_identification:Package 'src/ros2_python_extension/ros2_python_extension' with type 'ros.ament_cmake' and name 'ros2_python_extension'
[0.848s] Level 1:colcon.colcon_core.package_discovery:discover_packages(recursive) using defaults
[0.848s] Level 1:colcon.colcon_core.package_discovery:discover_packages(ignore) discover
[0.848s] Level 1:colcon.colcon_core.package_discovery:discover_packages(ignore) using defaults
[0.848s] Level 1:colcon.colcon_core.package_discovery:discover_packages(path) discover
[0.848s] Level 1:colcon.colcon_core.package_discovery:discover_packages(path) using defaults
[0.890s] Level 5:colcon.colcon_core.verb:set package 'bme_gazebo_sensors' build argument 'cmake_args' from command line to 'None'
[0.891s] Level 5:colcon.colcon_core.verb:set package 'bme_gazebo_sensors' build argument 'cmake_target' from command line to 'None'
[0.891s] Level 5:colcon.colcon_core.verb:set package 'bme_gazebo_sensors' build argument 'cmake_target_skip_unavailable' from command line to 'False'
[0.891s] Level 5:colcon.colcon_core.verb:set package 'bme_gazebo_sensors' build argument 'cmake_clean_cache' from command line to 'False'
[0.891s] Level 5:colcon.colcon_core.verb:set package 'bme_gazebo_sensors' build argument 'cmake_clean_first' from command line to 'False'
[0.891s] Level 5:colcon.colcon_core.verb:set package 'bme_gazebo_sensors' build argument 'cmake_force_configure' from command line to 'False'
[0.891s] Level 5:colcon.colcon_core.verb:set package 'bme_gazebo_sensors' build argument 'ament_cmake_args' from command line to 'None'
[0.891s] Level 5:colcon.colcon_core.verb:set package 'bme_gazebo_sensors' build argument 'catkin_cmake_args' from command line to 'None'
[0.891s] Level 5:colcon.colcon_core.verb:set package 'bme_gazebo_sensors' build argument 'catkin_skip_building_tests' from command line to 'False'
[0.891s] DEBUG:colcon.colcon_core.verb:Building package 'bme_gazebo_sensors' with the following arguments: {'ament_cmake_args': None, 'build_base': '/root/ros2_ws/build/bme_gazebo_sensors', 'catkin_cmake_args': None, 'catkin_skip_building_tests': False, 'cmake_args': None, 'cmake_clean_cache': False, 'cmake_clean_first': False, 'cmake_force_configure': False, 'cmake_target': None, 'cmake_target_skip_unavailable': False, 'install_base': '/root/ros2_ws/install/bme_gazebo_sensors', 'merge_install': False, 'path': '/root/ros2_ws/src/erl1_sensors/bme_gazebo_sensors', 'symlink_install': False, 'test_result_base': None}
[0.891s] Level 5:colcon.colcon_core.verb:set package 'erl1' build argument 'cmake_args' from command line to 'None'
[0.891s] Level 5:colcon.colcon_core.verb:set package 'erl1' build argument 'cmake_target' from command line to 'None'
[0.891s] Level 5:colcon.colcon_core.verb:set package 'erl1' build argument 'cmake_target_skip_unavailable' from command line to 'False'
[0.891s] Level 5:colcon.colcon_core.verb:set package 'erl1' build argument 'cmake_clean_cache' from command line to 'False'
[0.891s] Level 5:colcon.colcon_core.verb:set package 'erl1' build argument 'cmake_clean_first' from command line to 'False'
[0.891s] Level 5:colcon.colcon_core.verb:set package 'erl1' build argument 'cmake_force_configure' from command line to 'False'
[0.891s] Level 5:colcon.colcon_core.verb:set package 'erl1' build argument 'ament_cmake_args' from command line to 'None'
[0.891s] Level 5:colcon.colcon_core.verb:set package 'erl1' build argument 'catkin_cmake_args' from command line to 'None'
[0.891s] Level 5:colcon.colcon_core.verb:set package 'erl1' build argument 'catkin_skip_building_tests' from command line to 'False'
[0.892s] DEBUG:colcon.colcon_core.verb:Building package 'erl1' with the following arguments: {'ament_cmake_args': None, 'build_base': '/root/ros2_ws/build/erl1', 'catkin_cmake_args': None, 'catkin_skip_building_tests': False, 'cmake_args': None, 'cmake_clean_cache': False, 'cmake_clean_first': False, 'cmake_force_configure': False, 'cmake_target': None, 'cmake_target_skip_unavailable': False, 'install_base': '/root/ros2_ws/install/erl1', 'merge_install': False, 'path': '/root/ros2_ws/src/erl1', 'symlink_install': False, 'test_result_base': None}
[0.892s] Level 5:colcon.colcon_core.verb:set package 'mogi_trajectory_server' build argument 'cmake_args' from command line to 'None'
[0.892s] Level 5:colcon.colcon_core.verb:set package 'mogi_trajectory_server' build argument 'cmake_target' from command line to 'None'
[0.892s] Level 5:colcon.colcon_core.verb:set package 'mogi_trajectory_server' build argument 'cmake_target_skip_unavailable' from command line to 'False'
[0.892s] Level 5:colcon.colcon_core.verb:set package 'mogi_trajectory_server' build argument 'cmake_clean_cache' from command line to 'False'
[0.892s] Level 5:colcon.colcon_core.verb:set package 'mogi_trajectory_server' build argument 'cmake_clean_first' from command line to 'False'
[0.892s] Level 5:colcon.colcon_core.verb:set package 'mogi_trajectory_server' build argument 'cmake_force_configure' from command line to 'False'
[0.892s] Level 5:colcon.colcon_core.verb:set package 'mogi_trajectory_server' build argument 'ament_cmake_args' from command line to 'None'
[0.892s] Level 5:colcon.colcon_core.verb:set package 'mogi_trajectory_server' build argument 'catkin_cmake_args' from command line to 'None'
[0.892s] Level 5:colcon.colcon_core.verb:set package 'mogi_trajectory_server' build argument 'catkin_skip_building_tests' from command line to 'False'
[0.892s] DEBUG:colcon.colcon_core.verb:Building package 'mogi_trajectory_server' with the following arguments: {'ament_cmake_args': None, 'build_base': '/root/ros2_ws/build/mogi_trajectory_server', 'catkin_cmake_args': None, 'catkin_skip_building_tests': False, 'cmake_args': None, 'cmake_clean_cache': False, 'cmake_clean_first': False, 'cmake_force_configure': False, 'cmake_target': None, 'cmake_target_skip_unavailable': False, 'install_base': '/root/ros2_ws/install/mogi_trajectory_server', 'merge_install': False, 'path': '/root/ros2_ws/src/mogi_trajectory_server', 'symlink_install': False, 'test_result_base': None}
[0.893s] Level 5:colcon.colcon_core.verb:set package 'my_robot_bringup' build argument 'cmake_args' from command line to 'None'
[0.893s] Level 5:colcon.colcon_core.verb:set package 'my_robot_bringup' build argument 'cmake_target' from command line to 'None'
[0.893s] Level 5:colcon.colcon_core.verb:set package 'my_robot_bringup' build argument 'cmake_target_skip_unavailable' from command line to 'False'
[0.893s] Level 5:colcon.colcon_core.verb:set package 'my_robot_bringup' build argument 'cmake_clean_cache' from command line to 'False'
[0.893s] Level 5:colcon.colcon_core.verb:set package 'my_robot_bringup' build argument 'cmake_clean_first' from command line to 'False'
[0.893s] Level 5:colcon.colcon_core.verb:set package 'my_robot_bringup' build argument 'cmake_force_configure' from command line to 'False'
[0.893s] Level 5:colcon.colcon_core.verb:set package 'my_robot_bringup' build argument 'ament_cmake_args' from command line to 'None'
[0.893s] Level 5:colcon.colcon_core.verb:set package 'my_robot_bringup' build argument 'catkin_cmake_args' from command line to 'None'
[0.893s] Level 5:colcon.colcon_core.verb:set package 'my_robot_bringup' build argument 'catkin_skip_building_tests' from command line to 'False'
[0.893s] DEBUG:colcon.colcon_core.verb:Building package 'my_robot_bringup' with the following arguments: {'ament_cmake_args': None, 'build_base': '/root/ros2_ws/build/my_robot_bringup', 'catkin_cmake_args': None, 'catkin_skip_building_tests': False, 'cmake_args': None, 'cmake_clean_cache': False, 'cmake_clean_first': False, 'cmake_force_configure': False, 'cmake_target': None, 'cmake_target_skip_unavailable': False, 'install_base': '/root/ros2_ws/install/my_robot_bringup', 'merge_install': False, 'path': '/root/ros2_ws/src/my_robot_bringup', 'symlink_install': False, 'test_result_base': None}
[0.894s] Level 5:colcon.colcon_core.verb:set package 'my_robot_description' build argument 'cmake_args' from command line to 'None'
[0.894s] Level 5:colcon.colcon_core.verb:set package 'my_robot_description' build argument 'cmake_target' from command line to 'None'
[0.894s] Level 5:colcon.colcon_core.verb:set package 'my_robot_description' build argument 'cmake_target_skip_unavailable' from command line to 'False'
[0.894s] Level 5:colcon.colcon_core.verb:set package 'my_robot_description' build argument 'cmake_clean_cache' from command line to 'False'
[0.894s] Level 5:colcon.colcon_core.verb:set package 'my_robot_description' build argument 'cmake_clean_first' from command line to 'False'
[0.894s] Level 5:colcon.colcon_core.verb:set package 'my_robot_description' build argument 'cmake_force_configure' from command line to 'False'
[0.894s] Level 5:colcon.colcon_core.verb:set package 'my_robot_description' build argument 'ament_cmake_args' from command line to 'None'
[0.894s] Level 5:colcon.colcon_core.verb:set package 'my_robot_description' build argument 'catkin_cmake_args' from command line to 'None'
[0.894s] Level 5:colcon.colcon_core.verb:set package 'my_robot_description' build argument 'catkin_skip_building_tests' from command line to 'False'
[0.894s] DEBUG:colcon.colcon_core.verb:Building package 'my_robot_description' with the following arguments: {'ament_cmake_args': None, 'build_base': '/root/ros2_ws/build/my_robot_description', 'catkin_cmake_args': None, 'catkin_skip_building_tests': False, 'cmake_args': None, 'cmake_clean_cache': False, 'cmake_clean_first': False, 'cmake_force_configure': False, 'cmake_target': None, 'cmake_target_skip_unavailable': False, 'install_base': '/root/ros2_ws/install/my_robot_description', 'merge_install': False, 'path': '/root/ros2_ws/src/my_robot_description', 'symlink_install': False, 'test_result_base': None}
[0.894s] Level 5:colcon.colcon_core.verb:set package 'ros2_python_extension' build argument 'cmake_args' from command line to 'None'
[0.895s] Level 5:colcon.colcon_core.verb:set package 'ros2_python_extension' build argument 'cmake_target' from command line to 'None'
[0.895s] Level 5:colcon.colcon_core.verb:set package 'ros2_python_extension' build argument 'cmake_target_skip_unavailable' from command line to 'False'
[0.895s] Level 5:colcon.colcon_core.verb:set package 'ros2_python_extension' build argument 'cmake_clean_cache' from command line to 'False'
[0.895s] Level 5:colcon.colcon_core.verb:set package 'ros2_python_extension' build argument 'cmake_clean_first' from command line to 'False'
[0.895s] Level 5:colcon.colcon_core.verb:set package 'ros2_python_extension' build argument 'cmake_force_configure' from command line to 'False'
[0.895s] Level 5:colcon.colcon_core.verb:set package 'ros2_python_extension' build argument 'ament_cmake_args' from command line to 'None'
[0.895s] Level 5:colcon.colcon_core.verb:set package 'ros2_python_extension' build argument 'catkin_cmake_args' from command line to 'None'
[0.895s] Level 5:colcon.colcon_core.verb:set package 'ros2_python_extension' build argument 'catkin_skip_building_tests' from command line to 'False'
[0.895s] DEBUG:colcon.colcon_core.verb:Building package 'ros2_python_extension' with the following arguments: {'ament_cmake_args': None, 'build_base': '/root/ros2_ws/build/ros2_python_extension', 'catkin_cmake_args': None, 'catkin_skip_building_tests': False, 'cmake_args': None, 'cmake_clean_cache': False, 'cmake_clean_first': False, 'cmake_force_configure': False, 'cmake_target': None, 'cmake_target_skip_unavailable': False, 'install_base': '/root/ros2_ws/install/ros2_python_extension', 'merge_install': False, 'path': '/root/ros2_ws/src/ros2_python_extension/ros2_python_extension', 'symlink_install': False, 'test_result_base': None}
[0.895s] Level 5:colcon.colcon_core.verb:set package 'bitbots_tf_buffer' build argument 'cmake_args' from command line to 'None'
[0.895s] Level 5:colcon.colcon_core.verb:set package 'bitbots_tf_buffer' build argument 'cmake_target' from command line to 'None'
[0.895s] Level 5:colcon.colcon_core.verb:set package 'bitbots_tf_buffer' build argument 'cmake_target_skip_unavailable' from command line to 'False'
[0.895s] Level 5:colcon.colcon_core.verb:set package 'bitbots_tf_buffer' build argument 'cmake_clean_cache' from command line to 'False'
[0.895s] Level 5:colcon.colcon_core.verb:set package 'bitbots_tf_buffer' build argument 'cmake_clean_first' from command line to 'False'
[0.895s] Level 5:colcon.colcon_core.verb:set package 'bitbots_tf_buffer' build argument 'cmake_force_configure' from command line to 'False'
[0.895s] Level 5:colcon.colcon_core.verb:set package 'bitbots_tf_buffer' build argument 'ament_cmake_args' from command line to 'None'
[0.895s] Level 5:colcon.colcon_core.verb:set package 'bitbots_tf_buffer' build argument 'catkin_cmake_args' from command line to 'None'
[0.895s] Level 5:colcon.colcon_core.verb:set package 'bitbots_tf_buffer' build argument 'catkin_skip_building_tests' from command line to 'False'
[0.896s] DEBUG:colcon.colcon_core.verb:Building package 'bitbots_tf_buffer' with the following arguments: {'ament_cmake_args': None, 'build_base': '/root/ros2_ws/build/bitbots_tf_buffer', 'catkin_cmake_args': None, 'catkin_skip_building_tests': False, 'cmake_args': None, 'cmake_clean_cache': False, 'cmake_clean_first': False, 'cmake_force_configure': False, 'cmake_target': None, 'cmake_target_skip_unavailable': False, 'install_base': '/root/ros2_ws/install/bitbots_tf_buffer', 'merge_install': False, 'path': '/root/ros2_ws/src/bitbots_tf_buffer', 'symlink_install': False, 'test_result_base': None}
[0.896s] INFO:colcon.colcon_core.executor:Executing jobs using 'parallel' executor
[0.897s] DEBUG:colcon.colcon_parallel_executor.executor.parallel:run_until_complete
[0.898s] INFO:colcon.colcon_ros.task.ament_cmake.build:Building ROS package in '/root/ros2_ws/src/ros2_python_extension/ros2_python_extension' with build type 'ament_cmake'
[0.898s] INFO:colcon.colcon_cmake.task.cmake.build:Building CMake package in '/root/ros2_ws/src/ros2_python_extension/ros2_python_extension'
[0.914s] INFO:colcon.colcon_core.plugin_system:Skipping extension 'colcon_core.shell.bat': Not used on non-Windows systems
[0.915s] INFO:colcon.colcon_core.shell:Skip shell extension 'powershell' for command environment: Not usable outside of PowerShell
[0.915s] DEBUG:colcon.colcon_core.shell:Skip shell extension 'dsv' for command environment
[0.937s] INFO:colcon.colcon_ros.task.ament_cmake.build:Building ROS package in '/root/ros2_ws/src/erl1_sensors/bme_gazebo_sensors' with build type 'ament_cmake'
[0.938s] INFO:colcon.colcon_cmake.task.cmake.build:Building CMake package in '/root/ros2_ws/src/erl1_sensors/bme_gazebo_sensors'
[0.938s] INFO:colcon.colcon_core.shell:Skip shell extension 'powershell' for command environment: Not usable outside of PowerShell
[0.939s] DEBUG:colcon.colcon_core.shell:Skip shell extension 'dsv' for command environment
[0.945s] INFO:colcon.colcon_ros.task.ament_cmake.build:Building ROS package in '/root/ros2_ws/src/erl1' with build type 'ament_cmake'
[0.945s] INFO:colcon.colcon_cmake.task.cmake.build:Building CMake package in '/root/ros2_ws/src/erl1'
[0.945s] INFO:colcon.colcon_core.shell:Skip shell extension 'powershell' for command environment: Not usable outside of PowerShell
[0.946s] DEBUG:colcon.colcon_core.shell:Skip shell extension 'dsv' for command environment
[0.956s] INFO:colcon.colcon_ros.task.ament_python.build:Building ROS package in '/root/ros2_ws/src/mogi_trajectory_server' with build type 'ament_python'
[0.956s] Level 1:colcon.colcon_core.shell:create_environment_hook('mogi_trajectory_server', 'ament_prefix_path')
[0.957s] INFO:colcon.colcon_core.shell:Creating environment hook '/root/ros2_ws/install/mogi_trajectory_server/share/mogi_trajectory_server/hook/ament_prefix_path.ps1'
[0.959s] INFO:colcon.colcon_core.shell:Creating environment descriptor '/root/ros2_ws/install/mogi_trajectory_server/share/mogi_trajectory_server/hook/ament_prefix_path.dsv'
[0.960s] INFO:colcon.colcon_core.shell:Creating environment hook '/root/ros2_ws/install/mogi_trajectory_server/share/mogi_trajectory_server/hook/ament_prefix_path.sh'
[0.962s] INFO:colcon.colcon_core.shell:Skip shell extension 'powershell' for command environment: Not usable outside of PowerShell
[0.963s] DEBUG:colcon.colcon_core.shell:Skip shell extension 'dsv' for command environment
[0.973s] INFO:colcon.colcon_ros.task.ament_cmake.build:Building ROS package in '/root/ros2_ws/src/my_robot_bringup' with build type 'ament_cmake'
[0.973s] INFO:colcon.colcon_cmake.task.cmake.build:Building CMake package in '/root/ros2_ws/src/my_robot_bringup'
[0.973s] INFO:colcon.colcon_core.shell:Skip shell extension 'powershell' for command environment: Not usable outside of PowerShell
[0.974s] DEBUG:colcon.colcon_core.shell:Skip shell extension 'dsv' for command environment
[0.981s] INFO:colcon.colcon_ros.task.ament_cmake.build:Building ROS package in '/root/ros2_ws/src/my_robot_description' with build type 'ament_cmake'
[0.981s] INFO:colcon.colcon_cmake.task.cmake.build:Building CMake package in '/root/ros2_ws/src/my_robot_description'
[0.982s] INFO:colcon.colcon_core.shell:Skip shell extension 'powershell' for command environment: Not usable outside of PowerShell
[0.982s] DEBUG:colcon.colcon_core.shell:Skip shell extension 'dsv' for command environment
[1.010s] DEBUG:colcon.colcon_core.event_handler.log_command:Invoking command in '/root/ros2_ws/build/ros2_python_extension': CMAKE_PREFIX_PATH=${CMAKE_PREFIX_PATH}:/opt/ros/jazzy /usr/bin/cmake --build /root/ros2_ws/build/ros2_python_extension -- -j8 -l8
[1.024s] DEBUG:colcon.colcon_core.event_handler.log_command:Invoking command in '/root/ros2_ws/build/bme_gazebo_sensors': CMAKE_PREFIX_PATH=${CMAKE_PREFIX_PATH}:/opt/ros/jazzy /usr/bin/cmake --build /root/ros2_ws/build/bme_gazebo_sensors -- -j8 -l8
[1.031s] DEBUG:colcon.colcon_core.event_handler.log_command:Invoking command in '/root/ros2_ws/build/erl1': CMAKE_PREFIX_PATH=${CMAKE_PREFIX_PATH}:/opt/ros/jazzy /usr/bin/cmake --build /root/ros2_ws/build/erl1 -- -j8 -l8
[1.505s] INFO:colcon.colcon_core.task.python.build:Building Python package in '/root/ros2_ws/src/mogi_trajectory_server'
[1.506s] INFO:colcon.colcon_core.shell:Skip shell extension 'powershell' for command environment: Not usable outside of PowerShell
[1.506s] DEBUG:colcon.colcon_core.shell:Skip shell extension 'dsv' for command environment
[1.518s] DEBUG:colcon.colcon_core.event_handler.log_command:Invoking command in '/root/ros2_ws/build/my_robot_bringup': CMAKE_PREFIX_PATH=${CMAKE_PREFIX_PATH}:/opt/ros/jazzy /usr/bin/cmake --build /root/ros2_ws/build/my_robot_bringup -- -j8 -l8
[1.531s] DEBUG:colcon.colcon_core.event_handler.log_command:Invoking command in '/root/ros2_ws/build/my_robot_description': CMAKE_PREFIX_PATH=${CMAKE_PREFIX_PATH}:/opt/ros/jazzy /usr/bin/cmake --build /root/ros2_ws/build/my_robot_description -- -j8 -l8
[1.534s] DEBUG:colcon.colcon_core.event_handler.log_command:Invoked command in '/root/ros2_ws/build/ros2_python_extension' returned '0': CMAKE_PREFIX_PATH=${CMAKE_PREFIX_PATH}:/opt/ros/jazzy /usr/bin/cmake --build /root/ros2_ws/build/ros2_python_extension -- -j8 -l8
[1.567s] DEBUG:colcon.colcon_core.event_handler.log_command:Invoking command in '/root/ros2_ws/build/ros2_python_extension': CMAKE_PREFIX_PATH=${CMAKE_PREFIX_PATH}:/opt/ros/jazzy /usr/bin/cmake --install /root/ros2_ws/build/ros2_python_extension
[1.568s] DEBUG:colcon.colcon_core.event_handler.log_command:Invoked command in '/root/ros2_ws/build/bme_gazebo_sensors' returned '0': CMAKE_PREFIX_PATH=${CMAKE_PREFIX_PATH}:/opt/ros/jazzy /usr/bin/cmake --build /root/ros2_ws/build/bme_gazebo_sensors -- -j8 -l8
[1.571s] DEBUG:colcon.colcon_core.event_handler.log_command:Invoking command in '/root/ros2_ws/build/bme_gazebo_sensors': CMAKE_PREFIX_PATH=${CMAKE_PREFIX_PATH}:/opt/ros/jazzy /usr/bin/cmake --install /root/ros2_ws/build/bme_gazebo_sensors
[1.574s] DEBUG:colcon.colcon_core.event_handler.log_command:Invoked command in '/root/ros2_ws/build/erl1' returned '0': CMAKE_PREFIX_PATH=${CMAKE_PREFIX_PATH}:/opt/ros/jazzy /usr/bin/cmake --build /root/ros2_ws/build/erl1 -- -j8 -l8
[1.586s] DEBUG:colcon.colcon_core.event_handler.log_command:Invoking command in '/root/ros2_ws/build/erl1': CMAKE_PREFIX_PATH=${CMAKE_PREFIX_PATH}:/opt/ros/jazzy /usr/bin/cmake --install /root/ros2_ws/build/erl1
[1.617s] Level 1:colcon.colcon_core.environment:create_environment_scripts_only(ros2_python_extension)
[1.634s] DEBUG:colcon.colcon_core.event_handler.log_command:Invoked command in '/root/ros2_ws/build/ros2_python_extension' returned '0': CMAKE_PREFIX_PATH=${CMAKE_PREFIX_PATH}:/opt/ros/jazzy /usr/bin/cmake --install /root/ros2_ws/build/ros2_python_extension
[1.644s] Level 1:colcon.colcon_core.environment:checking '/root/ros2_ws/install/ros2_python_extension' for CMake module files
[1.646s] Level 1:colcon.colcon_core.environment:checking '/root/ros2_ws/install/ros2_python_extension' for CMake config files
[1.646s] Level 1:colcon.colcon_core.shell:create_environment_hook('ros2_python_extension', 'cmake_prefix_path')
[1.647s] INFO:colcon.colcon_core.shell:Creating environment hook '/root/ros2_ws/install/ros2_python_extension/share/ros2_python_extension/hook/cmake_prefix_path.ps1'
[1.647s] INFO:colcon.colcon_core.shell:Creating environment descriptor '/root/ros2_ws/install/ros2_python_extension/share/ros2_python_extension/hook/cmake_prefix_path.dsv'
[1.648s] INFO:colcon.colcon_core.shell:Creating environment hook '/root/ros2_ws/install/ros2_python_extension/share/ros2_python_extension/hook/cmake_prefix_path.sh'
[1.649s] Level 1:colcon.colcon_core.environment:checking '/root/ros2_ws/install/ros2_python_extension/bin'
[1.649s] Level 1:colcon.colcon_core.environment:checking '/root/ros2_ws/install/ros2_python_extension/lib/pkgconfig/ros2_python_extension.pc'
[1.649s] Level 1:colcon.colcon_core.environment:checking '/root/ros2_ws/install/ros2_python_extension/lib/python3.12/site-packages'
[1.649s] Level 1:colcon.colcon_core.environment:checking '/root/ros2_ws/install/ros2_python_extension/bin'
[1.650s] INFO:colcon.colcon_core.shell:Creating package script '/root/ros2_ws/install/ros2_python_extension/share/ros2_python_extension/package.ps1'
[1.651s] INFO:colcon.colcon_core.shell:Creating package descriptor '/root/ros2_ws/install/ros2_python_extension/share/ros2_python_extension/package.dsv'
[1.652s] INFO:colcon.colcon_core.shell:Creating package script '/root/ros2_ws/install/ros2_python_extension/share/ros2_python_extension/package.sh'
[1.653s] INFO:colcon.colcon_core.shell:Creating package script '/root/ros2_ws/install/ros2_python_extension/share/ros2_python_extension/package.bash'
[1.655s] INFO:colcon.colcon_core.shell:Creating package script '/root/ros2_ws/install/ros2_python_extension/share/ros2_python_extension/package.zsh'
[1.656s] Level 1:colcon.colcon_core.environment:create_file_with_runtime_dependencies(/root/ros2_ws/install/ros2_python_extension/share/colcon-core/packages/ros2_python_extension)
[1.658s] Level 1:colcon.colcon_core.environment:create_environment_scripts_only(ros2_python_extension)
[1.658s] Level 1:colcon.colcon_core.environment:checking '/root/ros2_ws/install/ros2_python_extension' for CMake module files
[1.659s] Level 1:colcon.colcon_core.environment:checking '/root/ros2_ws/install/ros2_python_extension' for CMake config files
[1.659s] Level 1:colcon.colcon_core.shell:create_environment_hook('ros2_python_extension', 'cmake_prefix_path')
[1.659s] INFO:colcon.colcon_core.shell:Creating environment hook '/root/ros2_ws/install/ros2_python_extension/share/ros2_python_extension/hook/cmake_prefix_path.ps1'
[1.661s] INFO:colcon.colcon_core.shell:Creating environment descriptor '/root/ros2_ws/install/ros2_python_extension/share/ros2_python_extension/hook/cmake_prefix_path.dsv'
[1.663s] INFO:colcon.colcon_core.shell:Creating environment hook '/root/ros2_ws/install/ros2_python_extension/share/ros2_python_extension/hook/cmake_prefix_path.sh'
[1.665s] Level 1:colcon.colcon_core.environment:checking '/root/ros2_ws/install/ros2_python_extension/bin'
[1.665s] Level 1:colcon.colcon_core.environment:checking '/root/ros2_ws/install/ros2_python_extension/lib/pkgconfig/ros2_python_extension.pc'
[1.666s] Level 1:colcon.colcon_core.environment:checking '/root/ros2_ws/install/ros2_python_extension/lib/python3.12/site-packages'
[1.668s] Level 1:colcon.colcon_core.environment:checking '/root/ros2_ws/install/ros2_python_extension/bin'
[1.669s] INFO:colcon.colcon_core.shell:Creating package script '/root/ros2_ws/install/ros2_python_extension/share/ros2_python_extension/package.ps1'
[1.670s] INFO:colcon.colcon_core.shell:Creating package descriptor '/root/ros2_ws/install/ros2_python_extension/share/ros2_python_extension/package.dsv'
[1.671s] INFO:colcon.colcon_core.shell:Creating package script '/root/ros2_ws/install/ros2_python_extension/share/ros2_python_extension/package.sh'
[1.672s] INFO:colcon.colcon_core.shell:Creating package script '/root/ros2_ws/install/ros2_python_extension/share/ros2_python_extension/package.bash'
[1.673s] INFO:colcon.colcon_core.shell:Creating package script '/root/ros2_ws/install/ros2_python_extension/share/ros2_python_extension/package.zsh'
[1.673s] Level 1:colcon.colcon_core.environment:create_file_with_runtime_dependencies(/root/ros2_ws/install/ros2_python_extension/share/colcon-core/packages/ros2_python_extension)
[1.675s] Level 1:colcon.colcon_core.environment:create_environment_scripts_only(erl1)
[1.676s] Level 1:colcon.colcon_core.environment:checking '/root/ros2_ws/install/erl1' for CMake module files
[1.678s] DEBUG:colcon.colcon_core.event_handler.log_command:Invoked command in '/root/ros2_ws/build/erl1' returned '0': CMAKE_PREFIX_PATH=${CMAKE_PREFIX_PATH}:/opt/ros/jazzy /usr/bin/cmake --install /root/ros2_ws/build/erl1
[1.679s] Level 1:colcon.colcon_core.environment:checking '/root/ros2_ws/install/erl1' for CMake config files
[1.679s] Level 1:colcon.colcon_core.shell:create_environment_hook('erl1', 'cmake_prefix_path')
[1.680s] INFO:colcon.colcon_core.shell:Creating environment hook '/root/ros2_ws/install/erl1/share/erl1/hook/cmake_prefix_path.ps1'
[1.682s] INFO:colcon.colcon_core.shell:Creating environment descriptor '/root/ros2_ws/install/erl1/share/erl1/hook/cmake_prefix_path.dsv'
[1.683s] INFO:colcon.colcon_core.shell:Creating environment hook '/root/ros2_ws/install/erl1/share/erl1/hook/cmake_prefix_path.sh'
[1.687s] Level 1:colcon.colcon_core.environment:checking '/root/ros2_ws/install/erl1/bin'
[1.687s] Level 1:colcon.colcon_core.environment:checking '/root/ros2_ws/install/erl1/lib/pkgconfig/erl1.pc'
[1.688s] Level 1:colcon.colcon_core.environment:checking '/root/ros2_ws/install/erl1/lib/python3.12/site-packages'
[1.688s] Level 1:colcon.colcon_core.environment:checking '/root/ros2_ws/install/erl1/bin'
[1.688s] INFO:colcon.colcon_core.shell:Creating package script '/root/ros2_ws/install/erl1/share/erl1/package.ps1'
[1.689s] INFO:colcon.colcon_core.shell:Creating package descriptor '/root/ros2_ws/install/erl1/share/erl1/package.dsv'
[1.690s] INFO:colcon.colcon_core.shell:Creating package script '/root/ros2_ws/install/erl1/share/erl1/package.sh'
[1.691s] INFO:colcon.colcon_core.shell:Creating package script '/root/ros2_ws/install/erl1/share/erl1/package.bash'
[1.692s] INFO:colcon.colcon_core.shell:Creating package script '/root/ros2_ws/install/erl1/share/erl1/package.zsh'
[1.692s] Level 1:colcon.colcon_core.environment:create_file_with_runtime_dependencies(/root/ros2_ws/install/erl1/share/colcon-core/packages/erl1)
[1.694s] Level 1:colcon.colcon_core.environment:create_environment_scripts_only(erl1)
[1.694s] Level 1:colcon.colcon_core.environment:checking '/root/ros2_ws/install/erl1' for CMake module files
[1.698s] Level 1:colcon.colcon_core.environment:checking '/root/ros2_ws/install/erl1' for CMake config files
[1.699s] Level 1:colcon.colcon_core.shell:create_environment_hook('erl1', 'cmake_prefix_path')
[1.699s] INFO:colcon.colcon_core.shell:Creating environment hook '/root/ros2_ws/install/erl1/share/erl1/hook/cmake_prefix_path.ps1'
[1.700s] INFO:colcon.colcon_core.shell:Creating environment descriptor '/root/ros2_ws/install/erl1/share/erl1/hook/cmake_prefix_path.dsv'
[1.702s] INFO:colcon.colcon_core.shell:Creating environment hook '/root/ros2_ws/install/erl1/share/erl1/hook/cmake_prefix_path.sh'
[1.704s] Level 1:colcon.colcon_core.environment:checking '/root/ros2_ws/install/erl1/bin'
[1.704s] Level 1:colcon.colcon_core.environment:checking '/root/ros2_ws/install/erl1/lib/pkgconfig/erl1.pc'
[1.705s] Level 1:colcon.colcon_core.environment:checking '/root/ros2_ws/install/erl1/lib/python3.12/site-packages'
[1.705s] Level 1:colcon.colcon_core.environment:checking '/root/ros2_ws/install/erl1/bin'
[1.705s] INFO:colcon.colcon_core.shell:Creating package script '/root/ros2_ws/install/erl1/share/erl1/package.ps1'
[1.707s] INFO:colcon.colcon_core.shell:Creating package descriptor '/root/ros2_ws/install/erl1/share/erl1/package.dsv'
[1.707s] INFO:colcon.colcon_core.shell:Creating package script '/root/ros2_ws/install/erl1/share/erl1/package.sh'
[1.708s] INFO:colcon.colcon_core.shell:Creating package script '/root/ros2_ws/install/erl1/share/erl1/package.bash'
[1.709s] INFO:colcon.colcon_core.shell:Creating package script '/root/ros2_ws/install/erl1/share/erl1/package.zsh'
[1.710s] Level 1:colcon.colcon_core.environment:create_file_with_runtime_dependencies(/root/ros2_ws/install/erl1/share/colcon-core/packages/erl1)
[1.710s] Level 1:colcon.colcon_core.environment:create_environment_scripts_only(bme_gazebo_sensors)
[1.710s] Level 1:colcon.colcon_core.environment:checking '/root/ros2_ws/install/bme_gazebo_sensors' for CMake module files
[1.712s] DEBUG:colcon.colcon_core.event_handler.log_command:Invoked command in '/root/ros2_ws/build/bme_gazebo_sensors' returned '0': CMAKE_PREFIX_PATH=${CMAKE_PREFIX_PATH}:/opt/ros/jazzy /usr/bin/cmake --install /root/ros2_ws/build/bme_gazebo_sensors
[1.714s] Level 1:colcon.colcon_core.environment:checking '/root/ros2_ws/install/bme_gazebo_sensors' for CMake config files
[1.715s] Level 1:colcon.colcon_core.shell:create_environment_hook('bme_gazebo_sensors', 'cmake_prefix_path')
[1.715s] INFO:colcon.colcon_core.shell:Creating environment hook '/root/ros2_ws/install/bme_gazebo_sensors/share/bme_gazebo_sensors/hook/cmake_prefix_path.ps1'
[1.716s] INFO:colcon.colcon_core.shell:Creating environment descriptor '/root/ros2_ws/install/bme_gazebo_sensors/share/bme_gazebo_sensors/hook/cmake_prefix_path.dsv'
[1.716s] INFO:colcon.colcon_core.shell:Creating environment hook '/root/ros2_ws/install/bme_gazebo_sensors/share/bme_gazebo_sensors/hook/cmake_prefix_path.sh'
[1.720s] Level 1:colcon.colcon_core.environment:checking '/root/ros2_ws/install/bme_gazebo_sensors/bin'
[1.721s] Level 1:colcon.colcon_core.environment:checking '/root/ros2_ws/install/bme_gazebo_sensors/lib/pkgconfig/bme_gazebo_sensors.pc'
[1.725s] Level 1:colcon.colcon_core.environment:checking '/root/ros2_ws/install/bme_gazebo_sensors/lib/python3.12/site-packages'
[1.726s] Level 1:colcon.colcon_core.environment:checking '/root/ros2_ws/install/bme_gazebo_sensors/bin'
[1.727s] INFO:colcon.colcon_core.shell:Creating package script '/root/ros2_ws/install/bme_gazebo_sensors/share/bme_gazebo_sensors/package.ps1'
[1.727s] INFO:colcon.colcon_core.shell:Creating package descriptor '/root/ros2_ws/install/bme_gazebo_sensors/share/bme_gazebo_sensors/package.dsv'
[1.728s] INFO:colcon.colcon_core.shell:Creating package script '/root/ros2_ws/install/bme_gazebo_sensors/share/bme_gazebo_sensors/package.sh'
[1.729s] INFO:colcon.colcon_core.shell:Creating package script '/root/ros2_ws/install/bme_gazebo_sensors/share/bme_gazebo_sensors/package.bash'
[1.729s] INFO:colcon.colcon_core.shell:Creating package script '/root/ros2_ws/install/bme_gazebo_sensors/share/bme_gazebo_sensors/package.zsh'
[1.730s] Level 1:colcon.colcon_core.environment:create_file_with_runtime_dependencies(/root/ros2_ws/install/bme_gazebo_sensors/share/colcon-core/packages/bme_gazebo_sensors)
[1.731s] Level 1:colcon.colcon_core.environment:create_environment_scripts_only(bme_gazebo_sensors)
[1.731s] Level 1:colcon.colcon_core.environment:checking '/root/ros2_ws/install/bme_gazebo_sensors' for CMake module files
[1.732s] Level 1:colcon.colcon_core.environment:checking '/root/ros2_ws/install/bme_gazebo_sensors' for CMake config files
[1.733s] Level 1:colcon.colcon_core.shell:create_environment_hook('bme_gazebo_sensors', 'cmake_prefix_path')
[1.733s] INFO:colcon.colcon_core.shell:Creating environment hook '/root/ros2_ws/install/bme_gazebo_sensors/share/bme_gazebo_sensors/hook/cmake_prefix_path.ps1'
[1.734s] INFO:colcon.colcon_core.shell:Creating environment descriptor '/root/ros2_ws/install/bme_gazebo_sensors/share/bme_gazebo_sensors/hook/cmake_prefix_path.dsv'
[1.735s] INFO:colcon.colcon_core.shell:Creating environment hook '/root/ros2_ws/install/bme_gazebo_sensors/share/bme_gazebo_sensors/hook/cmake_prefix_path.sh'
[1.737s] Level 1:colcon.colcon_core.environment:checking '/root/ros2_ws/install/bme_gazebo_sensors/bin'
[1.737s] Level 1:colcon.colcon_core.environment:checking '/root/ros2_ws/install/bme_gazebo_sensors/lib/pkgconfig/bme_gazebo_sensors.pc'
[1.738s] Level 1:colcon.colcon_core.environment:checking '/root/ros2_ws/install/bme_gazebo_sensors/lib/python3.12/site-packages'
[1.741s] Level 1:colcon.colcon_core.environment:checking '/root/ros2_ws/install/bme_gazebo_sensors/bin'
[1.742s] INFO:colcon.colcon_core.shell:Creating package script '/root/ros2_ws/install/bme_gazebo_sensors/share/bme_gazebo_sensors/package.ps1'
[1.744s] INFO:colcon.colcon_core.shell:Creating package descriptor '/root/ros2_ws/install/bme_gazebo_sensors/share/bme_gazebo_sensors/package.dsv'
[1.745s] INFO:colcon.colcon_core.shell:Creating package script '/root/ros2_ws/install/bme_gazebo_sensors/share/bme_gazebo_sensors/package.sh'
[1.746s] INFO:colcon.colcon_core.shell:Creating package script '/root/ros2_ws/install/bme_gazebo_sensors/share/bme_gazebo_sensors/package.bash'
[1.746s] INFO:colcon.colcon_core.shell:Creating package script '/root/ros2_ws/install/bme_gazebo_sensors/share/bme_gazebo_sensors/package.zsh'
[1.747s] Level 1:colcon.colcon_core.environment:create_file_with_runtime_dependencies(/root/ros2_ws/install/bme_gazebo_sensors/share/colcon-core/packages/bme_gazebo_sensors)
[1.749s] INFO:colcon.colcon_ros.task.ament_cmake.build:Building ROS package in '/root/ros2_ws/src/bitbots_tf_buffer' with build type 'ament_cmake'
[1.749s] INFO:colcon.colcon_cmake.task.cmake.build:Building CMake package in '/root/ros2_ws/src/bitbots_tf_buffer'
[1.749s] INFO:colcon.colcon_core.shell:Skip shell extension 'powershell' for command environment: Not usable outside of PowerShell
[1.750s] DEBUG:colcon.colcon_core.shell:Skip shell extension 'dsv' for command environment
[1.756s] DEBUG:colcon.colcon_core.event_handler.log_command:Invoked command in '/root/ros2_ws/build/my_robot_bringup' returned '0': CMAKE_PREFIX_PATH=${CMAKE_PREFIX_PATH}:/opt/ros/jazzy /usr/bin/cmake --build /root/ros2_ws/build/my_robot_bringup -- -j8 -l8
[1.759s] DEBUG:colcon.colcon_core.event_handler.log_command:Invoking command in '/root/ros2_ws/build/my_robot_bringup': CMAKE_PREFIX_PATH=${CMAKE_PREFIX_PATH}:/opt/ros/jazzy /usr/bin/cmake --install /root/ros2_ws/build/my_robot_bringup
[1.760s] DEBUG:colcon.colcon_core.event_handler.log_command:Invoked command in '/root/ros2_ws/build/my_robot_description' returned '0': CMAKE_PREFIX_PATH=${CMAKE_PREFIX_PATH}:/opt/ros/jazzy /usr/bin/cmake --build /root/ros2_ws/build/my_robot_description -- -j8 -l8
[1.764s] DEBUG:colcon.colcon_core.event_handler.log_command:Invoking command in '/root/ros2_ws/build/my_robot_description': CMAKE_PREFIX_PATH=${CMAKE_PREFIX_PATH}:/opt/ros/jazzy /usr/bin/cmake --install /root/ros2_ws/build/my_robot_description
[1.798s] Level 1:colcon.colcon_core.environment:create_environment_scripts_only(my_robot_description)
[1.799s] DEBUG:colcon.colcon_core.event_handler.log_command:Invoking command in '/root/ros2_ws/build/bitbots_tf_buffer': AMENT_PREFIX_PATH=/root/ros2_ws/install/ros2_python_extension:${AMENT_PREFIX_PATH} CMAKE_PREFIX_PATH=/root/ros2_ws/install/ros2_python_extension:/opt/ros/jazzy/opt/gz_launch_vendor:/opt/ros/jazzy/opt/gz_sim_vendor:/opt/ros/jazzy/opt/gz_sensors_vendor:/opt/ros/jazzy/opt/gz_physics_vendor:/opt/ros/jazzy/opt/sdformat_vendor:/opt/ros/jazzy/opt/gz_gui_vendor:/opt/ros/jazzy/opt/gz_transport_vendor:/opt/ros/jazzy/opt/gz_rendering_vendor:/opt/ros/jazzy/opt/gz_plugin_vendor:/opt/ros/jazzy/opt/gz_fuel_tools_vendor:/opt/ros/jazzy/opt/gz_msgs_vendor:/opt/ros/jazzy/opt/gz_common_vendor:/opt/ros/jazzy/opt/gz_math_vendor:/opt/ros/jazzy/opt/gz_utils_vendor:/opt/ros/jazzy/opt/gz_tools_vendor:/opt/ros/jazzy/opt/gz_ogre_next_vendor:/opt/ros/jazzy/opt/gz_dartsim_vendor:/opt/ros/jazzy/opt/gz_cmake_vendor:/opt/ros/jazzy /usr/bin/cmake --build /root/ros2_ws/build/bitbots_tf_buffer -- -j8 -l8
[1.799s] Level 1:colcon.colcon_core.environment:checking '/root/ros2_ws/install/my_robot_description' for CMake module files
[1.806s] Level 1:colcon.colcon_core.environment:checking '/root/ros2_ws/install/my_robot_description' for CMake config files
[1.817s] Level 1:colcon.colcon_core.shell:create_environment_hook('my_robot_description', 'cmake_prefix_path')
[1.818s] INFO:colcon.colcon_core.shell:Creating environment hook '/root/ros2_ws/install/my_robot_description/share/my_robot_description/hook/cmake_prefix_path.ps1'
[1.820s] DEBUG:colcon.colcon_core.event_handler.log_command:Invoked command in '/root/ros2_ws/build/my_robot_description' returned '0': CMAKE_PREFIX_PATH=${CMAKE_PREFIX_PATH}:/opt/ros/jazzy /usr/bin/cmake --install /root/ros2_ws/build/my_robot_description
[1.830s] INFO:colcon.colcon_core.shell:Creating environment descriptor '/root/ros2_ws/install/my_robot_description/share/my_robot_description/hook/cmake_prefix_path.dsv'
[1.831s] INFO:colcon.colcon_core.shell:Creating environment hook '/root/ros2_ws/install/my_robot_description/share/my_robot_description/hook/cmake_prefix_path.sh'
[1.832s] Level 1:colcon.colcon_core.environment:checking '/root/ros2_ws/install/my_robot_description/bin'
[1.832s] Level 1:colcon.colcon_core.environment:checking '/root/ros2_ws/install/my_robot_description/lib/pkgconfig/my_robot_description.pc'
[1.832s] Level 1:colcon.colcon_core.environment:checking '/root/ros2_ws/install/my_robot_description/lib/python3.12/site-packages'
[1.833s] Level 1:colcon.colcon_core.environment:checking '/root/ros2_ws/install/my_robot_description/bin'
[1.833s] INFO:colcon.colcon_core.shell:Creating package script '/root/ros2_ws/install/my_robot_description/share/my_robot_description/package.ps1'
[1.834s] INFO:colcon.colcon_core.shell:Creating package descriptor '/root/ros2_ws/install/my_robot_description/share/my_robot_description/package.dsv'
[1.835s] INFO:colcon.colcon_core.shell:Creating package script '/root/ros2_ws/install/my_robot_description/share/my_robot_description/package.sh'
[1.835s] INFO:colcon.colcon_core.shell:Creating package script '/root/ros2_ws/install/my_robot_description/share/my_robot_description/package.bash'
[1.836s] INFO:colcon.colcon_core.shell:Creating package script '/root/ros2_ws/install/my_robot_description/share/my_robot_description/package.zsh'
[1.837s] Level 1:colcon.colcon_core.environment:create_file_with_runtime_dependencies(/root/ros2_ws/install/my_robot_description/share/colcon-core/packages/my_robot_description)
[1.837s] Level 1:colcon.colcon_core.environment:create_environment_scripts_only(my_robot_description)
[1.838s] Level 1:colcon.colcon_core.environment:checking '/root/ros2_ws/install/my_robot_description' for CMake module files
[1.839s] Level 1:colcon.colcon_core.environment:checking '/root/ros2_ws/install/my_robot_description' for CMake config files
[1.839s] Level 1:colcon.colcon_core.shell:create_environment_hook('my_robot_description', 'cmake_prefix_path')
[1.839s] INFO:colcon.colcon_core.shell:Creating environment hook '/root/ros2_ws/install/my_robot_description/share/my_robot_description/hook/cmake_prefix_path.ps1'
[1.840s] INFO:colcon.colcon_core.shell:Creating environment descriptor '/root/ros2_ws/install/my_robot_description/share/my_robot_description/hook/cmake_prefix_path.dsv'
[1.846s] INFO:colcon.colcon_core.shell:Creating environment hook '/root/ros2_ws/install/my_robot_description/share/my_robot_description/hook/cmake_prefix_path.sh'
[1.851s] Level 1:colcon.colcon_core.environment:checking '/root/ros2_ws/install/my_robot_description/bin'
[1.851s] Level 1:colcon.colcon_core.environment:checking '/root/ros2_ws/install/my_robot_description/lib/pkgconfig/my_robot_description.pc'
[1.851s] Level 1:colcon.colcon_core.environment:checking '/root/ros2_ws/install/my_robot_description/lib/python3.12/site-packages'
[1.852s] Level 1:colcon.colcon_core.environment:checking '/root/ros2_ws/install/my_robot_description/bin'
[1.852s] INFO:colcon.colcon_core.shell:Creating package script '/root/ros2_ws/install/my_robot_description/share/my_robot_description/package.ps1'
[1.853s] INFO:colcon.colcon_core.shell:Creating package descriptor '/root/ros2_ws/install/my_robot_description/share/my_robot_description/package.dsv'
[1.854s] INFO:colcon.colcon_core.shell:Creating package script '/root/ros2_ws/install/my_robot_description/share/my_robot_description/package.sh'
[1.855s] INFO:colcon.colcon_core.shell:Creating package script '/root/ros2_ws/install/my_robot_description/share/my_robot_description/package.bash'
[1.856s] INFO:colcon.colcon_core.shell:Creating package script '/root/ros2_ws/install/my_robot_description/share/my_robot_description/package.zsh'
[1.857s] Level 1:colcon.colcon_core.environment:create_file_with_runtime_dependencies(/root/ros2_ws/install/my_robot_description/share/colcon-core/packages/my_robot_description)
[1.867s] Level 1:colcon.colcon_core.environment:create_environment_scripts_only(my_robot_bringup)
[1.869s] Level 1:colcon.colcon_core.environment:checking '/root/ros2_ws/install/my_robot_bringup' for CMake module files
[1.868s] DEBUG:colcon.colcon_core.event_handler.log_command:Invoked command in '/root/ros2_ws/build/my_robot_bringup' returned '0': CMAKE_PREFIX_PATH=${CMAKE_PREFIX_PATH}:/opt/ros/jazzy /usr/bin/cmake --install /root/ros2_ws/build/my_robot_bringup
[1.870s] Level 1:colcon.colcon_core.environment:checking '/root/ros2_ws/install/my_robot_bringup' for CMake config files
[1.871s] Level 1:colcon.colcon_core.shell:create_environment_hook('my_robot_bringup', 'cmake_prefix_path')
[1.871s] INFO:colcon.colcon_core.shell:Creating environment hook '/root/ros2_ws/install/my_robot_bringup/share/my_robot_bringup/hook/cmake_prefix_path.ps1'
[1.872s] INFO:colcon.colcon_core.shell:Creating environment descriptor '/root/ros2_ws/install/my_robot_bringup/share/my_robot_bringup/hook/cmake_prefix_path.dsv'
[1.872s] INFO:colcon.colcon_core.shell:Creating environment hook '/root/ros2_ws/install/my_robot_bringup/share/my_robot_bringup/hook/cmake_prefix_path.sh'
[1.874s] Level 1:colcon.colcon_core.environment:checking '/root/ros2_ws/install/my_robot_bringup/bin'
[1.874s] Level 1:colcon.colcon_core.environment:checking '/root/ros2_ws/install/my_robot_bringup/lib/pkgconfig/my_robot_bringup.pc'
[1.874s] Level 1:colcon.colcon_core.environment:checking '/root/ros2_ws/install/my_robot_bringup/lib/python3.12/site-packages'
[1.874s] Level 1:colcon.colcon_core.environment:checking '/root/ros2_ws/install/my_robot_bringup/bin'
[1.875s] INFO:colcon.colcon_core.shell:Creating package script '/root/ros2_ws/install/my_robot_bringup/share/my_robot_bringup/package.ps1'
[1.876s] INFO:colcon.colcon_core.shell:Creating package descriptor '/root/ros2_ws/install/my_robot_bringup/share/my_robot_bringup/package.dsv'
[1.876s] INFO:colcon.colcon_core.shell:Creating package script '/root/ros2_ws/install/my_robot_bringup/share/my_robot_bringup/package.sh'
[1.877s] INFO:colcon.colcon_core.shell:Creating package script '/root/ros2_ws/install/my_robot_bringup/share/my_robot_bringup/package.bash'
[1.878s] INFO:colcon.colcon_core.shell:Creating package script '/root/ros2_ws/install/my_robot_bringup/share/my_robot_bringup/package.zsh'
[1.878s] Level 1:colcon.colcon_core.environment:create_file_with_runtime_dependencies(/root/ros2_ws/install/my_robot_bringup/share/colcon-core/packages/my_robot_bringup)
[1.879s] Level 1:colcon.colcon_core.environment:create_environment_scripts_only(my_robot_bringup)
[1.879s] Level 1:colcon.colcon_core.environment:checking '/root/ros2_ws/install/my_robot_bringup' for CMake module files
[1.885s] Level 1:colcon.colcon_core.environment:checking '/root/ros2_ws/install/my_robot_bringup' for CMake config files
[1.887s] Level 1:colcon.colcon_core.shell:create_environment_hook('my_robot_bringup', 'cmake_prefix_path')
[1.889s] INFO:colcon.colcon_core.shell:Creating environment hook '/root/ros2_ws/install/my_robot_bringup/share/my_robot_bringup/hook/cmake_prefix_path.ps1'
[1.890s] INFO:colcon.colcon_core.shell:Creating environment descriptor '/root/ros2_ws/install/my_robot_bringup/share/my_robot_bringup/hook/cmake_prefix_path.dsv'
[1.891s] INFO:colcon.colcon_core.shell:Creating environment hook '/root/ros2_ws/install/my_robot_bringup/share/my_robot_bringup/hook/cmake_prefix_path.sh'
[1.892s] Level 1:colcon.colcon_core.environment:checking '/root/ros2_ws/install/my_robot_bringup/bin'
[1.892s] Level 1:colcon.colcon_core.environment:checking '/root/ros2_ws/install/my_robot_bringup/lib/pkgconfig/my_robot_bringup.pc'
[1.892s] Level 1:colcon.colcon_core.environment:checking '/root/ros2_ws/install/my_robot_bringup/lib/python3.12/site-packages'
[1.893s] Level 1:colcon.colcon_core.environment:checking '/root/ros2_ws/install/my_robot_bringup/bin'
[1.893s] INFO:colcon.colcon_core.shell:Creating package script '/root/ros2_ws/install/my_robot_bringup/share/my_robot_bringup/package.ps1'
[1.894s] INFO:colcon.colcon_core.shell:Creating package descriptor '/root/ros2_ws/install/my_robot_bringup/share/my_robot_bringup/package.dsv'
[1.895s] INFO:colcon.colcon_core.shell:Creating package script '/root/ros2_ws/install/my_robot_bringup/share/my_robot_bringup/package.sh'
[1.896s] INFO:colcon.colcon_core.shell:Creating package script '/root/ros2_ws/install/my_robot_bringup/share/my_robot_bringup/package.bash'
[1.897s] INFO:colcon.colcon_core.shell:Creating package script '/root/ros2_ws/install/my_robot_bringup/share/my_robot_bringup/package.zsh'
[1.897s] Level 1:colcon.colcon_core.environment:create_file_with_runtime_dependencies(/root/ros2_ws/install/my_robot_bringup/share/colcon-core/packages/my_robot_bringup)
[2.844s] DEBUG:colcon.colcon_core.event_handler.log_command:Invoked command in '/root/ros2_ws/build/bitbots_tf_buffer' returned '0': AMENT_PREFIX_PATH=/root/ros2_ws/install/ros2_python_extension:${AMENT_PREFIX_PATH} CMAKE_PREFIX_PATH=/root/ros2_ws/install/ros2_python_extension:/opt/ros/jazzy/opt/gz_launch_vendor:/opt/ros/jazzy/opt/gz_sim_vendor:/opt/ros/jazzy/opt/gz_sensors_vendor:/opt/ros/jazzy/opt/gz_physics_vendor:/opt/ros/jazzy/opt/sdformat_vendor:/opt/ros/jazzy/opt/gz_gui_vendor:/opt/ros/jazzy/opt/gz_transport_vendor:/opt/ros/jazzy/opt/gz_rendering_vendor:/opt/ros/jazzy/opt/gz_plugin_vendor:/opt/ros/jazzy/opt/gz_fuel_tools_vendor:/opt/ros/jazzy/opt/gz_msgs_vendor:/opt/ros/jazzy/opt/gz_common_vendor:/opt/ros/jazzy/opt/gz_math_vendor:/opt/ros/jazzy/opt/gz_utils_vendor:/opt/ros/jazzy/opt/gz_tools_vendor:/opt/ros/jazzy/opt/gz_ogre_next_vendor:/opt/ros/jazzy/opt/gz_dartsim_vendor:/opt/ros/jazzy/opt/gz_cmake_vendor:/opt/ros/jazzy /usr/bin/cmake --build /root/ros2_ws/build/bitbots_tf_buffer -- -j8 -l8
[2.850s] DEBUG:colcon.colcon_core.event_handler.log_command:Invoking command in '/root/ros2_ws/build/bitbots_tf_buffer': AMENT_PREFIX_PATH=/root/ros2_ws/install/ros2_python_extension:${AMENT_PREFIX_PATH} CMAKE_PREFIX_PATH=/root/ros2_ws/install/ros2_python_extension:/opt/ros/jazzy/opt/gz_launch_vendor:/opt/ros/jazzy/opt/gz_sim_vendor:/opt/ros/jazzy/opt/gz_sensors_vendor:/opt/ros/jazzy/opt/gz_physics_vendor:/opt/ros/jazzy/opt/sdformat_vendor:/opt/ros/jazzy/opt/gz_gui_vendor:/opt/ros/jazzy/opt/gz_transport_vendor:/opt/ros/jazzy/opt/gz_rendering_vendor:/opt/ros/jazzy/opt/gz_plugin_vendor:/opt/ros/jazzy/opt/gz_fuel_tools_vendor:/opt/ros/jazzy/opt/gz_msgs_vendor:/opt/ros/jazzy/opt/gz_common_vendor:/opt/ros/jazzy/opt/gz_math_vendor:/opt/ros/jazzy/opt/gz_utils_vendor:/opt/ros/jazzy/opt/gz_tools_vendor:/opt/ros/jazzy/opt/gz_ogre_next_vendor:/opt/ros/jazzy/opt/gz_dartsim_vendor:/opt/ros/jazzy/opt/gz_cmake_vendor:/opt/ros/jazzy /usr/bin/cmake --install /root/ros2_ws/build/bitbots_tf_buffer
[2.951s] Level 1:colcon.colcon_core.environment:create_environment_scripts_only(bitbots_tf_buffer)
[2.951s] Level 1:colcon.colcon_core.environment:checking '/root/ros2_ws/install/bitbots_tf_buffer' for CMake module files
[2.952s] DEBUG:colcon.colcon_core.event_handler.log_command:Invoked command in '/root/ros2_ws/build/bitbots_tf_buffer' returned '0': AMENT_PREFIX_PATH=/root/ros2_ws/install/ros2_python_extension:${AMENT_PREFIX_PATH} CMAKE_PREFIX_PATH=/root/ros2_ws/install/ros2_python_extension:/opt/ros/jazzy/opt/gz_launch_vendor:/opt/ros/jazzy/opt/gz_sim_vendor:/opt/ros/jazzy/opt/gz_sensors_vendor:/opt/ros/jazzy/opt/gz_physics_vendor:/opt/ros/jazzy/opt/sdformat_vendor:/opt/ros/jazzy/opt/gz_gui_vendor:/opt/ros/jazzy/opt/gz_transport_vendor:/opt/ros/jazzy/opt/gz_rendering_vendor:/opt/ros/jazzy/opt/gz_plugin_vendor:/opt/ros/jazzy/opt/gz_fuel_tools_vendor:/opt/ros/jazzy/opt/gz_msgs_vendor:/opt/ros/jazzy/opt/gz_common_vendor:/opt/ros/jazzy/opt/gz_math_vendor:/opt/ros/jazzy/opt/gz_utils_vendor:/opt/ros/jazzy/opt/gz_tools_vendor:/opt/ros/jazzy/opt/gz_ogre_next_vendor:/opt/ros/jazzy/opt/gz_dartsim_vendor:/opt/ros/jazzy/opt/gz_cmake_vendor:/opt/ros/jazzy /usr/bin/cmake --install /root/ros2_ws/build/bitbots_tf_buffer
[2.953s] Level 1:colcon.colcon_core.environment:checking '/root/ros2_ws/install/bitbots_tf_buffer' for CMake config files
[2.953s] Level 1:colcon.colcon_core.shell:create_environment_hook('bitbots_tf_buffer', 'cmake_prefix_path')
[2.954s] INFO:colcon.colcon_core.shell:Creating environment hook '/root/ros2_ws/install/bitbots_tf_buffer/share/bitbots_tf_buffer/hook/cmake_prefix_path.ps1'
[2.955s] INFO:colcon.colcon_core.shell:Creating environment descriptor '/root/ros2_ws/install/bitbots_tf_buffer/share/bitbots_tf_buffer/hook/cmake_prefix_path.dsv'
[2.955s] INFO:colcon.colcon_core.shell:Creating environment hook '/root/ros2_ws/install/bitbots_tf_buffer/share/bitbots_tf_buffer/hook/cmake_prefix_path.sh'
[2.956s] Level 1:colcon.colcon_core.environment:checking '/root/ros2_ws/install/bitbots_tf_buffer/lib'
[2.957s] Level 1:colcon.colcon_core.environment:checking '/root/ros2_ws/install/bitbots_tf_buffer/bin'
[2.957s] Level 1:colcon.colcon_core.environment:checking '/root/ros2_ws/install/bitbots_tf_buffer/lib/pkgconfig/bitbots_tf_buffer.pc'
[2.957s] Level 1:colcon.colcon_core.environment:checking '/root/ros2_ws/install/bitbots_tf_buffer/lib/python3.12/site-packages'
[2.957s] Level 1:colcon.colcon_core.shell:create_environment_hook('bitbots_tf_buffer', 'pythonpath')
[2.958s] INFO:colcon.colcon_core.shell:Creating environment hook '/root/ros2_ws/install/bitbots_tf_buffer/share/bitbots_tf_buffer/hook/pythonpath.ps1'
[2.959s] INFO:colcon.colcon_core.shell:Creating environment descriptor '/root/ros2_ws/install/bitbots_tf_buffer/share/bitbots_tf_buffer/hook/pythonpath.dsv'
[2.959s] INFO:colcon.colcon_core.shell:Creating environment hook '/root/ros2_ws/install/bitbots_tf_buffer/share/bitbots_tf_buffer/hook/pythonpath.sh'
[2.962s] Level 1:colcon.colcon_core.environment:checking '/root/ros2_ws/install/bitbots_tf_buffer/bin'
[2.963s] INFO:colcon.colcon_core.shell:Creating package script '/root/ros2_ws/install/bitbots_tf_buffer/share/bitbots_tf_buffer/package.ps1'
[2.965s] INFO:colcon.colcon_core.shell:Creating package descriptor '/root/ros2_ws/install/bitbots_tf_buffer/share/bitbots_tf_buffer/package.dsv'
[2.966s] INFO:colcon.colcon_core.shell:Creating package script '/root/ros2_ws/install/bitbots_tf_buffer/share/bitbots_tf_buffer/package.sh'
[2.968s] INFO:colcon.colcon_core.shell:Creating package script '/root/ros2_ws/install/bitbots_tf_buffer/share/bitbots_tf_buffer/package.bash'
[2.968s] INFO:colcon.colcon_core.shell:Creating package script '/root/ros2_ws/install/bitbots_tf_buffer/share/bitbots_tf_buffer/package.zsh'
[2.970s] Level 1:colcon.colcon_core.environment:create_file_with_runtime_dependencies(/root/ros2_ws/install/bitbots_tf_buffer/share/colcon-core/packages/bitbots_tf_buffer)
[2.971s] Level 1:colcon.colcon_core.environment:create_environment_scripts_only(bitbots_tf_buffer)
[2.971s] Level 1:colcon.colcon_core.environment:checking '/root/ros2_ws/install/bitbots_tf_buffer' for CMake module files
[2.972s] Level 1:colcon.colcon_core.environment:checking '/root/ros2_ws/install/bitbots_tf_buffer' for CMake config files
[2.973s] Level 1:colcon.colcon_core.shell:create_environment_hook('bitbots_tf_buffer', 'cmake_prefix_path')
[2.973s] INFO:colcon.colcon_core.shell:Creating environment hook '/root/ros2_ws/install/bitbots_tf_buffer/share/bitbots_tf_buffer/hook/cmake_prefix_path.ps1'
[2.974s] INFO:colcon.colcon_core.shell:Creating environment descriptor '/root/ros2_ws/install/bitbots_tf_buffer/share/bitbots_tf_buffer/hook/cmake_prefix_path.dsv'
[2.975s] INFO:colcon.colcon_core.shell:Creating environment hook '/root/ros2_ws/install/bitbots_tf_buffer/share/bitbots_tf_buffer/hook/cmake_prefix_path.sh'
[2.976s] Level 1:colcon.colcon_core.environment:checking '/root/ros2_ws/install/bitbots_tf_buffer/lib'
[2.976s] Level 1:colcon.colcon_core.environment:checking '/root/ros2_ws/install/bitbots_tf_buffer/bin'
[2.976s] Level 1:colcon.colcon_core.environment:checking '/root/ros2_ws/install/bitbots_tf_buffer/lib/pkgconfig/bitbots_tf_buffer.pc'
[2.976s] Level 1:colcon.colcon_core.environment:checking '/root/ros2_ws/install/bitbots_tf_buffer/lib/python3.12/site-packages'
[2.976s] Level 1:colcon.colcon_core.shell:create_environment_hook('bitbots_tf_buffer', 'pythonpath')
[2.977s] INFO:colcon.colcon_core.shell:Creating environment hook '/root/ros2_ws/install/bitbots_tf_buffer/share/bitbots_tf_buffer/hook/pythonpath.ps1'
[2.980s] INFO:colcon.colcon_core.shell:Creating environment descriptor '/root/ros2_ws/install/bitbots_tf_buffer/share/bitbots_tf_buffer/hook/pythonpath.dsv'
[2.981s] INFO:colcon.colcon_core.shell:Creating environment hook '/root/ros2_ws/install/bitbots_tf_buffer/share/bitbots_tf_buffer/hook/pythonpath.sh'
[2.986s] Level 1:colcon.colcon_core.environment:checking '/root/ros2_ws/install/bitbots_tf_buffer/bin'
[2.987s] INFO:colcon.colcon_core.shell:Creating package script '/root/ros2_ws/install/bitbots_tf_buffer/share/bitbots_tf_buffer/package.ps1'
[2.988s] INFO:colcon.colcon_core.shell:Creating package descriptor '/root/ros2_ws/install/bitbots_tf_buffer/share/bitbots_tf_buffer/package.dsv'
[2.989s] INFO:colcon.colcon_core.shell:Creating package script '/root/ros2_ws/install/bitbots_tf_buffer/share/bitbots_tf_buffer/package.sh'
[2.990s] INFO:colcon.colcon_core.shell:Creating package script '/root/ros2_ws/install/bitbots_tf_buffer/share/bitbots_tf_buffer/package.bash'
[2.991s] INFO:colcon.colcon_core.shell:Creating package script '/root/ros2_ws/install/bitbots_tf_buffer/share/bitbots_tf_buffer/package.zsh'
[2.991s] Level 1:colcon.colcon_core.environment:create_file_with_runtime_dependencies(/root/ros2_ws/install/bitbots_tf_buffer/share/colcon-core/packages/bitbots_tf_buffer)
[3.347s] DEBUG:colcon.colcon_core.event_handler.log_command:Invoking command in '/root/ros2_ws/src/mogi_trajectory_server': PYTHONPATH=/root/ros2_ws/build/mogi_trajectory_server/prefix_override:/usr/lib/python3/dist-packages/colcon_core/task/python/colcon_distutils_commands:/root/ros2_ws/install/mogi_trajectory_server/lib/python3.12/site-packages:${PYTHONPATH} /usr/bin/python3 -W ignore:setup.py install is deprecated -W ignore:easy_install command is deprecated setup.py egg_info --egg-base ../../build/mogi_trajectory_server build --build-base /root/ros2_ws/build/mogi_trajectory_server/build install --record /root/ros2_ws/build/mogi_trajectory_server/install.log --single-version-externally-managed install_data
[4.174s] Level 1:colcon.colcon_core.environment:checking '/root/ros2_ws/install/mogi_trajectory_server' for CMake module files
[4.175s] DEBUG:colcon.colcon_core.event_handler.log_command:Invoked command in '/root/ros2_ws/src/mogi_trajectory_server' returned '0': PYTHONPATH=/root/ros2_ws/build/mogi_trajectory_server/prefix_override:/usr/lib/python3/dist-packages/colcon_core/task/python/colcon_distutils_commands:/root/ros2_ws/install/mogi_trajectory_server/lib/python3.12/site-packages:${PYTHONPATH} /usr/bin/python3 -W ignore:setup.py install is deprecated -W ignore:easy_install command is deprecated setup.py egg_info --egg-base ../../build/mogi_trajectory_server build --build-base /root/ros2_ws/build/mogi_trajectory_server/build install --record /root/ros2_ws/build/mogi_trajectory_server/install.log --single-version-externally-managed install_data
[4.179s] Level 1:colcon.colcon_core.environment:checking '/root/ros2_ws/install/mogi_trajectory_server' for CMake config files
[4.180s] Level 1:colcon.colcon_core.environment:checking '/root/ros2_ws/install/mogi_trajectory_server/lib'
[4.180s] Level 1:colcon.colcon_core.environment:checking '/root/ros2_ws/install/mogi_trajectory_server/bin'
[4.180s] Level 1:colcon.colcon_core.environment:checking '/root/ros2_ws/install/mogi_trajectory_server/lib/pkgconfig/mogi_trajectory_server.pc'
[4.181s] Level 1:colcon.colcon_core.environment:checking '/root/ros2_ws/install/mogi_trajectory_server/lib/python3.12/site-packages'
[4.181s] Level 1:colcon.colcon_core.shell:create_environment_hook('mogi_trajectory_server', 'pythonpath')
[4.181s] INFO:colcon.colcon_core.shell:Creating environment hook '/root/ros2_ws/install/mogi_trajectory_server/share/mogi_trajectory_server/hook/pythonpath.ps1'
[4.182s] INFO:colcon.colcon_core.shell:Creating environment descriptor '/root/ros2_ws/install/mogi_trajectory_server/share/mogi_trajectory_server/hook/pythonpath.dsv'
[4.182s] INFO:colcon.colcon_core.shell:Creating environment hook '/root/ros2_ws/install/mogi_trajectory_server/share/mogi_trajectory_server/hook/pythonpath.sh'
[4.183s] Level 1:colcon.colcon_core.environment:checking '/root/ros2_ws/install/mogi_trajectory_server/bin'
[4.183s] Level 1:colcon.colcon_core.environment:create_environment_scripts_only(mogi_trajectory_server)
[4.183s] INFO:colcon.colcon_core.shell:Creating package script '/root/ros2_ws/install/mogi_trajectory_server/share/mogi_trajectory_server/package.ps1'
[4.184s] INFO:colcon.colcon_core.shell:Creating package descriptor '/root/ros2_ws/install/mogi_trajectory_server/share/mogi_trajectory_server/package.dsv'
[4.184s] INFO:colcon.colcon_core.shell:Creating package script '/root/ros2_ws/install/mogi_trajectory_server/share/mogi_trajectory_server/package.sh'
[4.185s] INFO:colcon.colcon_core.shell:Creating package script '/root/ros2_ws/install/mogi_trajectory_server/share/mogi_trajectory_server/package.bash'
[4.185s] INFO:colcon.colcon_core.shell:Creating package script '/root/ros2_ws/install/mogi_trajectory_server/share/mogi_trajectory_server/package.zsh'
[4.185s] Level 1:colcon.colcon_core.environment:create_file_with_runtime_dependencies(/root/ros2_ws/install/mogi_trajectory_server/share/colcon-core/packages/mogi_trajectory_server)
[4.186s] DEBUG:colcon.colcon_parallel_executor.executor.parallel:closing loop
[4.187s] DEBUG:colcon.colcon_parallel_executor.executor.parallel:loop closed
[4.188s] DEBUG:colcon.colcon_parallel_executor.executor.parallel:run_until_complete finished with '0'
[4.188s] DEBUG:colcon.colcon_core.event_reactor:joining thread
[4.211s] INFO:colcon.colcon_core.plugin_system:Skipping extension 'colcon_notification.desktop_notification.notify_send': Could not find 'notify-send'
[4.211s] INFO:colcon.colcon_core.plugin_system:Skipping extension 'colcon_notification.desktop_notification.terminal_notifier': Not used on non-Darwin systems
[4.211s] INFO:colcon.colcon_core.plugin_system:Skipping extension 'colcon_notification.desktop_notification.win32': Not used on non-Windows systems
[4.212s] INFO:colcon.colcon_notification.desktop_notification:Sending desktop notification using 'notify2'
[4.223s] DEBUG:colcon.colcon_notification.desktop_notification.notify2:Failed to initialize notify2: org.freedesktop.DBus.Error.Spawn.ExecFailed: /usr/bin/dbus-launch terminated abnormally without any error message
[4.224s] DEBUG:colcon.colcon_core.event_reactor:joined thread
[4.224s] INFO:colcon.colcon_core.shell:Creating prefix script '/root/ros2_ws/install/local_setup.ps1'
[4.227s] INFO:colcon.colcon_core.shell:Creating prefix util module '/root/ros2_ws/install/_local_setup_util_ps1.py'
[4.228s] INFO:colcon.colcon_core.shell:Creating prefix chain script '/root/ros2_ws/install/setup.ps1'
[4.230s] INFO:colcon.colcon_core.shell:Creating prefix script '/root/ros2_ws/install/local_setup.sh'
[4.232s] INFO:colcon.colcon_core.shell:Creating prefix util module '/root/ros2_ws/install/_local_setup_util_sh.py'
[4.233s] INFO:colcon.colcon_core.shell:Creating prefix chain script '/root/ros2_ws/install/setup.sh'
[4.235s] INFO:colcon.colcon_core.shell:Creating prefix script '/root/ros2_ws/install/local_setup.bash'
[4.236s] INFO:colcon.colcon_core.shell:Creating prefix chain script '/root/ros2_ws/install/setup.bash'
[4.237s] INFO:colcon.colcon_core.shell:Creating prefix script '/root/ros2_ws/install/local_setup.zsh'
[4.239s] INFO:colcon.colcon_core.shell:Creating prefix chain script '/root/ros2_ws/install/setup.zsh'
