[0.036s] Invoking command in '/root/ros2_ws/build/erl1': CMAKE_PREFIX_PATH=${CMAKE_PREFIX_PATH}:/opt/ros/jazzy /usr/bin/cmake --build /root/ros2_ws/build/erl1 -- -j8 -l8
[0.199s] -- Found ament_cmake: 2.5.4 (/opt/ros/jazzy/share/ament_cmake/cmake)
[0.443s] -- Found ament_lint_auto: 0.17.3 (/opt/ros/jazzy/share/ament_lint_auto/cmake)
[0.539s] -- Added test 'flake8' to check Python code syntax and style conventions
[0.539s] -- Configured 'flake8' exclude dirs and/or files: 
[0.540s] -- Added test 'lint_cmake' to check CMake code style
[0.540s] -- Added test 'pep257' to check Python code against some of the docstring style conventions in PEP 257
[0.542s] -- Added test 'xmllint' to check XML markup files
[0.544s] -- Configuring done (0.4s)
[0.556s] -- Generating done (0.0s)
[0.561s] -- Build files have been written to: /root/ros2_ws/build/erl1
[0.598s] Invoked command in '/root/ros2_ws/build/erl1' returned '0': CMAKE_PREFIX_PATH=${CMAKE_PREFIX_PATH}:/opt/ros/jazzy /usr/bin/cmake --build /root/ros2_ws/build/erl1 -- -j8 -l8
[0.609s] Invoking command in '/root/ros2_ws/build/erl1': CMAKE_PREFIX_PATH=${CMAKE_PREFIX_PATH}:/opt/ros/jazzy /usr/bin/cmake --install /root/ros2_ws/build/erl1
[0.619s] -- Install configuration: ""
[0.620s] -- Installing: /root/ros2_ws/install/erl1/share/erl1/launch
[0.620s] -- Installing: /root/ros2_ws/install/erl1/share/erl1/launch/my_launch.py
[0.621s] -- Installing: /root/ros2_ws/install/erl1/share/erl1/worlds
[0.622s] -- Installing: /root/ros2_ws/install/erl1/share/erl1/worlds/my_world.sdf
[0.623s] -- Up-to-date: /root/ros2_ws/install/erl1/share/ament_index/resource_index/package_run_dependencies/erl1
[0.624s] -- Installing: /root/ros2_ws/install/erl1/share/ament_index/resource_index/parent_prefix_path/erl1
[0.625s] -- Up-to-date: /root/ros2_ws/install/erl1/share/erl1/environment/ament_prefix_path.sh
[0.625s] -- Up-to-date: /root/ros2_ws/install/erl1/share/erl1/environment/ament_prefix_path.dsv
[0.625s] -- Up-to-date: /root/ros2_ws/install/erl1/share/erl1/environment/path.sh
[0.625s] -- Up-to-date: /root/ros2_ws/install/erl1/share/erl1/environment/path.dsv
[0.625s] -- Up-to-date: /root/ros2_ws/install/erl1/share/erl1/local_setup.bash
[0.625s] -- Up-to-date: /root/ros2_ws/install/erl1/share/erl1/local_setup.sh
[0.626s] -- Up-to-date: /root/ros2_ws/install/erl1/share/erl1/local_setup.zsh
[0.626s] -- Up-to-date: /root/ros2_ws/install/erl1/share/erl1/local_setup.dsv
[0.626s] -- Up-to-date: /root/ros2_ws/install/erl1/share/erl1/package.dsv
[0.626s] -- Up-to-date: /root/ros2_ws/install/erl1/share/ament_index/resource_index/packages/erl1
[0.626s] -- Up-to-date: /root/ros2_ws/install/erl1/share/erl1/cmake/erl1Config.cmake
[0.626s] -- Up-to-date: /root/ros2_ws/install/erl1/share/erl1/cmake/erl1Config-version.cmake
[0.626s] -- Up-to-date: /root/ros2_ws/install/erl1/share/erl1/package.xml
[0.628s] Invoked command in '/root/ros2_ws/build/erl1' returned '0': CMAKE_PREFIX_PATH=${CMAKE_PREFIX_PATH}:/opt/ros/jazzy /usr/bin/cmake --install /root/ros2_ws/build/erl1
