[ 33%] Built target it_modifier
[ 66%] Built target image_subscriber
[100%] Built target it_subscriber
-- Install configuration: ""
-- Up-to-date: /root/ros2_ws/install/my_opencv/lib/my_opencv/image_subscriber
-- Up-to-date: /root/ros2_ws/install/my_opencv/lib/my_opencv/it_subscriber
-- Up-to-date: /root/ros2_ws/install/my_opencv/lib/my_opencv/it_modifier
-- Up-to-date: /root/ros2_ws/install/my_opencv/share/ament_index/resource_index/package_run_dependencies/my_opencv
-- Up-to-date: /root/ros2_ws/install/my_opencv/share/ament_index/resource_index/parent_prefix_path/my_opencv
-- Up-to-date: /root/ros2_ws/install/my_opencv/share/my_opencv/environment/ament_prefix_path.sh
-- Up-to-date: /root/ros2_ws/install/my_opencv/share/my_opencv/environment/ament_prefix_path.dsv
-- Up-to-date: /root/ros2_ws/install/my_opencv/share/my_opencv/environment/path.sh
-- Up-to-date: /root/ros2_ws/install/my_opencv/share/my_opencv/environment/path.dsv
-- Up-to-date: /root/ros2_ws/install/my_opencv/share/my_opencv/local_setup.bash
-- Up-to-date: /root/ros2_ws/install/my_opencv/share/my_opencv/local_setup.sh
-- Up-to-date: /root/ros2_ws/install/my_opencv/share/my_opencv/local_setup.zsh
-- Up-to-date: /root/ros2_ws/install/my_opencv/share/my_opencv/local_setup.dsv
-- Installing: /root/ros2_ws/install/my_opencv/share/my_opencv/package.dsv
-- Up-to-date: /root/ros2_ws/install/my_opencv/share/ament_index/resource_index/packages/my_opencv
-- Up-to-date: /root/ros2_ws/install/my_opencv/share/my_opencv/cmake/my_opencvConfig.cmake
-- Up-to-date: /root/ros2_ws/install/my_opencv/share/my_opencv/cmake/my_opencvConfig-version.cmake
-- Up-to-date: /root/ros2_ws/install/my_opencv/share/my_opencv/package.xml
