[0.614s] Invoking command in '/root/ros2_ws/build/my_opencv': CMAKE_PREFIX_PATH=${CMAKE_PREFIX_PATH}:/opt/ros/jazzy /usr/bin/cmake --build /root/ros2_ws/build/my_opencv -- -j8 -l8
[0.918s] [ 33%] Built target it_modifier
[0.925s] [ 66%] Built target image_subscriber
[0.953s] [100%] Built target it_subscriber
[1.031s] Invoked command in '/root/ros2_ws/build/my_opencv' returned '0': CMAKE_PREFIX_PATH=${CMAKE_PREFIX_PATH}:/opt/ros/jazzy /usr/bin/cmake --build /root/ros2_ws/build/my_opencv -- -j8 -l8
[1.033s] Invoking command in '/root/ros2_ws/build/my_opencv': CMAKE_PREFIX_PATH=${CMAKE_PREFIX_PATH}:/opt/ros/jazzy /usr/bin/cmake --install /root/ros2_ws/build/my_opencv
[1.062s] -- Install configuration: ""
[1.067s] -- Up-to-date: /root/ros2_ws/install/my_opencv/lib/my_opencv/image_subscriber
[1.076s] -- Up-to-date: /root/ros2_ws/install/my_opencv/lib/my_opencv/it_subscriber
[1.096s] -- Up-to-date: /root/ros2_ws/install/my_opencv/lib/my_opencv/it_modifier
[1.096s] -- Up-to-date: /root/ros2_ws/install/my_opencv/share/ament_index/resource_index/package_run_dependencies/my_opencv
[1.096s] -- Up-to-date: /root/ros2_ws/install/my_opencv/share/ament_index/resource_index/parent_prefix_path/my_opencv
[1.096s] -- Up-to-date: /root/ros2_ws/install/my_opencv/share/my_opencv/environment/ament_prefix_path.sh
[1.096s] -- Up-to-date: /root/ros2_ws/install/my_opencv/share/my_opencv/environment/ament_prefix_path.dsv
[1.096s] -- Up-to-date: /root/ros2_ws/install/my_opencv/share/my_opencv/environment/path.sh
[1.097s] -- Up-to-date: /root/ros2_ws/install/my_opencv/share/my_opencv/environment/path.dsv
[1.097s] -- Up-to-date: /root/ros2_ws/install/my_opencv/share/my_opencv/local_setup.bash
[1.097s] -- Up-to-date: /root/ros2_ws/install/my_opencv/share/my_opencv/local_setup.sh
[1.097s] -- Up-to-date: /root/ros2_ws/install/my_opencv/share/my_opencv/local_setup.zsh
[1.097s] -- Up-to-date: /root/ros2_ws/install/my_opencv/share/my_opencv/local_setup.dsv
[1.097s] -- Installing: /root/ros2_ws/install/my_opencv/share/my_opencv/package.dsv
[1.101s] -- Up-to-date: /root/ros2_ws/install/my_opencv/share/ament_index/resource_index/packages/my_opencv
[1.101s] -- Up-to-date: /root/ros2_ws/install/my_opencv/share/my_opencv/cmake/my_opencvConfig.cmake
[1.102s] -- Up-to-date: /root/ros2_ws/install/my_opencv/share/my_opencv/cmake/my_opencvConfig-version.cmake
[1.103s] -- Up-to-date: /root/ros2_ws/install/my_opencv/share/my_opencv/package.xml
[1.121s] Invoked command in '/root/ros2_ws/build/my_opencv' returned '0': CMAKE_PREFIX_PATH=${CMAKE_PREFIX_PATH}:/opt/ros/jazzy /usr/bin/cmake --install /root/ros2_ws/build/my_opencv
