-- The C compiler identification is GNU 13.3.0
-- The CXX compiler identification is GNU 13.3.0
-- Detecting C compiler ABI info
-- Detecting C compiler ABI info - done
-- Check for working C compiler: /usr/bin/cc - skipped
-- Detecting C compile features
-- Detecting C compile features - done
-- Detecting CXX compiler ABI info
-- Detecting CXX compiler ABI info - done
-- Check for working CXX compiler: /usr/bin/c++ - skipped
-- Detecting CXX compile features
-- Detecting CXX compile features - done
-- Found ament_cmake: 2.5.4 (/opt/ros/jazzy/share/ament_cmake/cmake)
-- Found Python3: /usr/bin/python3 (found version "3.12.3") found components: Interpreter 
-- Found rclcpp: 28.1.11 (/opt/ros/jazzy/share/rclcpp/cmake)
-- Found rosidl_generator_c: 4.6.6 (/opt/ros/jazzy/share/rosidl_generator_c/cmake)
-- Found rosidl_generator_cpp: 4.6.6 (/opt/ros/jazzy/share/rosidl_generator_cpp/cmake)
-- Using all available rosidl_typesupport_c: rosidl_typesupport_fastrtps_c;rosidl_typesupport_introspection_c
-- Using all available rosidl_typesupport_cpp: rosidl_typesupport_fastrtps_cpp;rosidl_typesupport_introspection_cpp
-- Found rmw_implementation_cmake: 7.3.2 (/opt/ros/jazzy/share/rmw_implementation_cmake/cmake)
-- Found rmw_fastrtps_cpp: 8.4.3 (/opt/ros/jazzy/share/rmw_fastrtps_cpp/cmake)
-- Found OpenSSL: /usr/lib/x86_64-linux-gnu/libcrypto.so (found version "3.0.13")  
-- Found FastRTPS: /opt/ros/jazzy/include (Required is at least version "2.13") 
-- Using RMW implementation 'rmw_fastrtps_cpp' as default
-- Found sensor_msgs: 5.3.6 (/opt/ros/jazzy/share/sensor_msgs/cmake)
-- Found cv_bridge: 4.1.0 (/opt/ros/jazzy/share/cv_bridge/cmake)
-- Found OpenCV: /usr (found version "4.6.0") 
-- Found image_transport: 5.1.7 (/opt/ros/jazzy/share/image_transport/cmake)
-- Found ament_lint_auto: 0.17.3 (/opt/ros/jazzy/share/ament_lint_auto/cmake)
-- Added test 'cppcheck' to perform static code analysis on C / C++ code
-- Configured cppcheck include dirs: 
-- Configured cppcheck exclude dirs and/or files: 
-- Added test 'lint_cmake' to check CMake code style
-- Added test 'uncrustify' to check C / C++ code style
-- Configured uncrustify additional arguments: 
-- Added test 'xmllint' to check XML markup files
-- Configuring done (3.4s)
-- Generating done (0.0s)
-- Build files have been written to: /root/ros2_ws/build/my_opencv
[ 50%] [32mBuilding CXX object CMakeFiles/it_subscriber.dir/src/subscriber_it.cpp.o[0m
[ 50%] [32mBuilding CXX object CMakeFiles/image_subscriber.dir/src/subscriber.cpp.o[0m
[ 50%] [32mBuilding CXX object CMakeFiles/it_modifier.dir/src/modifier_it.cpp.o[0m
[ 83%] [32m[1mLinking CXX executable it_subscriber[0m
[ 83%] [32m[1mLinking CXX executable it_modifier[0m
[ 83%] Built target it_modifier
[ 83%] Built target it_subscriber
[100%] [32m[1mLinking CXX executable image_subscriber[0m
[100%] Built target image_subscriber
-- Install configuration: ""
-- Installing: /root/ros2_ws/install/my_opencv/lib/my_opencv/image_subscriber
-- Set non-toolchain portion of runtime path of "/root/ros2_ws/install/my_opencv/lib/my_opencv/image_subscriber" to ""
-- Installing: /root/ros2_ws/install/my_opencv/lib/my_opencv/it_subscriber
-- Set non-toolchain portion of runtime path of "/root/ros2_ws/install/my_opencv/lib/my_opencv/it_subscriber" to ""
-- Installing: /root/ros2_ws/install/my_opencv/lib/my_opencv/it_modifier
-- Set non-toolchain portion of runtime path of "/root/ros2_ws/install/my_opencv/lib/my_opencv/it_modifier" to ""
-- Installing: /root/ros2_ws/install/my_opencv/share/ament_index/resource_index/package_run_dependencies/my_opencv
-- Installing: /root/ros2_ws/install/my_opencv/share/ament_index/resource_index/parent_prefix_path/my_opencv
-- Installing: /root/ros2_ws/install/my_opencv/share/my_opencv/environment/ament_prefix_path.sh
-- Installing: /root/ros2_ws/install/my_opencv/share/my_opencv/environment/ament_prefix_path.dsv
-- Installing: /root/ros2_ws/install/my_opencv/share/my_opencv/environment/path.sh
-- Installing: /root/ros2_ws/install/my_opencv/share/my_opencv/environment/path.dsv
-- Installing: /root/ros2_ws/install/my_opencv/share/my_opencv/local_setup.bash
-- Installing: /root/ros2_ws/install/my_opencv/share/my_opencv/local_setup.sh
-- Installing: /root/ros2_ws/install/my_opencv/share/my_opencv/local_setup.zsh
-- Installing: /root/ros2_ws/install/my_opencv/share/my_opencv/local_setup.dsv
-- Installing: /root/ros2_ws/install/my_opencv/share/my_opencv/package.dsv
-- Installing: /root/ros2_ws/install/my_opencv/share/ament_index/resource_index/packages/my_opencv
-- Installing: /root/ros2_ws/install/my_opencv/share/my_opencv/cmake/my_opencvConfig.cmake
-- Installing: /root/ros2_ws/install/my_opencv/share/my_opencv/cmake/my_opencvConfig-version.cmake
-- Installing: /root/ros2_ws/install/my_opencv/share/my_opencv/package.xml
