[0.364s] Invoking command in '/root/ros2_ws/build/my_opencv': CMAKE_PREFIX_PATH=${CMAKE_PREFIX_PATH}:/opt/ros/jazzy /usr/bin/cmake /root/ros2_ws/src/my_opencv -DCMAKE_INSTALL_PREFIX=/root/ros2_ws/install/my_opencv
[0.789s] -- The C compiler identification is GNU 13.3.0
[1.038s] -- The CXX compiler identification is GNU 13.3.0
[1.084s] -- Detecting C compiler ABI info
[1.237s] -- Detecting C compiler ABI info - done
[1.249s] -- Check for working C compiler: /usr/bin/cc - skipped
[1.250s] -- Detecting C compile features
[1.251s] -- Detecting C compile features - done
[1.271s] -- Detecting CXX compiler ABI info
[1.423s] -- Detecting CXX compiler ABI info - done
[1.432s] -- Check for working CXX compiler: /usr/bin/c++ - skipped
[1.433s] -- Detecting CXX compile features
[1.433s] -- Detecting CXX compile features - done
[1.490s] -- Found ament_cmake: 2.5.4 (/opt/ros/jazzy/share/ament_cmake/cmake)
[1.775s] -- Found Python3: /usr/bin/python3 (found version "3.12.3") found components: Interpreter 
[2.116s] -- Found rclcpp: 28.1.11 (/opt/ros/jazzy/share/rclcpp/cmake)
[2.284s] -- Found rosidl_generator_c: 4.6.6 (/opt/ros/jazzy/share/rosidl_generator_c/cmake)
[2.345s] -- Found rosidl_generator_cpp: 4.6.6 (/opt/ros/jazzy/share/rosidl_generator_cpp/cmake)
[2.467s] -- Using all available rosidl_typesupport_c: rosidl_typesupport_fastrtps_c;rosidl_typesupport_introspection_c
[2.552s] -- Using all available rosidl_typesupport_cpp: rosidl_typesupport_fastrtps_cpp;rosidl_typesupport_introspection_cpp
[2.803s] -- Found rmw_implementation_cmake: 7.3.2 (/opt/ros/jazzy/share/rmw_implementation_cmake/cmake)
[2.816s] -- Found rmw_fastrtps_cpp: 8.4.3 (/opt/ros/jazzy/share/rmw_fastrtps_cpp/cmake)
[3.142s] -- Found OpenSSL: /usr/lib/x86_64-linux-gnu/libcrypto.so (found version "3.0.13")  
[3.209s] -- Found FastRTPS: /opt/ros/jazzy/include (Required is at least version "2.13") 
[3.258s] -- Using RMW implementation 'rmw_fastrtps_cpp' as default
[3.394s] -- Found sensor_msgs: 5.3.6 (/opt/ros/jazzy/share/sensor_msgs/cmake)
[3.487s] -- Found cv_bridge: 4.1.0 (/opt/ros/jazzy/share/cv_bridge/cmake)
[3.536s] -- Found OpenCV: /usr (found version "4.6.0") 
[3.549s] -- Found image_transport: 5.1.7 (/opt/ros/jazzy/share/image_transport/cmake)
[3.622s] -- Found ament_lint_auto: 0.17.3 (/opt/ros/jazzy/share/ament_lint_auto/cmake)
[3.781s] -- Added test 'cppcheck' to perform static code analysis on C / C++ code
[3.781s] -- Configured cppcheck include dirs: 
[3.781s] -- Configured cppcheck exclude dirs and/or files: 
[3.784s] -- Added test 'lint_cmake' to check CMake code style
[3.789s] -- Added test 'uncrustify' to check C / C++ code style
[3.789s] -- Configured uncrustify additional arguments: 
[3.792s] -- Added test 'xmllint' to check XML markup files
[3.796s] -- Configuring done (3.4s)
[3.854s] -- Generating done (0.0s)
[3.866s] -- Build files have been written to: /root/ros2_ws/build/my_opencv
[3.888s] Invoked command in '/root/ros2_ws/build/my_opencv' returned '0': CMAKE_PREFIX_PATH=${CMAKE_PREFIX_PATH}:/opt/ros/jazzy /usr/bin/cmake /root/ros2_ws/src/my_opencv -DCMAKE_INSTALL_PREFIX=/root/ros2_ws/install/my_opencv
[3.891s] Invoking command in '/root/ros2_ws/build/my_opencv': CMAKE_PREFIX_PATH=${CMAKE_PREFIX_PATH}:/opt/ros/jazzy /usr/bin/cmake --build /root/ros2_ws/build/my_opencv -- -j8 -l8
[3.963s] [ 50%] [32mBuilding CXX object CMakeFiles/it_subscriber.dir/src/subscriber_it.cpp.o[0m
[3.963s] [ 50%] [32mBuilding CXX object CMakeFiles/image_subscriber.dir/src/subscriber.cpp.o[0m
[3.963s] [ 50%] [32mBuilding CXX object CMakeFiles/it_modifier.dir/src/modifier_it.cpp.o[0m
[13.272s] [ 83%] [32m[1mLinking CXX executable it_subscriber[0m
[13.273s] [ 83%] [32m[1mLinking CXX executable it_modifier[0m
[14.612s] [ 83%] Built target it_modifier
[14.617s] [ 83%] Built target it_subscriber
[17.187s] [100%] [32m[1mLinking CXX executable image_subscriber[0m
[17.856s] [100%] Built target image_subscriber
[17.894s] Invoked command in '/root/ros2_ws/build/my_opencv' returned '0': CMAKE_PREFIX_PATH=${CMAKE_PREFIX_PATH}:/opt/ros/jazzy /usr/bin/cmake --build /root/ros2_ws/build/my_opencv -- -j8 -l8
[17.909s] Invoking command in '/root/ros2_ws/build/my_opencv': CMAKE_PREFIX_PATH=${CMAKE_PREFIX_PATH}:/opt/ros/jazzy /usr/bin/cmake --install /root/ros2_ws/build/my_opencv
[17.923s] -- Install configuration: ""
[17.924s] -- Installing: /root/ros2_ws/install/my_opencv/lib/my_opencv/image_subscriber
[17.929s] -- Set non-toolchain portion of runtime path of "/root/ros2_ws/install/my_opencv/lib/my_opencv/image_subscriber" to ""
[17.929s] -- Installing: /root/ros2_ws/install/my_opencv/lib/my_opencv/it_subscriber
[17.930s] -- Set non-toolchain portion of runtime path of "/root/ros2_ws/install/my_opencv/lib/my_opencv/it_subscriber" to ""
[17.930s] -- Installing: /root/ros2_ws/install/my_opencv/lib/my_opencv/it_modifier
[17.932s] -- Set non-toolchain portion of runtime path of "/root/ros2_ws/install/my_opencv/lib/my_opencv/it_modifier" to ""
[17.933s] -- Installing: /root/ros2_ws/install/my_opencv/share/ament_index/resource_index/package_run_dependencies/my_opencv
[17.933s] -- Installing: /root/ros2_ws/install/my_opencv/share/ament_index/resource_index/parent_prefix_path/my_opencv
[17.934s] -- Installing: /root/ros2_ws/install/my_opencv/share/my_opencv/environment/ament_prefix_path.sh
[17.934s] -- Installing: /root/ros2_ws/install/my_opencv/share/my_opencv/environment/ament_prefix_path.dsv
[17.934s] -- Installing: /root/ros2_ws/install/my_opencv/share/my_opencv/environment/path.sh
[17.934s] -- Installing: /root/ros2_ws/install/my_opencv/share/my_opencv/environment/path.dsv
[17.935s] -- Installing: /root/ros2_ws/install/my_opencv/share/my_opencv/local_setup.bash
[17.935s] -- Installing: /root/ros2_ws/install/my_opencv/share/my_opencv/local_setup.sh
[17.935s] -- Installing: /root/ros2_ws/install/my_opencv/share/my_opencv/local_setup.zsh
[17.935s] -- Installing: /root/ros2_ws/install/my_opencv/share/my_opencv/local_setup.dsv
[17.935s] -- Installing: /root/ros2_ws/install/my_opencv/share/my_opencv/package.dsv
[17.936s] -- Installing: /root/ros2_ws/install/my_opencv/share/ament_index/resource_index/packages/my_opencv
[17.936s] -- Installing: /root/ros2_ws/install/my_opencv/share/my_opencv/cmake/my_opencvConfig.cmake
[17.936s] -- Installing: /root/ros2_ws/install/my_opencv/share/my_opencv/cmake/my_opencvConfig-version.cmake
[17.937s] -- Installing: /root/ros2_ws/install/my_opencv/share/my_opencv/package.xml
[17.943s] Invoked command in '/root/ros2_ws/build/my_opencv' returned '0': CMAKE_PREFIX_PATH=${CMAKE_PREFIX_PATH}:/opt/ros/jazzy /usr/bin/cmake --install /root/ros2_ws/build/my_opencv
