[2.784s] Invoking command in '/root/ros2_ws/src/mogi_trajectory_server': PYTHONPATH=/root/ros2_ws/build/mogi_trajectory_server/prefix_override:/usr/lib/python3/dist-packages/colcon_core/task/python/colcon_distutils_commands:/root/ros2_ws/install/mogi_trajectory_server/lib/python3.12/site-packages:${PYTHONPATH} /usr/bin/python3 -W ignore:setup.py install is deprecated -W ignore:easy_install command is deprecated setup.py egg_info --egg-base ../../build/mogi_trajectory_server build --build-base /root/ros2_ws/build/mogi_trajectory_server/build install --record /root/ros2_ws/build/mogi_trajectory_server/install.log --single-version-externally-managed install_data
[3.219s] running egg_info
[3.220s] creating ../../build/mogi_trajectory_server/mogi_trajectory_server.egg-info
[3.247s] writing ../../build/mogi_trajectory_server/mogi_trajectory_server.egg-info/PKG-INFO
[3.248s] writing dependency_links to ../../build/mogi_trajectory_server/mogi_trajectory_server.egg-info/dependency_links.txt
[3.248s] writing entry points to ../../build/mogi_trajectory_server/mogi_trajectory_server.egg-info/entry_points.txt
[3.249s] writing requirements to ../../build/mogi_trajectory_server/mogi_trajectory_server.egg-info/requires.txt
[3.249s] writing top-level names to ../../build/mogi_trajectory_server/mogi_trajectory_server.egg-info/top_level.txt
[3.249s] writing manifest file '../../build/mogi_trajectory_server/mogi_trajectory_server.egg-info/SOURCES.txt'
[3.312s] reading manifest file '../../build/mogi_trajectory_server/mogi_trajectory_server.egg-info/SOURCES.txt'
[3.313s] adding license file 'LICENSE'
[3.313s] writing manifest file '../../build/mogi_trajectory_server/mogi_trajectory_server.egg-info/SOURCES.txt'
[3.314s] running build
[3.314s] running build_py
[3.314s] creating /root/ros2_ws/build/mogi_trajectory_server/build
[3.315s] creating /root/ros2_ws/build/mogi_trajectory_server/build/lib
[3.316s] creating /root/ros2_ws/build/mogi_trajectory_server/build/lib/mogi_trajectory_server
[3.317s] copying mogi_trajectory_server/__init__.py -> /root/ros2_ws/build/mogi_trajectory_server/build/lib/mogi_trajectory_server
[3.317s] copying mogi_trajectory_server/trajectory_topic_based.py -> /root/ros2_ws/build/mogi_trajectory_server/build/lib/mogi_trajectory_server
[3.318s] copying mogi_trajectory_server/trajectory.py -> /root/ros2_ws/build/mogi_trajectory_server/build/lib/mogi_trajectory_server
[3.318s] running install
[3.330s] running install_lib
[3.352s] creating /root/ros2_ws/install/mogi_trajectory_server/lib/python3.12/site-packages/mogi_trajectory_server
[3.353s] copying /root/ros2_ws/build/mogi_trajectory_server/build/lib/mogi_trajectory_server/__init__.py -> /root/ros2_ws/install/mogi_trajectory_server/lib/python3.12/site-packages/mogi_trajectory_server
[3.355s] copying /root/ros2_ws/build/mogi_trajectory_server/build/lib/mogi_trajectory_server/trajectory_topic_based.py -> /root/ros2_ws/install/mogi_trajectory_server/lib/python3.12/site-packages/mogi_trajectory_server
[3.356s] copying /root/ros2_ws/build/mogi_trajectory_server/build/lib/mogi_trajectory_server/trajectory.py -> /root/ros2_ws/install/mogi_trajectory_server/lib/python3.12/site-packages/mogi_trajectory_server
[3.357s] byte-compiling /root/ros2_ws/install/mogi_trajectory_server/lib/python3.12/site-packages/mogi_trajectory_server/__init__.py to __init__.cpython-312.pyc
[3.358s] byte-compiling /root/ros2_ws/install/mogi_trajectory_server/lib/python3.12/site-packages/mogi_trajectory_server/trajectory_topic_based.py to trajectory_topic_based.cpython-312.pyc
[3.360s] byte-compiling /root/ros2_ws/install/mogi_trajectory_server/lib/python3.12/site-packages/mogi_trajectory_server/trajectory.py to trajectory.cpython-312.pyc
[3.362s] running install_data
[3.363s] creating /root/ros2_ws/install/mogi_trajectory_server/share/ament_index
[3.363s] creating /root/ros2_ws/install/mogi_trajectory_server/share/ament_index/resource_index
[3.364s] creating /root/ros2_ws/install/mogi_trajectory_server/share/ament_index/resource_index/packages
[3.365s] copying resource/mogi_trajectory_server -> /root/ros2_ws/install/mogi_trajectory_server/share/ament_index/resource_index/packages
[3.367s] copying package.xml -> /root/ros2_ws/install/mogi_trajectory_server/share/mogi_trajectory_server
[3.367s] running install_egg_info
[3.393s] Copying ../../build/mogi_trajectory_server/mogi_trajectory_server.egg-info to /root/ros2_ws/install/mogi_trajectory_server/lib/python3.12/site-packages/mogi_trajectory_server-1.0.0-py3.12.egg-info
[3.400s] running install_scripts
[3.584s] Installing mogi_trajectory_server script to /root/ros2_ws/install/mogi_trajectory_server/lib/mogi_trajectory_server
[3.585s] Installing mogi_trajectory_server_topic_based script to /root/ros2_ws/install/mogi_trajectory_server/lib/mogi_trajectory_server
[3.586s] writing list of installed files to '/root/ros2_ws/build/mogi_trajectory_server/install.log'
[3.635s] Invoked command in '/root/ros2_ws/src/mogi_trajectory_server' returned '0': PYTHONPATH=/root/ros2_ws/build/mogi_trajectory_server/prefix_override:/usr/lib/python3/dist-packages/colcon_core/task/python/colcon_distutils_commands:/root/ros2_ws/install/mogi_trajectory_server/lib/python3.12/site-packages:${PYTHONPATH} /usr/bin/python3 -W ignore:setup.py install is deprecated -W ignore:easy_install command is deprecated setup.py egg_info --egg-base ../../build/mogi_trajectory_server build --build-base /root/ros2_ws/build/mogi_trajectory_server/build install --record /root/ros2_ws/build/mogi_trajectory_server/install.log --single-version-externally-managed install_data
