[0.332s] DEBUG:colcon:Command line arguments: ['/usr/bin/colcon', 'build']
[0.332s] DEBUG:colcon:Parsed command line arguments: Namespace(log_base=None, log_level=None, verb_name='build', build_base='build', install_base='install', merge_install=False, symlink_install=False, test_result_base=None, continue_on_error=False, executor='parallel', parallel_workers=8, event_handlers=None, ignore_user_meta=False, metas=['./colcon.meta'], base_paths=['.'], packages_ignore=None, packages_ignore_regex=None, paths=None, packages_up_to=None, packages_up_to_regex=None, packages_above=None, packages_above_and_dependencies=None, packages_above_depth=None, packages_select_by_dep=None, packages_skip_by_dep=None, packages_skip_up_to=None, packages_select_build_failed=False, packages_skip_build_finished=False, packages_select_test_failures=False, packages_skip_test_passed=False, packages_select=None, packages_skip=None, packages_select_regex=None, packages_skip_regex=None, packages_start=None, packages_end=None, cmake_args=None, cmake_target=None, cmake_target_skip_unavailable=False, cmake_clean_cache=False, cmake_clean_first=False, cmake_force_configure=False, ament_cmake_args=None, catkin_cmake_args=None, catkin_skip_building_tests=False, mixin_files=None, mixin=None, verb_parser=<colcon_mixin.mixin.mixin_argument.MixinArgumentDecorator object at 0x74b2539f1e50>, verb_extension=<colcon_core.verb.build.BuildVerb object at 0x74b2539f1a00>, main=<bound method BuildVerb.main of <colcon_core.verb.build.BuildVerb object at 0x74b2539f1a00>>, mixin_verb=('build',))
[0.498s] Level 1:colcon.colcon_core.package_discovery:discover_packages(colcon_meta) check parameters
[0.500s] INFO:colcon.colcon_metadata.package_discovery.colcon_meta:Using configuration from '/root/.colcon/metadata/default/Gazebo.meta'
[0.500s] INFO:colcon.colcon_metadata.package_discovery.colcon_meta:Using configuration from '/root/.colcon/metadata/default/fastdds.meta'
[0.501s] INFO:colcon.colcon_metadata.package_discovery.colcon_meta:Using configuration from '/root/.colcon/metadata/default/fastrtps.meta'
[0.501s] Level 1:colcon.colcon_core.package_discovery:discover_packages(recursive) check parameters
[0.501s] Level 1:colcon.colcon_core.package_discovery:discover_packages(ignore) check parameters
[0.501s] Level 1:colcon.colcon_core.package_discovery:discover_packages(path) check parameters
[0.501s] Level 1:colcon.colcon_core.package_discovery:discover_packages(colcon_meta) discover
[0.502s] Level 1:colcon.colcon_core.package_discovery:discover_packages(recursive) discover
[0.502s] INFO:colcon.colcon_core.package_discovery:Crawling recursively for packages in '/root/ros2_ws'
[0.502s] Level 1:colcon.colcon_core.package_identification:_identify(.) by extensions ['ignore', 'ignore_ament_install']
[0.502s] Level 1:colcon.colcon_core.package_identification:_identify(.) by extension 'ignore'
[0.503s] Level 1:colcon.colcon_core.package_identification:_identify(.) by extension 'ignore_ament_install'
[0.503s] Level 1:colcon.colcon_core.package_identification:_identify(.) by extensions ['colcon_pkg']
[0.503s] Level 1:colcon.colcon_core.package_identification:_identify(.) by extension 'colcon_pkg'
[0.503s] Level 1:colcon.colcon_core.package_identification:_identify(.) by extensions ['colcon_meta']
[0.503s] Level 1:colcon.colcon_core.package_identification:_identify(.) by extension 'colcon_meta'
[0.503s] Level 1:colcon.colcon_core.package_identification:_identify(.) by extensions ['ros']
[0.503s] Level 1:colcon.colcon_core.package_identification:_identify(.) by extension 'ros'
[0.666s] Level 1:colcon.colcon_core.package_identification:_identify(.) by extensions ['cmake', 'python']
[0.666s] Level 1:colcon.colcon_core.package_identification:_identify(.) by extension 'cmake'
[0.666s] Level 1:colcon.colcon_core.package_identification:_identify(.) by extension 'python'
[0.666s] Level 1:colcon.colcon_core.package_identification:_identify(.) by extensions ['python_setup_py']
[0.666s] Level 1:colcon.colcon_core.package_identification:_identify(.) by extension 'python_setup_py'
[0.667s] Level 1:colcon.colcon_core.package_identification:_identify(build) by extensions ['ignore', 'ignore_ament_install']
[0.668s] Level 1:colcon.colcon_core.package_identification:_identify(build) by extension 'ignore'
[0.668s] Level 1:colcon.colcon_core.package_identification:_identify(build) ignored
[0.668s] Level 1:colcon.colcon_core.package_identification:_identify(install) by extensions ['ignore', 'ignore_ament_install']
[0.669s] Level 1:colcon.colcon_core.package_identification:_identify(install) by extension 'ignore'
[0.669s] Level 1:colcon.colcon_core.package_identification:_identify(install) ignored
[0.669s] Level 1:colcon.colcon_core.package_identification:_identify(log) by extensions ['ignore', 'ignore_ament_install']
[0.669s] Level 1:colcon.colcon_core.package_identification:_identify(log) by extension 'ignore'
[0.669s] Level 1:colcon.colcon_core.package_identification:_identify(log) ignored
[0.669s] Level 1:colcon.colcon_core.package_identification:_identify(src) by extensions ['ignore', 'ignore_ament_install']
[0.669s] Level 1:colcon.colcon_core.package_identification:_identify(src) by extension 'ignore'
[0.669s] Level 1:colcon.colcon_core.package_identification:_identify(src) by extension 'ignore_ament_install'
[0.670s] Level 1:colcon.colcon_core.package_identification:_identify(src) by extensions ['colcon_pkg']
[0.670s] Level 1:colcon.colcon_core.package_identification:_identify(src) by extension 'colcon_pkg'
[0.670s] Level 1:colcon.colcon_core.package_identification:_identify(src) by extensions ['colcon_meta']
[0.670s] Level 1:colcon.colcon_core.package_identification:_identify(src) by extension 'colcon_meta'
[0.670s] Level 1:colcon.colcon_core.package_identification:_identify(src) by extensions ['ros']
[0.670s] Level 1:colcon.colcon_core.package_identification:_identify(src) by extension 'ros'
[0.670s] Level 1:colcon.colcon_core.package_identification:_identify(src) by extensions ['cmake', 'python']
[0.670s] Level 1:colcon.colcon_core.package_identification:_identify(src) by extension 'cmake'
[0.670s] Level 1:colcon.colcon_core.package_identification:_identify(src) by extension 'python'
[0.670s] Level 1:colcon.colcon_core.package_identification:_identify(src) by extensions ['python_setup_py']
[0.670s] Level 1:colcon.colcon_core.package_identification:_identify(src) by extension 'python_setup_py'
[0.671s] Level 1:colcon.colcon_core.package_identification:_identify(src/bitbots_tf_buffer) by extensions ['ignore', 'ignore_ament_install']
[0.671s] Level 1:colcon.colcon_core.package_identification:_identify(src/bitbots_tf_buffer) by extension 'ignore'
[0.671s] Level 1:colcon.colcon_core.package_identification:_identify(src/bitbots_tf_buffer) by extension 'ignore_ament_install'
[0.671s] Level 1:colcon.colcon_core.package_identification:_identify(src/bitbots_tf_buffer) by extensions ['colcon_pkg']
[0.671s] Level 1:colcon.colcon_core.package_identification:_identify(src/bitbots_tf_buffer) by extension 'colcon_pkg'
[0.671s] Level 1:colcon.colcon_core.package_identification:_identify(src/bitbots_tf_buffer) by extensions ['colcon_meta']
[0.671s] Level 1:colcon.colcon_core.package_identification:_identify(src/bitbots_tf_buffer) by extension 'colcon_meta'
[0.671s] Level 1:colcon.colcon_core.package_identification:_identify(src/bitbots_tf_buffer) by extensions ['ros']
[0.671s] Level 1:colcon.colcon_core.package_identification:_identify(src/bitbots_tf_buffer) by extension 'ros'
[0.682s] DEBUG:colcon.colcon_core.package_identification:Package 'src/bitbots_tf_buffer' with type 'ros.ament_cmake' and name 'bitbots_tf_buffer'
[0.683s] Level 1:colcon.colcon_core.package_identification:_identify(src/erl1) by extensions ['ignore', 'ignore_ament_install']
[0.683s] Level 1:colcon.colcon_core.package_identification:_identify(src/erl1) by extension 'ignore'
[0.684s] Level 1:colcon.colcon_core.package_identification:_identify(src/erl1) by extension 'ignore_ament_install'
[0.684s] Level 1:colcon.colcon_core.package_identification:_identify(src/erl1) by extensions ['colcon_pkg']
[0.684s] Level 1:colcon.colcon_core.package_identification:_identify(src/erl1) by extension 'colcon_pkg'
[0.684s] Level 1:colcon.colcon_core.package_identification:_identify(src/erl1) by extensions ['colcon_meta']
[0.684s] Level 1:colcon.colcon_core.package_identification:_identify(src/erl1) by extension 'colcon_meta'
[0.684s] Level 1:colcon.colcon_core.package_identification:_identify(src/erl1) by extensions ['ros']
[0.684s] Level 1:colcon.colcon_core.package_identification:_identify(src/erl1) by extension 'ros'
[0.685s] DEBUG:colcon.colcon_core.package_identification:Package 'src/erl1' with type 'ros.ament_cmake' and name 'erl1'
[0.685s] Level 1:colcon.colcon_core.package_identification:_identify(src/erl1_sensors) by extensions ['ignore', 'ignore_ament_install']
[0.685s] Level 1:colcon.colcon_core.package_identification:_identify(src/erl1_sensors) by extension 'ignore'
[0.686s] Level 1:colcon.colcon_core.package_identification:_identify(src/erl1_sensors) by extension 'ignore_ament_install'
[0.686s] Level 1:colcon.colcon_core.package_identification:_identify(src/erl1_sensors) by extensions ['colcon_pkg']
[0.686s] Level 1:colcon.colcon_core.package_identification:_identify(src/erl1_sensors) by extension 'colcon_pkg'
[0.687s] Level 1:colcon.colcon_core.package_identification:_identify(src/erl1_sensors) by extensions ['colcon_meta']
[0.687s] Level 1:colcon.colcon_core.package_identification:_identify(src/erl1_sensors) by extension 'colcon_meta'
[0.687s] Level 1:colcon.colcon_core.package_identification:_identify(src/erl1_sensors) by extensions ['ros']
[0.687s] Level 1:colcon.colcon_core.package_identification:_identify(src/erl1_sensors) by extension 'ros'
[0.687s] Level 1:colcon.colcon_core.package_identification:_identify(src/erl1_sensors) by extensions ['cmake', 'python']
[0.687s] Level 1:colcon.colcon_core.package_identification:_identify(src/erl1_sensors) by extension 'cmake'
[0.687s] Level 1:colcon.colcon_core.package_identification:_identify(src/erl1_sensors) by extension 'python'
[0.687s] Level 1:colcon.colcon_core.package_identification:_identify(src/erl1_sensors) by extensions ['python_setup_py']
[0.687s] Level 1:colcon.colcon_core.package_identification:_identify(src/erl1_sensors) by extension 'python_setup_py'
[0.687s] Level 1:colcon.colcon_core.package_identification:_identify(src/erl1_sensors/bme_gazebo_sensors) by extensions ['ignore', 'ignore_ament_install']
[0.687s] Level 1:colcon.colcon_core.package_identification:_identify(src/erl1_sensors/bme_gazebo_sensors) by extension 'ignore'
[0.687s] Level 1:colcon.colcon_core.package_identification:_identify(src/erl1_sensors/bme_gazebo_sensors) by extension 'ignore_ament_install'
[0.687s] Level 1:colcon.colcon_core.package_identification:_identify(src/erl1_sensors/bme_gazebo_sensors) by extensions ['colcon_pkg']
[0.687s] Level 1:colcon.colcon_core.package_identification:_identify(src/erl1_sensors/bme_gazebo_sensors) by extension 'colcon_pkg'
[0.687s] Level 1:colcon.colcon_core.package_identification:_identify(src/erl1_sensors/bme_gazebo_sensors) by extensions ['colcon_meta']
[0.687s] Level 1:colcon.colcon_core.package_identification:_identify(src/erl1_sensors/bme_gazebo_sensors) by extension 'colcon_meta'
[0.687s] Level 1:colcon.colcon_core.package_identification:_identify(src/erl1_sensors/bme_gazebo_sensors) by extensions ['ros']
[0.687s] Level 1:colcon.colcon_core.package_identification:_identify(src/erl1_sensors/bme_gazebo_sensors) by extension 'ros'
[0.689s] DEBUG:colcon.colcon_core.package_identification:Package 'src/erl1_sensors/bme_gazebo_sensors' with type 'ros.ament_cmake' and name 'bme_gazebo_sensors'
[0.689s] Level 1:colcon.colcon_core.package_identification:_identify(src/mogi_trajectory_server) by extensions ['ignore', 'ignore_ament_install']
[0.689s] Level 1:colcon.colcon_core.package_identification:_identify(src/mogi_trajectory_server) by extension 'ignore'
[0.689s] Level 1:colcon.colcon_core.package_identification:_identify(src/mogi_trajectory_server) by extension 'ignore_ament_install'
[0.689s] Level 1:colcon.colcon_core.package_identification:_identify(src/mogi_trajectory_server) by extensions ['colcon_pkg']
[0.689s] Level 1:colcon.colcon_core.package_identification:_identify(src/mogi_trajectory_server) by extension 'colcon_pkg'
[0.689s] Level 1:colcon.colcon_core.package_identification:_identify(src/mogi_trajectory_server) by extensions ['colcon_meta']
[0.689s] Level 1:colcon.colcon_core.package_identification:_identify(src/mogi_trajectory_server) by extension 'colcon_meta'
[0.689s] Level 1:colcon.colcon_core.package_identification:_identify(src/mogi_trajectory_server) by extensions ['ros']
[0.689s] Level 1:colcon.colcon_core.package_identification:_identify(src/mogi_trajectory_server) by extension 'ros'
[0.691s] DEBUG:colcon.colcon_core.package_identification:Package 'src/mogi_trajectory_server' with type 'ros.ament_python' and name 'mogi_trajectory_server'
[0.691s] Level 1:colcon.colcon_core.package_identification:_identify(src/my_robot_bringup) by extensions ['ignore', 'ignore_ament_install']
[0.691s] Level 1:colcon.colcon_core.package_identification:_identify(src/my_robot_bringup) by extension 'ignore'
[0.691s] Level 1:colcon.colcon_core.package_identification:_identify(src/my_robot_bringup) by extension 'ignore_ament_install'
[0.692s] Level 1:colcon.colcon_core.package_identification:_identify(src/my_robot_bringup) by extensions ['colcon_pkg']
[0.692s] Level 1:colcon.colcon_core.package_identification:_identify(src/my_robot_bringup) by extension 'colcon_pkg'
[0.692s] Level 1:colcon.colcon_core.package_identification:_identify(src/my_robot_bringup) by extensions ['colcon_meta']
[0.692s] Level 1:colcon.colcon_core.package_identification:_identify(src/my_robot_bringup) by extension 'colcon_meta'
[0.692s] Level 1:colcon.colcon_core.package_identification:_identify(src/my_robot_bringup) by extensions ['ros']
[0.692s] Level 1:colcon.colcon_core.package_identification:_identify(src/my_robot_bringup) by extension 'ros'
[0.693s] DEBUG:colcon.colcon_core.package_identification:Package 'src/my_robot_bringup' with type 'ros.ament_cmake' and name 'my_robot_bringup'
[0.693s] Level 1:colcon.colcon_core.package_identification:_identify(src/my_robot_description) by extensions ['ignore', 'ignore_ament_install']
[0.693s] Level 1:colcon.colcon_core.package_identification:_identify(src/my_robot_description) by extension 'ignore'
[0.693s] Level 1:colcon.colcon_core.package_identification:_identify(src/my_robot_description) by extension 'ignore_ament_install'
[0.693s] Level 1:colcon.colcon_core.package_identification:_identify(src/my_robot_description) by extensions ['colcon_pkg']
[0.693s] Level 1:colcon.colcon_core.package_identification:_identify(src/my_robot_description) by extension 'colcon_pkg'
[0.693s] Level 1:colcon.colcon_core.package_identification:_identify(src/my_robot_description) by extensions ['colcon_meta']
[0.693s] Level 1:colcon.colcon_core.package_identification:_identify(src/my_robot_description) by extension 'colcon_meta'
[0.694s] Level 1:colcon.colcon_core.package_identification:_identify(src/my_robot_description) by extensions ['ros']
[0.694s] Level 1:colcon.colcon_core.package_identification:_identify(src/my_robot_description) by extension 'ros'
[0.694s] DEBUG:colcon.colcon_core.package_identification:Package 'src/my_robot_description' with type 'ros.ament_cmake' and name 'my_robot_description'
[0.695s] Level 1:colcon.colcon_core.package_identification:_identify(src/ros2_python_extension) by extensions ['ignore', 'ignore_ament_install']
[0.695s] Level 1:colcon.colcon_core.package_identification:_identify(src/ros2_python_extension) by extension 'ignore'
[0.695s] Level 1:colcon.colcon_core.package_identification:_identify(src/ros2_python_extension) by extension 'ignore_ament_install'
[0.695s] Level 1:colcon.colcon_core.package_identification:_identify(src/ros2_python_extension) by extensions ['colcon_pkg']
[0.695s] Level 1:colcon.colcon_core.package_identification:_identify(src/ros2_python_extension) by extension 'colcon_pkg'
[0.695s] Level 1:colcon.colcon_core.package_identification:_identify(src/ros2_python_extension) by extensions ['colcon_meta']
[0.695s] Level 1:colcon.colcon_core.package_identification:_identify(src/ros2_python_extension) by extension 'colcon_meta'
[0.695s] Level 1:colcon.colcon_core.package_identification:_identify(src/ros2_python_extension) by extensions ['ros']
[0.695s] Level 1:colcon.colcon_core.package_identification:_identify(src/ros2_python_extension) by extension 'ros'
[0.696s] Level 1:colcon.colcon_core.package_identification:_identify(src/ros2_python_extension) by extensions ['cmake', 'python']
[0.696s] Level 1:colcon.colcon_core.package_identification:_identify(src/ros2_python_extension) by extension 'cmake'
[0.696s] Level 1:colcon.colcon_core.package_identification:_identify(src/ros2_python_extension) by extension 'python'
[0.696s] Level 1:colcon.colcon_core.package_identification:_identify(src/ros2_python_extension) by extensions ['python_setup_py']
[0.696s] Level 1:colcon.colcon_core.package_identification:_identify(src/ros2_python_extension) by extension 'python_setup_py'
[0.696s] Level 1:colcon.colcon_core.package_identification:_identify(src/ros2_python_extension/ros2_python_extension) by extensions ['ignore', 'ignore_ament_install']
[0.696s] Level 1:colcon.colcon_core.package_identification:_identify(src/ros2_python_extension/ros2_python_extension) by extension 'ignore'
[0.696s] Level 1:colcon.colcon_core.package_identification:_identify(src/ros2_python_extension/ros2_python_extension) by extension 'ignore_ament_install'
[0.697s] Level 1:colcon.colcon_core.package_identification:_identify(src/ros2_python_extension/ros2_python_extension) by extensions ['colcon_pkg']
[0.697s] Level 1:colcon.colcon_core.package_identification:_identify(src/ros2_python_extension/ros2_python_extension) by extension 'colcon_pkg'
[0.697s] Level 1:colcon.colcon_core.package_identification:_identify(src/ros2_python_extension/ros2_python_extension) by extensions ['colcon_meta']
[0.697s] Level 1:colcon.colcon_core.package_identification:_identify(src/ros2_python_extension/ros2_python_extension) by extension 'colcon_meta'
[0.697s] Level 1:colcon.colcon_core.package_identification:_identify(src/ros2_python_extension/ros2_python_extension) by extensions ['ros']
[0.697s] Level 1:colcon.colcon_core.package_identification:_identify(src/ros2_python_extension/ros2_python_extension) by extension 'ros'
[0.698s] DEBUG:colcon.colcon_core.package_identification:Package 'src/ros2_python_extension/ros2_python_extension' with type 'ros.ament_cmake' and name 'ros2_python_extension'
[0.698s] Level 1:colcon.colcon_core.package_discovery:discover_packages(recursive) using defaults
[0.698s] Level 1:colcon.colcon_core.package_discovery:discover_packages(ignore) discover
[0.698s] Level 1:colcon.colcon_core.package_discovery:discover_packages(ignore) using defaults
[0.698s] Level 1:colcon.colcon_core.package_discovery:discover_packages(path) discover
[0.698s] Level 1:colcon.colcon_core.package_discovery:discover_packages(path) using defaults
[0.796s] Level 5:colcon.colcon_core.verb:set package 'bme_gazebo_sensors' build argument 'cmake_args' from command line to 'None'
[0.796s] Level 5:colcon.colcon_core.verb:set package 'bme_gazebo_sensors' build argument 'cmake_target' from command line to 'None'
[0.796s] Level 5:colcon.colcon_core.verb:set package 'bme_gazebo_sensors' build argument 'cmake_target_skip_unavailable' from command line to 'False'
[0.796s] Level 5:colcon.colcon_core.verb:set package 'bme_gazebo_sensors' build argument 'cmake_clean_cache' from command line to 'False'
[0.796s] Level 5:colcon.colcon_core.verb:set package 'bme_gazebo_sensors' build argument 'cmake_clean_first' from command line to 'False'
[0.796s] Level 5:colcon.colcon_core.verb:set package 'bme_gazebo_sensors' build argument 'cmake_force_configure' from command line to 'False'
[0.796s] Level 5:colcon.colcon_core.verb:set package 'bme_gazebo_sensors' build argument 'ament_cmake_args' from command line to 'None'
[0.796s] Level 5:colcon.colcon_core.verb:set package 'bme_gazebo_sensors' build argument 'catkin_cmake_args' from command line to 'None'
[0.796s] Level 5:colcon.colcon_core.verb:set package 'bme_gazebo_sensors' build argument 'catkin_skip_building_tests' from command line to 'False'
[0.796s] DEBUG:colcon.colcon_core.verb:Building package 'bme_gazebo_sensors' with the following arguments: {'ament_cmake_args': None, 'build_base': '/root/ros2_ws/build/bme_gazebo_sensors', 'catkin_cmake_args': None, 'catkin_skip_building_tests': False, 'cmake_args': None, 'cmake_clean_cache': False, 'cmake_clean_first': False, 'cmake_force_configure': False, 'cmake_target': None, 'cmake_target_skip_unavailable': False, 'install_base': '/root/ros2_ws/install/bme_gazebo_sensors', 'merge_install': False, 'path': '/root/ros2_ws/src/erl1_sensors/bme_gazebo_sensors', 'symlink_install': False, 'test_result_base': None}
[0.797s] Level 5:colcon.colcon_core.verb:set package 'erl1' build argument 'cmake_args' from command line to 'None'
[0.797s] Level 5:colcon.colcon_core.verb:set package 'erl1' build argument 'cmake_target' from command line to 'None'
[0.797s] Level 5:colcon.colcon_core.verb:set package 'erl1' build argument 'cmake_target_skip_unavailable' from command line to 'False'
[0.797s] Level 5:colcon.colcon_core.verb:set package 'erl1' build argument 'cmake_clean_cache' from command line to 'False'
[0.797s] Level 5:colcon.colcon_core.verb:set package 'erl1' build argument 'cmake_clean_first' from command line to 'False'
[0.797s] Level 5:colcon.colcon_core.verb:set package 'erl1' build argument 'cmake_force_configure' from command line to 'False'
[0.797s] Level 5:colcon.colcon_core.verb:set package 'erl1' build argument 'ament_cmake_args' from command line to 'None'
[0.797s] Level 5:colcon.colcon_core.verb:set package 'erl1' build argument 'catkin_cmake_args' from command line to 'None'
[0.797s] Level 5:colcon.colcon_core.verb:set package 'erl1' build argument 'catkin_skip_building_tests' from command line to 'False'
[0.797s] DEBUG:colcon.colcon_core.verb:Building package 'erl1' with the following arguments: {'ament_cmake_args': None, 'build_base': '/root/ros2_ws/build/erl1', 'catkin_cmake_args': None, 'catkin_skip_building_tests': False, 'cmake_args': None, 'cmake_clean_cache': False, 'cmake_clean_first': False, 'cmake_force_configure': False, 'cmake_target': None, 'cmake_target_skip_unavailable': False, 'install_base': '/root/ros2_ws/install/erl1', 'merge_install': False, 'path': '/root/ros2_ws/src/erl1', 'symlink_install': False, 'test_result_base': None}
[0.797s] Level 5:colcon.colcon_core.verb:set package 'mogi_trajectory_server' build argument 'cmake_args' from command line to 'None'
[0.797s] Level 5:colcon.colcon_core.verb:set package 'mogi_trajectory_server' build argument 'cmake_target' from command line to 'None'
[0.797s] Level 5:colcon.colcon_core.verb:set package 'mogi_trajectory_server' build argument 'cmake_target_skip_unavailable' from command line to 'False'
[0.797s] Level 5:colcon.colcon_core.verb:set package 'mogi_trajectory_server' build argument 'cmake_clean_cache' from command line to 'False'
[0.797s] Level 5:colcon.colcon_core.verb:set package 'mogi_trajectory_server' build argument 'cmake_clean_first' from command line to 'False'
[0.797s] Level 5:colcon.colcon_core.verb:set package 'mogi_trajectory_server' build argument 'cmake_force_configure' from command line to 'False'
[0.797s] Level 5:colcon.colcon_core.verb:set package 'mogi_trajectory_server' build argument 'ament_cmake_args' from command line to 'None'
[0.797s] Level 5:colcon.colcon_core.verb:set package 'mogi_trajectory_server' build argument 'catkin_cmake_args' from command line to 'None'
[0.797s] Level 5:colcon.colcon_core.verb:set package 'mogi_trajectory_server' build argument 'catkin_skip_building_tests' from command line to 'False'
[0.797s] DEBUG:colcon.colcon_core.verb:Building package 'mogi_trajectory_server' with the following arguments: {'ament_cmake_args': None, 'build_base': '/root/ros2_ws/build/mogi_trajectory_server', 'catkin_cmake_args': None, 'catkin_skip_building_tests': False, 'cmake_args': None, 'cmake_clean_cache': False, 'cmake_clean_first': False, 'cmake_force_configure': False, 'cmake_target': None, 'cmake_target_skip_unavailable': False, 'install_base': '/root/ros2_ws/install/mogi_trajectory_server', 'merge_install': False, 'path': '/root/ros2_ws/src/mogi_trajectory_server', 'symlink_install': False, 'test_result_base': None}
[0.798s] Level 5:colcon.colcon_core.verb:set package 'my_robot_bringup' build argument 'cmake_args' from command line to 'None'
[0.798s] Level 5:colcon.colcon_core.verb:set package 'my_robot_bringup' build argument 'cmake_target' from command line to 'None'
[0.798s] Level 5:colcon.colcon_core.verb:set package 'my_robot_bringup' build argument 'cmake_target_skip_unavailable' from command line to 'False'
[0.798s] Level 5:colcon.colcon_core.verb:set package 'my_robot_bringup' build argument 'cmake_clean_cache' from command line to 'False'
[0.798s] Level 5:colcon.colcon_core.verb:set package 'my_robot_bringup' build argument 'cmake_clean_first' from command line to 'False'
[0.798s] Level 5:colcon.colcon_core.verb:set package 'my_robot_bringup' build argument 'cmake_force_configure' from command line to 'False'
[0.798s] Level 5:colcon.colcon_core.verb:set package 'my_robot_bringup' build argument 'ament_cmake_args' from command line to 'None'
[0.798s] Level 5:colcon.colcon_core.verb:set package 'my_robot_bringup' build argument 'catkin_cmake_args' from command line to 'None'
[0.799s] Level 5:colcon.colcon_core.verb:set package 'my_robot_bringup' build argument 'catkin_skip_building_tests' from command line to 'False'
[0.799s] DEBUG:colcon.colcon_core.verb:Building package 'my_robot_bringup' with the following arguments: {'ament_cmake_args': None, 'build_base': '/root/ros2_ws/build/my_robot_bringup', 'catkin_cmake_args': None, 'catkin_skip_building_tests': False, 'cmake_args': None, 'cmake_clean_cache': False, 'cmake_clean_first': False, 'cmake_force_configure': False, 'cmake_target': None, 'cmake_target_skip_unavailable': False, 'install_base': '/root/ros2_ws/install/my_robot_bringup', 'merge_install': False, 'path': '/root/ros2_ws/src/my_robot_bringup', 'symlink_install': False, 'test_result_base': None}
[0.799s] Level 5:colcon.colcon_core.verb:set package 'my_robot_description' build argument 'cmake_args' from command line to 'None'
[0.799s] Level 5:colcon.colcon_core.verb:set package 'my_robot_description' build argument 'cmake_target' from command line to 'None'
[0.799s] Level 5:colcon.colcon_core.verb:set package 'my_robot_description' build argument 'cmake_target_skip_unavailable' from command line to 'False'
[0.799s] Level 5:colcon.colcon_core.verb:set package 'my_robot_description' build argument 'cmake_clean_cache' from command line to 'False'
[0.799s] Level 5:colcon.colcon_core.verb:set package 'my_robot_description' build argument 'cmake_clean_first' from command line to 'False'
[0.799s] Level 5:colcon.colcon_core.verb:set package 'my_robot_description' build argument 'cmake_force_configure' from command line to 'False'
[0.799s] Level 5:colcon.colcon_core.verb:set package 'my_robot_description' build argument 'ament_cmake_args' from command line to 'None'
[0.799s] Level 5:colcon.colcon_core.verb:set package 'my_robot_description' build argument 'catkin_cmake_args' from command line to 'None'
[0.799s] Level 5:colcon.colcon_core.verb:set package 'my_robot_description' build argument 'catkin_skip_building_tests' from command line to 'False'
[0.799s] DEBUG:colcon.colcon_core.verb:Building package 'my_robot_description' with the following arguments: {'ament_cmake_args': None, 'build_base': '/root/ros2_ws/build/my_robot_description', 'catkin_cmake_args': None, 'catkin_skip_building_tests': False, 'cmake_args': None, 'cmake_clean_cache': False, 'cmake_clean_first': False, 'cmake_force_configure': False, 'cmake_target': None, 'cmake_target_skip_unavailable': False, 'install_base': '/root/ros2_ws/install/my_robot_description', 'merge_install': False, 'path': '/root/ros2_ws/src/my_robot_description', 'symlink_install': False, 'test_result_base': None}
[0.799s] Level 5:colcon.colcon_core.verb:set package 'ros2_python_extension' build argument 'cmake_args' from command line to 'None'
[0.799s] Level 5:colcon.colcon_core.verb:set package 'ros2_python_extension' build argument 'cmake_target' from command line to 'None'
[0.799s] Level 5:colcon.colcon_core.verb:set package 'ros2_python_extension' build argument 'cmake_target_skip_unavailable' from command line to 'False'
[0.799s] Level 5:colcon.colcon_core.verb:set package 'ros2_python_extension' build argument 'cmake_clean_cache' from command line to 'False'
[0.800s] Level 5:colcon.colcon_core.verb:set package 'ros2_python_extension' build argument 'cmake_clean_first' from command line to 'False'
[0.800s] Level 5:colcon.colcon_core.verb:set package 'ros2_python_extension' build argument 'cmake_force_configure' from command line to 'False'
[0.800s] Level 5:colcon.colcon_core.verb:set package 'ros2_python_extension' build argument 'ament_cmake_args' from command line to 'None'
[0.800s] Level 5:colcon.colcon_core.verb:set package 'ros2_python_extension' build argument 'catkin_cmake_args' from command line to 'None'
[0.800s] Level 5:colcon.colcon_core.verb:set package 'ros2_python_extension' build argument 'catkin_skip_building_tests' from command line to 'False'
[0.800s] DEBUG:colcon.colcon_core.verb:Building package 'ros2_python_extension' with the following arguments: {'ament_cmake_args': None, 'build_base': '/root/ros2_ws/build/ros2_python_extension', 'catkin_cmake_args': None, 'catkin_skip_building_tests': False, 'cmake_args': None, 'cmake_clean_cache': False, 'cmake_clean_first': False, 'cmake_force_configure': False, 'cmake_target': None, 'cmake_target_skip_unavailable': False, 'install_base': '/root/ros2_ws/install/ros2_python_extension', 'merge_install': False, 'path': '/root/ros2_ws/src/ros2_python_extension/ros2_python_extension', 'symlink_install': False, 'test_result_base': None}
[0.800s] Level 5:colcon.colcon_core.verb:set package 'bitbots_tf_buffer' build argument 'cmake_args' from command line to 'None'
[0.800s] Level 5:colcon.colcon_core.verb:set package 'bitbots_tf_buffer' build argument 'cmake_target' from command line to 'None'
[0.800s] Level 5:colcon.colcon_core.verb:set package 'bitbots_tf_buffer' build argument 'cmake_target_skip_unavailable' from command line to 'False'
[0.800s] Level 5:colcon.colcon_core.verb:set package 'bitbots_tf_buffer' build argument 'cmake_clean_cache' from command line to 'False'
[0.800s] Level 5:colcon.colcon_core.verb:set package 'bitbots_tf_buffer' build argument 'cmake_clean_first' from command line to 'False'
[0.800s] Level 5:colcon.colcon_core.verb:set package 'bitbots_tf_buffer' build argument 'cmake_force_configure' from command line to 'False'
[0.800s] Level 5:colcon.colcon_core.verb:set package 'bitbots_tf_buffer' build argument 'ament_cmake_args' from command line to 'None'
[0.800s] Level 5:colcon.colcon_core.verb:set package 'bitbots_tf_buffer' build argument 'catkin_cmake_args' from command line to 'None'
[0.800s] Level 5:colcon.colcon_core.verb:set package 'bitbots_tf_buffer' build argument 'catkin_skip_building_tests' from command line to 'False'
[0.800s] DEBUG:colcon.colcon_core.verb:Building package 'bitbots_tf_buffer' with the following arguments: {'ament_cmake_args': None, 'build_base': '/root/ros2_ws/build/bitbots_tf_buffer', 'catkin_cmake_args': None, 'catkin_skip_building_tests': False, 'cmake_args': None, 'cmake_clean_cache': False, 'cmake_clean_first': False, 'cmake_force_configure': False, 'cmake_target': None, 'cmake_target_skip_unavailable': False, 'install_base': '/root/ros2_ws/install/bitbots_tf_buffer', 'merge_install': False, 'path': '/root/ros2_ws/src/bitbots_tf_buffer', 'symlink_install': False, 'test_result_base': None}
[0.800s] INFO:colcon.colcon_core.executor:Executing jobs using 'parallel' executor
[0.803s] DEBUG:colcon.colcon_parallel_executor.executor.parallel:run_until_complete
[0.803s] INFO:colcon.colcon_ros.task.ament_cmake.build:Building ROS package in '/root/ros2_ws/src/ros2_python_extension/ros2_python_extension' with build type 'ament_cmake'
[0.804s] INFO:colcon.colcon_cmake.task.cmake.build:Building CMake package in '/root/ros2_ws/src/ros2_python_extension/ros2_python_extension'
[0.811s] INFO:colcon.colcon_core.plugin_system:Skipping extension 'colcon_core.shell.bat': Not used on non-Windows systems
[0.812s] INFO:colcon.colcon_core.shell:Skip shell extension 'powershell' for command environment: Not usable outside of PowerShell
[0.812s] DEBUG:colcon.colcon_core.shell:Skip shell extension 'dsv' for command environment
[0.825s] INFO:colcon.colcon_ros.task.ament_cmake.build:Building ROS package in '/root/ros2_ws/src/erl1_sensors/bme_gazebo_sensors' with build type 'ament_cmake'
[0.825s] INFO:colcon.colcon_cmake.task.cmake.build:Building CMake package in '/root/ros2_ws/src/erl1_sensors/bme_gazebo_sensors'
[0.826s] INFO:colcon.colcon_core.shell:Skip shell extension 'powershell' for command environment: Not usable outside of PowerShell
[0.826s] DEBUG:colcon.colcon_core.shell:Skip shell extension 'dsv' for command environment
[0.838s] INFO:colcon.colcon_ros.task.ament_cmake.build:Building ROS package in '/root/ros2_ws/src/erl1' with build type 'ament_cmake'
[0.838s] INFO:colcon.colcon_cmake.task.cmake.build:Building CMake package in '/root/ros2_ws/src/erl1'
[0.839s] INFO:colcon.colcon_core.shell:Skip shell extension 'powershell' for command environment: Not usable outside of PowerShell
[0.839s] DEBUG:colcon.colcon_core.shell:Skip shell extension 'dsv' for command environment
[0.851s] INFO:colcon.colcon_ros.task.ament_python.build:Building ROS package in '/root/ros2_ws/src/mogi_trajectory_server' with build type 'ament_python'
[0.852s] Level 1:colcon.colcon_core.shell:create_environment_hook('mogi_trajectory_server', 'ament_prefix_path')
[0.852s] INFO:colcon.colcon_core.shell:Creating environment hook '/root/ros2_ws/install/mogi_trajectory_server/share/mogi_trajectory_server/hook/ament_prefix_path.ps1'
[0.858s] INFO:colcon.colcon_core.shell:Creating environment descriptor '/root/ros2_ws/install/mogi_trajectory_server/share/mogi_trajectory_server/hook/ament_prefix_path.dsv'
[0.859s] INFO:colcon.colcon_core.shell:Creating environment hook '/root/ros2_ws/install/mogi_trajectory_server/share/mogi_trajectory_server/hook/ament_prefix_path.sh'
[0.862s] INFO:colcon.colcon_core.shell:Skip shell extension 'powershell' for command environment: Not usable outside of PowerShell
[0.863s] DEBUG:colcon.colcon_core.shell:Skip shell extension 'dsv' for command environment
[0.870s] INFO:colcon.colcon_ros.task.ament_cmake.build:Building ROS package in '/root/ros2_ws/src/my_robot_bringup' with build type 'ament_cmake'
[0.870s] INFO:colcon.colcon_cmake.task.cmake.build:Building CMake package in '/root/ros2_ws/src/my_robot_bringup'
[0.871s] INFO:colcon.colcon_core.shell:Skip shell extension 'powershell' for command environment: Not usable outside of PowerShell
[0.871s] DEBUG:colcon.colcon_core.shell:Skip shell extension 'dsv' for command environment
[0.880s] INFO:colcon.colcon_ros.task.ament_cmake.build:Building ROS package in '/root/ros2_ws/src/my_robot_description' with build type 'ament_cmake'
[0.881s] INFO:colcon.colcon_cmake.task.cmake.build:Building CMake package in '/root/ros2_ws/src/my_robot_description'
[0.882s] INFO:colcon.colcon_core.shell:Skip shell extension 'powershell' for command environment: Not usable outside of PowerShell
[0.882s] DEBUG:colcon.colcon_core.shell:Skip shell extension 'dsv' for command environment
[0.905s] DEBUG:colcon.colcon_core.event_handler.log_command:Invoking command in '/root/ros2_ws/build/ros2_python_extension': CMAKE_PREFIX_PATH=${CMAKE_PREFIX_PATH}:/opt/ros/jazzy /usr/bin/cmake /root/ros2_ws/src/ros2_python_extension/ros2_python_extension -DCMAKE_INSTALL_PREFIX=/root/ros2_ws/install/ros2_python_extension
[0.920s] DEBUG:colcon.colcon_core.event_handler.log_command:Invoking command in '/root/ros2_ws/build/bme_gazebo_sensors': CMAKE_PREFIX_PATH=${CMAKE_PREFIX_PATH}:/opt/ros/jazzy /usr/bin/cmake --build /root/ros2_ws/build/bme_gazebo_sensors -- -j8 -l8
[0.929s] DEBUG:colcon.colcon_core.event_handler.log_command:Invoking command in '/root/ros2_ws/build/erl1': CMAKE_PREFIX_PATH=${CMAKE_PREFIX_PATH}:/opt/ros/jazzy /usr/bin/cmake --build /root/ros2_ws/build/erl1 -- -j8 -l8
[1.508s] INFO:colcon.colcon_core.task.python.build:Building Python package in '/root/ros2_ws/src/mogi_trajectory_server'
[1.508s] INFO:colcon.colcon_core.shell:Skip shell extension 'powershell' for command environment: Not usable outside of PowerShell
[1.508s] DEBUG:colcon.colcon_core.shell:Skip shell extension 'dsv' for command environment
[1.530s] DEBUG:colcon.colcon_core.event_handler.log_command:Invoking command in '/root/ros2_ws/build/my_robot_bringup': CMAKE_PREFIX_PATH=${CMAKE_PREFIX_PATH}:/opt/ros/jazzy /usr/bin/cmake --build /root/ros2_ws/build/my_robot_bringup -- -j8 -l8
[1.533s] DEBUG:colcon.colcon_core.event_handler.log_command:Invoked command in '/root/ros2_ws/build/bme_gazebo_sensors' returned '0': CMAKE_PREFIX_PATH=${CMAKE_PREFIX_PATH}:/opt/ros/jazzy /usr/bin/cmake --build /root/ros2_ws/build/bme_gazebo_sensors -- -j8 -l8
[1.563s] DEBUG:colcon.colcon_core.event_handler.log_command:Invoking command in '/root/ros2_ws/build/bme_gazebo_sensors': CMAKE_PREFIX_PATH=${CMAKE_PREFIX_PATH}:/opt/ros/jazzy /usr/bin/cmake --install /root/ros2_ws/build/bme_gazebo_sensors
[1.564s] DEBUG:colcon.colcon_core.event_handler.log_command:Invoked command in '/root/ros2_ws/build/erl1' returned '0': CMAKE_PREFIX_PATH=${CMAKE_PREFIX_PATH}:/opt/ros/jazzy /usr/bin/cmake --build /root/ros2_ws/build/erl1 -- -j8 -l8
[1.568s] DEBUG:colcon.colcon_core.event_handler.log_command:Invoking command in '/root/ros2_ws/build/erl1': CMAKE_PREFIX_PATH=${CMAKE_PREFIX_PATH}:/opt/ros/jazzy /usr/bin/cmake --install /root/ros2_ws/build/erl1
[1.584s] DEBUG:colcon.colcon_core.event_handler.log_command:Invoking command in '/root/ros2_ws/build/my_robot_description': CMAKE_PREFIX_PATH=${CMAKE_PREFIX_PATH}:/opt/ros/jazzy /usr/bin/cmake --build /root/ros2_ws/build/my_robot_description -- -j8 -l8
[1.640s] Level 1:colcon.colcon_core.environment:create_environment_scripts_only(erl1)
[1.642s] DEBUG:colcon.colcon_core.event_handler.log_command:Invoked command in '/root/ros2_ws/build/erl1' returned '0': CMAKE_PREFIX_PATH=${CMAKE_PREFIX_PATH}:/opt/ros/jazzy /usr/bin/cmake --install /root/ros2_ws/build/erl1
[1.653s] Level 1:colcon.colcon_core.environment:checking '/root/ros2_ws/install/erl1' for CMake module files
[1.654s] Level 1:colcon.colcon_core.environment:checking '/root/ros2_ws/install/erl1' for CMake config files
[1.658s] Level 1:colcon.colcon_core.shell:create_environment_hook('erl1', 'cmake_prefix_path')
[1.659s] INFO:colcon.colcon_core.shell:Creating environment hook '/root/ros2_ws/install/erl1/share/erl1/hook/cmake_prefix_path.ps1'
[1.660s] INFO:colcon.colcon_core.shell:Creating environment descriptor '/root/ros2_ws/install/erl1/share/erl1/hook/cmake_prefix_path.dsv'
[1.661s] INFO:colcon.colcon_core.shell:Creating environment hook '/root/ros2_ws/install/erl1/share/erl1/hook/cmake_prefix_path.sh'
[1.662s] Level 1:colcon.colcon_core.environment:checking '/root/ros2_ws/install/erl1/bin'
[1.662s] Level 1:colcon.colcon_core.environment:checking '/root/ros2_ws/install/erl1/lib/pkgconfig/erl1.pc'
[1.663s] Level 1:colcon.colcon_core.environment:checking '/root/ros2_ws/install/erl1/lib/python3.12/site-packages'
[1.663s] Level 1:colcon.colcon_core.environment:checking '/root/ros2_ws/install/erl1/bin'
[1.664s] INFO:colcon.colcon_core.shell:Creating package script '/root/ros2_ws/install/erl1/share/erl1/package.ps1'
[1.666s] INFO:colcon.colcon_core.shell:Creating package descriptor '/root/ros2_ws/install/erl1/share/erl1/package.dsv'
[1.667s] INFO:colcon.colcon_core.shell:Creating package script '/root/ros2_ws/install/erl1/share/erl1/package.sh'
[1.669s] INFO:colcon.colcon_core.shell:Creating package script '/root/ros2_ws/install/erl1/share/erl1/package.bash'
[1.671s] INFO:colcon.colcon_core.shell:Creating package script '/root/ros2_ws/install/erl1/share/erl1/package.zsh'
[1.672s] Level 1:colcon.colcon_core.environment:create_file_with_runtime_dependencies(/root/ros2_ws/install/erl1/share/colcon-core/packages/erl1)
[1.673s] Level 1:colcon.colcon_core.environment:create_environment_scripts_only(erl1)
[1.673s] Level 1:colcon.colcon_core.environment:checking '/root/ros2_ws/install/erl1' for CMake module files
[1.675s] Level 1:colcon.colcon_core.environment:checking '/root/ros2_ws/install/erl1' for CMake config files
[1.675s] Level 1:colcon.colcon_core.shell:create_environment_hook('erl1', 'cmake_prefix_path')
[1.675s] INFO:colcon.colcon_core.shell:Creating environment hook '/root/ros2_ws/install/erl1/share/erl1/hook/cmake_prefix_path.ps1'
[1.676s] INFO:colcon.colcon_core.shell:Creating environment descriptor '/root/ros2_ws/install/erl1/share/erl1/hook/cmake_prefix_path.dsv'
[1.677s] INFO:colcon.colcon_core.shell:Creating environment hook '/root/ros2_ws/install/erl1/share/erl1/hook/cmake_prefix_path.sh'
[1.678s] Level 1:colcon.colcon_core.environment:checking '/root/ros2_ws/install/erl1/bin'
[1.678s] Level 1:colcon.colcon_core.environment:checking '/root/ros2_ws/install/erl1/lib/pkgconfig/erl1.pc'
[1.679s] Level 1:colcon.colcon_core.environment:checking '/root/ros2_ws/install/erl1/lib/python3.12/site-packages'
[1.679s] Level 1:colcon.colcon_core.environment:checking '/root/ros2_ws/install/erl1/bin'
[1.680s] INFO:colcon.colcon_core.shell:Creating package script '/root/ros2_ws/install/erl1/share/erl1/package.ps1'
[1.681s] INFO:colcon.colcon_core.shell:Creating package descriptor '/root/ros2_ws/install/erl1/share/erl1/package.dsv'
[1.681s] INFO:colcon.colcon_core.shell:Creating package script '/root/ros2_ws/install/erl1/share/erl1/package.sh'
[1.683s] INFO:colcon.colcon_core.shell:Creating package script '/root/ros2_ws/install/erl1/share/erl1/package.bash'
[1.683s] INFO:colcon.colcon_core.shell:Creating package script '/root/ros2_ws/install/erl1/share/erl1/package.zsh'
[1.685s] Level 1:colcon.colcon_core.environment:create_file_with_runtime_dependencies(/root/ros2_ws/install/erl1/share/colcon-core/packages/erl1)
[1.689s] DEBUG:colcon.colcon_core.event_handler.log_command:Invoked command in '/root/ros2_ws/build/my_robot_bringup' returned '0': CMAKE_PREFIX_PATH=${CMAKE_PREFIX_PATH}:/opt/ros/jazzy /usr/bin/cmake --build /root/ros2_ws/build/my_robot_bringup -- -j8 -l8
[1.690s] DEBUG:colcon.colcon_core.event_handler.log_command:Invoking command in '/root/ros2_ws/build/my_robot_bringup': CMAKE_PREFIX_PATH=${CMAKE_PREFIX_PATH}:/opt/ros/jazzy /usr/bin/cmake --install /root/ros2_ws/build/my_robot_bringup
[1.693s] Level 1:colcon.colcon_core.environment:create_environment_scripts_only(bme_gazebo_sensors)
[1.694s] Level 1:colcon.colcon_core.environment:checking '/root/ros2_ws/install/bme_gazebo_sensors' for CMake module files
[1.695s] Level 1:colcon.colcon_core.environment:checking '/root/ros2_ws/install/bme_gazebo_sensors' for CMake config files
[1.696s] DEBUG:colcon.colcon_core.event_handler.log_command:Invoked command in '/root/ros2_ws/build/bme_gazebo_sensors' returned '0': CMAKE_PREFIX_PATH=${CMAKE_PREFIX_PATH}:/opt/ros/jazzy /usr/bin/cmake --install /root/ros2_ws/build/bme_gazebo_sensors
[1.699s] Level 1:colcon.colcon_core.shell:create_environment_hook('bme_gazebo_sensors', 'cmake_prefix_path')
[1.699s] INFO:colcon.colcon_core.shell:Creating environment hook '/root/ros2_ws/install/bme_gazebo_sensors/share/bme_gazebo_sensors/hook/cmake_prefix_path.ps1'
[1.701s] INFO:colcon.colcon_core.shell:Creating environment descriptor '/root/ros2_ws/install/bme_gazebo_sensors/share/bme_gazebo_sensors/hook/cmake_prefix_path.dsv'
[1.704s] INFO:colcon.colcon_core.shell:Creating environment hook '/root/ros2_ws/install/bme_gazebo_sensors/share/bme_gazebo_sensors/hook/cmake_prefix_path.sh'
[1.705s] Level 1:colcon.colcon_core.environment:checking '/root/ros2_ws/install/bme_gazebo_sensors/bin'
[1.706s] Level 1:colcon.colcon_core.environment:checking '/root/ros2_ws/install/bme_gazebo_sensors/lib/pkgconfig/bme_gazebo_sensors.pc'
[1.706s] Level 1:colcon.colcon_core.environment:checking '/root/ros2_ws/install/bme_gazebo_sensors/lib/python3.12/site-packages'
[1.707s] Level 1:colcon.colcon_core.environment:checking '/root/ros2_ws/install/bme_gazebo_sensors/bin'
[1.709s] INFO:colcon.colcon_core.shell:Creating package script '/root/ros2_ws/install/bme_gazebo_sensors/share/bme_gazebo_sensors/package.ps1'
[1.710s] INFO:colcon.colcon_core.shell:Creating package descriptor '/root/ros2_ws/install/bme_gazebo_sensors/share/bme_gazebo_sensors/package.dsv'
[1.711s] INFO:colcon.colcon_core.shell:Creating package script '/root/ros2_ws/install/bme_gazebo_sensors/share/bme_gazebo_sensors/package.sh'
[1.712s] INFO:colcon.colcon_core.shell:Creating package script '/root/ros2_ws/install/bme_gazebo_sensors/share/bme_gazebo_sensors/package.bash'
[1.714s] INFO:colcon.colcon_core.shell:Creating package script '/root/ros2_ws/install/bme_gazebo_sensors/share/bme_gazebo_sensors/package.zsh'
[1.715s] Level 1:colcon.colcon_core.environment:create_file_with_runtime_dependencies(/root/ros2_ws/install/bme_gazebo_sensors/share/colcon-core/packages/bme_gazebo_sensors)
[1.717s] Level 1:colcon.colcon_core.environment:create_environment_scripts_only(bme_gazebo_sensors)
[1.717s] Level 1:colcon.colcon_core.environment:checking '/root/ros2_ws/install/bme_gazebo_sensors' for CMake module files
[1.718s] Level 1:colcon.colcon_core.environment:checking '/root/ros2_ws/install/bme_gazebo_sensors' for CMake config files
[1.719s] Level 1:colcon.colcon_core.shell:create_environment_hook('bme_gazebo_sensors', 'cmake_prefix_path')
[1.719s] INFO:colcon.colcon_core.shell:Creating environment hook '/root/ros2_ws/install/bme_gazebo_sensors/share/bme_gazebo_sensors/hook/cmake_prefix_path.ps1'
[1.720s] INFO:colcon.colcon_core.shell:Creating environment descriptor '/root/ros2_ws/install/bme_gazebo_sensors/share/bme_gazebo_sensors/hook/cmake_prefix_path.dsv'
[1.723s] INFO:colcon.colcon_core.shell:Creating environment hook '/root/ros2_ws/install/bme_gazebo_sensors/share/bme_gazebo_sensors/hook/cmake_prefix_path.sh'
[1.727s] Level 1:colcon.colcon_core.environment:checking '/root/ros2_ws/install/bme_gazebo_sensors/bin'
[1.727s] Level 1:colcon.colcon_core.environment:checking '/root/ros2_ws/install/bme_gazebo_sensors/lib/pkgconfig/bme_gazebo_sensors.pc'
[1.727s] Level 1:colcon.colcon_core.environment:checking '/root/ros2_ws/install/bme_gazebo_sensors/lib/python3.12/site-packages'
[1.728s] Level 1:colcon.colcon_core.environment:checking '/root/ros2_ws/install/bme_gazebo_sensors/bin'
[1.728s] INFO:colcon.colcon_core.shell:Creating package script '/root/ros2_ws/install/bme_gazebo_sensors/share/bme_gazebo_sensors/package.ps1'
[1.729s] INFO:colcon.colcon_core.shell:Creating package descriptor '/root/ros2_ws/install/bme_gazebo_sensors/share/bme_gazebo_sensors/package.dsv'
[1.730s] INFO:colcon.colcon_core.shell:Creating package script '/root/ros2_ws/install/bme_gazebo_sensors/share/bme_gazebo_sensors/package.sh'
[1.730s] INFO:colcon.colcon_core.shell:Creating package script '/root/ros2_ws/install/bme_gazebo_sensors/share/bme_gazebo_sensors/package.bash'
[1.731s] INFO:colcon.colcon_core.shell:Creating package script '/root/ros2_ws/install/bme_gazebo_sensors/share/bme_gazebo_sensors/package.zsh'
[1.732s] Level 1:colcon.colcon_core.environment:create_file_with_runtime_dependencies(/root/ros2_ws/install/bme_gazebo_sensors/share/colcon-core/packages/bme_gazebo_sensors)
[1.742s] Level 1:colcon.colcon_core.environment:create_environment_scripts_only(my_robot_bringup)
[1.744s] Level 1:colcon.colcon_core.environment:checking '/root/ros2_ws/install/my_robot_bringup' for CMake module files
[1.745s] DEBUG:colcon.colcon_core.event_handler.log_command:Invoked command in '/root/ros2_ws/build/my_robot_bringup' returned '0': CMAKE_PREFIX_PATH=${CMAKE_PREFIX_PATH}:/opt/ros/jazzy /usr/bin/cmake --install /root/ros2_ws/build/my_robot_bringup
[1.746s] Level 1:colcon.colcon_core.environment:checking '/root/ros2_ws/install/my_robot_bringup' for CMake config files
[1.751s] Level 1:colcon.colcon_core.shell:create_environment_hook('my_robot_bringup', 'cmake_prefix_path')
[1.752s] INFO:colcon.colcon_core.shell:Creating environment hook '/root/ros2_ws/install/my_robot_bringup/share/my_robot_bringup/hook/cmake_prefix_path.ps1'
[1.754s] INFO:colcon.colcon_core.shell:Creating environment descriptor '/root/ros2_ws/install/my_robot_bringup/share/my_robot_bringup/hook/cmake_prefix_path.dsv'
[1.755s] INFO:colcon.colcon_core.shell:Creating environment hook '/root/ros2_ws/install/my_robot_bringup/share/my_robot_bringup/hook/cmake_prefix_path.sh'
[1.756s] Level 1:colcon.colcon_core.environment:checking '/root/ros2_ws/install/my_robot_bringup/bin'
[1.756s] Level 1:colcon.colcon_core.environment:checking '/root/ros2_ws/install/my_robot_bringup/lib/pkgconfig/my_robot_bringup.pc'
[1.757s] Level 1:colcon.colcon_core.environment:checking '/root/ros2_ws/install/my_robot_bringup/lib/python3.12/site-packages'
[1.757s] Level 1:colcon.colcon_core.environment:checking '/root/ros2_ws/install/my_robot_bringup/bin'
[1.757s] INFO:colcon.colcon_core.shell:Creating package script '/root/ros2_ws/install/my_robot_bringup/share/my_robot_bringup/package.ps1'
[1.758s] INFO:colcon.colcon_core.shell:Creating package descriptor '/root/ros2_ws/install/my_robot_bringup/share/my_robot_bringup/package.dsv'
[1.759s] INFO:colcon.colcon_core.shell:Creating package script '/root/ros2_ws/install/my_robot_bringup/share/my_robot_bringup/package.sh'
[1.760s] INFO:colcon.colcon_core.shell:Creating package script '/root/ros2_ws/install/my_robot_bringup/share/my_robot_bringup/package.bash'
[1.764s] INFO:colcon.colcon_core.shell:Creating package script '/root/ros2_ws/install/my_robot_bringup/share/my_robot_bringup/package.zsh'
[1.765s] Level 1:colcon.colcon_core.environment:create_file_with_runtime_dependencies(/root/ros2_ws/install/my_robot_bringup/share/colcon-core/packages/my_robot_bringup)
[1.767s] Level 1:colcon.colcon_core.environment:create_environment_scripts_only(my_robot_bringup)
[1.767s] Level 1:colcon.colcon_core.environment:checking '/root/ros2_ws/install/my_robot_bringup' for CMake module files
[1.768s] Level 1:colcon.colcon_core.environment:checking '/root/ros2_ws/install/my_robot_bringup' for CMake config files
[1.768s] Level 1:colcon.colcon_core.shell:create_environment_hook('my_robot_bringup', 'cmake_prefix_path')
[1.769s] INFO:colcon.colcon_core.shell:Creating environment hook '/root/ros2_ws/install/my_robot_bringup/share/my_robot_bringup/hook/cmake_prefix_path.ps1'
[1.770s] INFO:colcon.colcon_core.shell:Creating environment descriptor '/root/ros2_ws/install/my_robot_bringup/share/my_robot_bringup/hook/cmake_prefix_path.dsv'
[1.770s] INFO:colcon.colcon_core.shell:Creating environment hook '/root/ros2_ws/install/my_robot_bringup/share/my_robot_bringup/hook/cmake_prefix_path.sh'
[1.771s] Level 1:colcon.colcon_core.environment:checking '/root/ros2_ws/install/my_robot_bringup/bin'
[1.771s] Level 1:colcon.colcon_core.environment:checking '/root/ros2_ws/install/my_robot_bringup/lib/pkgconfig/my_robot_bringup.pc'
[1.772s] Level 1:colcon.colcon_core.environment:checking '/root/ros2_ws/install/my_robot_bringup/lib/python3.12/site-packages'
[1.772s] Level 1:colcon.colcon_core.environment:checking '/root/ros2_ws/install/my_robot_bringup/bin'
[1.772s] INFO:colcon.colcon_core.shell:Creating package script '/root/ros2_ws/install/my_robot_bringup/share/my_robot_bringup/package.ps1'
[1.774s] INFO:colcon.colcon_core.shell:Creating package descriptor '/root/ros2_ws/install/my_robot_bringup/share/my_robot_bringup/package.dsv'
[1.775s] INFO:colcon.colcon_core.shell:Creating package script '/root/ros2_ws/install/my_robot_bringup/share/my_robot_bringup/package.sh'
[1.776s] INFO:colcon.colcon_core.shell:Creating package script '/root/ros2_ws/install/my_robot_bringup/share/my_robot_bringup/package.bash'
[1.776s] INFO:colcon.colcon_core.shell:Creating package script '/root/ros2_ws/install/my_robot_bringup/share/my_robot_bringup/package.zsh'
[1.777s] Level 1:colcon.colcon_core.environment:create_file_with_runtime_dependencies(/root/ros2_ws/install/my_robot_bringup/share/colcon-core/packages/my_robot_bringup)
[1.780s] DEBUG:colcon.colcon_core.event_handler.log_command:Invoked command in '/root/ros2_ws/build/my_robot_description' returned '0': CMAKE_PREFIX_PATH=${CMAKE_PREFIX_PATH}:/opt/ros/jazzy /usr/bin/cmake --build /root/ros2_ws/build/my_robot_description -- -j8 -l8
[1.782s] DEBUG:colcon.colcon_core.event_handler.log_command:Invoking command in '/root/ros2_ws/build/my_robot_description': CMAKE_PREFIX_PATH=${CMAKE_PREFIX_PATH}:/opt/ros/jazzy /usr/bin/cmake --install /root/ros2_ws/build/my_robot_description
[1.818s] Level 1:colcon.colcon_core.environment:create_environment_scripts_only(my_robot_description)
[1.819s] Level 1:colcon.colcon_core.environment:checking '/root/ros2_ws/install/my_robot_description' for CMake module files
[1.821s] DEBUG:colcon.colcon_core.event_handler.log_command:Invoked command in '/root/ros2_ws/build/my_robot_description' returned '0': CMAKE_PREFIX_PATH=${CMAKE_PREFIX_PATH}:/opt/ros/jazzy /usr/bin/cmake --install /root/ros2_ws/build/my_robot_description
[1.822s] Level 1:colcon.colcon_core.environment:checking '/root/ros2_ws/install/my_robot_description' for CMake config files
[1.823s] Level 1:colcon.colcon_core.shell:create_environment_hook('my_robot_description', 'cmake_prefix_path')
[1.823s] INFO:colcon.colcon_core.shell:Creating environment hook '/root/ros2_ws/install/my_robot_description/share/my_robot_description/hook/cmake_prefix_path.ps1'
[1.825s] INFO:colcon.colcon_core.shell:Creating environment descriptor '/root/ros2_ws/install/my_robot_description/share/my_robot_description/hook/cmake_prefix_path.dsv'
[1.825s] INFO:colcon.colcon_core.shell:Creating environment hook '/root/ros2_ws/install/my_robot_description/share/my_robot_description/hook/cmake_prefix_path.sh'
[1.827s] Level 1:colcon.colcon_core.environment:checking '/root/ros2_ws/install/my_robot_description/bin'
[1.827s] Level 1:colcon.colcon_core.environment:checking '/root/ros2_ws/install/my_robot_description/lib/pkgconfig/my_robot_description.pc'
[1.827s] Level 1:colcon.colcon_core.environment:checking '/root/ros2_ws/install/my_robot_description/lib/python3.12/site-packages'
[1.828s] Level 1:colcon.colcon_core.environment:checking '/root/ros2_ws/install/my_robot_description/bin'
[1.828s] INFO:colcon.colcon_core.shell:Creating package script '/root/ros2_ws/install/my_robot_description/share/my_robot_description/package.ps1'
[1.829s] INFO:colcon.colcon_core.shell:Creating package descriptor '/root/ros2_ws/install/my_robot_description/share/my_robot_description/package.dsv'
[1.830s] INFO:colcon.colcon_core.shell:Creating package script '/root/ros2_ws/install/my_robot_description/share/my_robot_description/package.sh'
[1.831s] INFO:colcon.colcon_core.shell:Creating package script '/root/ros2_ws/install/my_robot_description/share/my_robot_description/package.bash'
[1.832s] INFO:colcon.colcon_core.shell:Creating package script '/root/ros2_ws/install/my_robot_description/share/my_robot_description/package.zsh'
[1.833s] Level 1:colcon.colcon_core.environment:create_file_with_runtime_dependencies(/root/ros2_ws/install/my_robot_description/share/colcon-core/packages/my_robot_description)
[1.835s] Level 1:colcon.colcon_core.environment:create_environment_scripts_only(my_robot_description)
[1.835s] Level 1:colcon.colcon_core.environment:checking '/root/ros2_ws/install/my_robot_description' for CMake module files
[1.836s] Level 1:colcon.colcon_core.environment:checking '/root/ros2_ws/install/my_robot_description' for CMake config files
[1.837s] Level 1:colcon.colcon_core.shell:create_environment_hook('my_robot_description', 'cmake_prefix_path')
[1.837s] INFO:colcon.colcon_core.shell:Creating environment hook '/root/ros2_ws/install/my_robot_description/share/my_robot_description/hook/cmake_prefix_path.ps1'
[1.838s] INFO:colcon.colcon_core.shell:Creating environment descriptor '/root/ros2_ws/install/my_robot_description/share/my_robot_description/hook/cmake_prefix_path.dsv'
[1.839s] INFO:colcon.colcon_core.shell:Creating environment hook '/root/ros2_ws/install/my_robot_description/share/my_robot_description/hook/cmake_prefix_path.sh'
[1.840s] Level 1:colcon.colcon_core.environment:checking '/root/ros2_ws/install/my_robot_description/bin'
[1.840s] Level 1:colcon.colcon_core.environment:checking '/root/ros2_ws/install/my_robot_description/lib/pkgconfig/my_robot_description.pc'
[1.841s] Level 1:colcon.colcon_core.environment:checking '/root/ros2_ws/install/my_robot_description/lib/python3.12/site-packages'
[1.841s] Level 1:colcon.colcon_core.environment:checking '/root/ros2_ws/install/my_robot_description/bin'
[1.842s] INFO:colcon.colcon_core.shell:Creating package script '/root/ros2_ws/install/my_robot_description/share/my_robot_description/package.ps1'
[1.843s] INFO:colcon.colcon_core.shell:Creating package descriptor '/root/ros2_ws/install/my_robot_description/share/my_robot_description/package.dsv'
[1.844s] INFO:colcon.colcon_core.shell:Creating package script '/root/ros2_ws/install/my_robot_description/share/my_robot_description/package.sh'
[1.846s] INFO:colcon.colcon_core.shell:Creating package script '/root/ros2_ws/install/my_robot_description/share/my_robot_description/package.bash'
[1.847s] INFO:colcon.colcon_core.shell:Creating package script '/root/ros2_ws/install/my_robot_description/share/my_robot_description/package.zsh'
[1.850s] Level 1:colcon.colcon_core.environment:create_file_with_runtime_dependencies(/root/ros2_ws/install/my_robot_description/share/colcon-core/packages/my_robot_description)
[3.636s] DEBUG:colcon.colcon_core.event_handler.log_command:Invoking command in '/root/ros2_ws/src/mogi_trajectory_server': PYTHONPATH=/root/ros2_ws/build/mogi_trajectory_server/prefix_override:/usr/lib/python3/dist-packages/colcon_core/task/python/colcon_distutils_commands:/root/ros2_ws/install/mogi_trajectory_server/lib/python3.12/site-packages:${PYTHONPATH} /usr/bin/python3 -W ignore:setup.py install is deprecated -W ignore:easy_install command is deprecated setup.py egg_info --egg-base ../../build/mogi_trajectory_server build --build-base /root/ros2_ws/build/mogi_trajectory_server/build install --record /root/ros2_ws/build/mogi_trajectory_server/install.log --single-version-externally-managed install_data
[4.486s] Level 1:colcon.colcon_core.environment:checking '/root/ros2_ws/install/mogi_trajectory_server' for CMake module files
[4.487s] DEBUG:colcon.colcon_core.event_handler.log_command:Invoked command in '/root/ros2_ws/src/mogi_trajectory_server' returned '0': PYTHONPATH=/root/ros2_ws/build/mogi_trajectory_server/prefix_override:/usr/lib/python3/dist-packages/colcon_core/task/python/colcon_distutils_commands:/root/ros2_ws/install/mogi_trajectory_server/lib/python3.12/site-packages:${PYTHONPATH} /usr/bin/python3 -W ignore:setup.py install is deprecated -W ignore:easy_install command is deprecated setup.py egg_info --egg-base ../../build/mogi_trajectory_server build --build-base /root/ros2_ws/build/mogi_trajectory_server/build install --record /root/ros2_ws/build/mogi_trajectory_server/install.log --single-version-externally-managed install_data
[4.488s] Level 1:colcon.colcon_core.environment:checking '/root/ros2_ws/install/mogi_trajectory_server' for CMake config files
[4.489s] Level 1:colcon.colcon_core.environment:checking '/root/ros2_ws/install/mogi_trajectory_server/lib'
[4.490s] Level 1:colcon.colcon_core.environment:checking '/root/ros2_ws/install/mogi_trajectory_server/bin'
[4.490s] Level 1:colcon.colcon_core.environment:checking '/root/ros2_ws/install/mogi_trajectory_server/lib/pkgconfig/mogi_trajectory_server.pc'
[4.490s] Level 1:colcon.colcon_core.environment:checking '/root/ros2_ws/install/mogi_trajectory_server/lib/python3.12/site-packages'
[4.491s] Level 1:colcon.colcon_core.shell:create_environment_hook('mogi_trajectory_server', 'pythonpath')
[4.491s] INFO:colcon.colcon_core.shell:Creating environment hook '/root/ros2_ws/install/mogi_trajectory_server/share/mogi_trajectory_server/hook/pythonpath.ps1'
[4.492s] INFO:colcon.colcon_core.shell:Creating environment descriptor '/root/ros2_ws/install/mogi_trajectory_server/share/mogi_trajectory_server/hook/pythonpath.dsv'
[4.493s] INFO:colcon.colcon_core.shell:Creating environment hook '/root/ros2_ws/install/mogi_trajectory_server/share/mogi_trajectory_server/hook/pythonpath.sh'
[4.494s] Level 1:colcon.colcon_core.environment:checking '/root/ros2_ws/install/mogi_trajectory_server/bin'
[4.494s] Level 1:colcon.colcon_core.environment:create_environment_scripts_only(mogi_trajectory_server)
[4.495s] INFO:colcon.colcon_core.shell:Creating package script '/root/ros2_ws/install/mogi_trajectory_server/share/mogi_trajectory_server/package.ps1'
[4.495s] INFO:colcon.colcon_core.shell:Creating package descriptor '/root/ros2_ws/install/mogi_trajectory_server/share/mogi_trajectory_server/package.dsv'
[4.496s] INFO:colcon.colcon_core.shell:Creating package script '/root/ros2_ws/install/mogi_trajectory_server/share/mogi_trajectory_server/package.sh'
[4.497s] INFO:colcon.colcon_core.shell:Creating package script '/root/ros2_ws/install/mogi_trajectory_server/share/mogi_trajectory_server/package.bash'
[4.498s] INFO:colcon.colcon_core.shell:Creating package script '/root/ros2_ws/install/mogi_trajectory_server/share/mogi_trajectory_server/package.zsh'
[4.499s] Level 1:colcon.colcon_core.environment:create_file_with_runtime_dependencies(/root/ros2_ws/install/mogi_trajectory_server/share/colcon-core/packages/mogi_trajectory_server)
[6.041s] DEBUG:colcon.colcon_core.event_handler.log_command:Invoked command in '/root/ros2_ws/build/ros2_python_extension' returned '0': CMAKE_PREFIX_PATH=${CMAKE_PREFIX_PATH}:/opt/ros/jazzy /usr/bin/cmake /root/ros2_ws/src/ros2_python_extension/ros2_python_extension -DCMAKE_INSTALL_PREFIX=/root/ros2_ws/install/ros2_python_extension
[6.043s] DEBUG:colcon.colcon_core.event_handler.log_command:Invoking command in '/root/ros2_ws/build/ros2_python_extension': CMAKE_PREFIX_PATH=${CMAKE_PREFIX_PATH}:/opt/ros/jazzy /usr/bin/cmake --build /root/ros2_ws/build/ros2_python_extension -- -j8 -l8
[6.105s] DEBUG:colcon.colcon_core.event_handler.log_command:Invoked command in '/root/ros2_ws/build/ros2_python_extension' returned '0': CMAKE_PREFIX_PATH=${CMAKE_PREFIX_PATH}:/opt/ros/jazzy /usr/bin/cmake --build /root/ros2_ws/build/ros2_python_extension -- -j8 -l8
[6.107s] DEBUG:colcon.colcon_core.event_handler.log_command:Invoking command in '/root/ros2_ws/build/ros2_python_extension': CMAKE_PREFIX_PATH=${CMAKE_PREFIX_PATH}:/opt/ros/jazzy /usr/bin/cmake --install /root/ros2_ws/build/ros2_python_extension
[6.137s] Level 1:colcon.colcon_core.environment:create_environment_scripts_only(ros2_python_extension)
[6.138s] Level 1:colcon.colcon_core.environment:checking '/root/ros2_ws/install/ros2_python_extension' for CMake module files
[6.138s] DEBUG:colcon.colcon_core.event_handler.log_command:Invoked command in '/root/ros2_ws/build/ros2_python_extension' returned '0': CMAKE_PREFIX_PATH=${CMAKE_PREFIX_PATH}:/opt/ros/jazzy /usr/bin/cmake --install /root/ros2_ws/build/ros2_python_extension
[6.139s] Level 1:colcon.colcon_core.environment:checking '/root/ros2_ws/install/ros2_python_extension' for CMake config files
[6.139s] Level 1:colcon.colcon_core.shell:create_environment_hook('ros2_python_extension', 'cmake_prefix_path')
[6.140s] INFO:colcon.colcon_core.shell:Creating environment hook '/root/ros2_ws/install/ros2_python_extension/share/ros2_python_extension/hook/cmake_prefix_path.ps1'
[6.141s] INFO:colcon.colcon_core.shell:Creating environment descriptor '/root/ros2_ws/install/ros2_python_extension/share/ros2_python_extension/hook/cmake_prefix_path.dsv'
[6.142s] INFO:colcon.colcon_core.shell:Creating environment hook '/root/ros2_ws/install/ros2_python_extension/share/ros2_python_extension/hook/cmake_prefix_path.sh'
[6.143s] Level 1:colcon.colcon_core.environment:checking '/root/ros2_ws/install/ros2_python_extension/bin'
[6.143s] Level 1:colcon.colcon_core.environment:checking '/root/ros2_ws/install/ros2_python_extension/lib/pkgconfig/ros2_python_extension.pc'
[6.143s] Level 1:colcon.colcon_core.environment:checking '/root/ros2_ws/install/ros2_python_extension/lib/python3.12/site-packages'
[6.143s] Level 1:colcon.colcon_core.environment:checking '/root/ros2_ws/install/ros2_python_extension/bin'
[6.143s] INFO:colcon.colcon_core.shell:Creating package script '/root/ros2_ws/install/ros2_python_extension/share/ros2_python_extension/package.ps1'
[6.144s] INFO:colcon.colcon_core.shell:Creating package descriptor '/root/ros2_ws/install/ros2_python_extension/share/ros2_python_extension/package.dsv'
[6.144s] INFO:colcon.colcon_core.shell:Creating package script '/root/ros2_ws/install/ros2_python_extension/share/ros2_python_extension/package.sh'
[6.145s] INFO:colcon.colcon_core.shell:Creating package script '/root/ros2_ws/install/ros2_python_extension/share/ros2_python_extension/package.bash'
[6.145s] INFO:colcon.colcon_core.shell:Creating package script '/root/ros2_ws/install/ros2_python_extension/share/ros2_python_extension/package.zsh'
[6.146s] Level 1:colcon.colcon_core.environment:create_file_with_runtime_dependencies(/root/ros2_ws/install/ros2_python_extension/share/colcon-core/packages/ros2_python_extension)
[6.147s] Level 1:colcon.colcon_core.environment:create_environment_scripts_only(ros2_python_extension)
[6.148s] Level 1:colcon.colcon_core.environment:checking '/root/ros2_ws/install/ros2_python_extension' for CMake module files
[6.148s] Level 1:colcon.colcon_core.environment:checking '/root/ros2_ws/install/ros2_python_extension' for CMake config files
[6.148s] Level 1:colcon.colcon_core.shell:create_environment_hook('ros2_python_extension', 'cmake_prefix_path')
[6.148s] INFO:colcon.colcon_core.shell:Creating environment hook '/root/ros2_ws/install/ros2_python_extension/share/ros2_python_extension/hook/cmake_prefix_path.ps1'
[6.149s] INFO:colcon.colcon_core.shell:Creating environment descriptor '/root/ros2_ws/install/ros2_python_extension/share/ros2_python_extension/hook/cmake_prefix_path.dsv'
[6.149s] INFO:colcon.colcon_core.shell:Creating environment hook '/root/ros2_ws/install/ros2_python_extension/share/ros2_python_extension/hook/cmake_prefix_path.sh'
[6.150s] Level 1:colcon.colcon_core.environment:checking '/root/ros2_ws/install/ros2_python_extension/bin'
[6.150s] Level 1:colcon.colcon_core.environment:checking '/root/ros2_ws/install/ros2_python_extension/lib/pkgconfig/ros2_python_extension.pc'
[6.151s] Level 1:colcon.colcon_core.environment:checking '/root/ros2_ws/install/ros2_python_extension/lib/python3.12/site-packages'
[6.151s] Level 1:colcon.colcon_core.environment:checking '/root/ros2_ws/install/ros2_python_extension/bin'
[6.151s] INFO:colcon.colcon_core.shell:Creating package script '/root/ros2_ws/install/ros2_python_extension/share/ros2_python_extension/package.ps1'
[6.152s] INFO:colcon.colcon_core.shell:Creating package descriptor '/root/ros2_ws/install/ros2_python_extension/share/ros2_python_extension/package.dsv'
[6.152s] INFO:colcon.colcon_core.shell:Creating package script '/root/ros2_ws/install/ros2_python_extension/share/ros2_python_extension/package.sh'
[6.153s] INFO:colcon.colcon_core.shell:Creating package script '/root/ros2_ws/install/ros2_python_extension/share/ros2_python_extension/package.bash'
[6.153s] INFO:colcon.colcon_core.shell:Creating package script '/root/ros2_ws/install/ros2_python_extension/share/ros2_python_extension/package.zsh'
[6.154s] Level 1:colcon.colcon_core.environment:create_file_with_runtime_dependencies(/root/ros2_ws/install/ros2_python_extension/share/colcon-core/packages/ros2_python_extension)
[6.155s] INFO:colcon.colcon_ros.task.ament_cmake.build:Building ROS package in '/root/ros2_ws/src/bitbots_tf_buffer' with build type 'ament_cmake'
[6.155s] INFO:colcon.colcon_cmake.task.cmake.build:Building CMake package in '/root/ros2_ws/src/bitbots_tf_buffer'
[6.156s] INFO:colcon.colcon_core.shell:Skip shell extension 'powershell' for command environment: Not usable outside of PowerShell
[6.156s] DEBUG:colcon.colcon_core.shell:Skip shell extension 'dsv' for command environment
[6.179s] DEBUG:colcon.colcon_core.event_handler.log_command:Invoking command in '/root/ros2_ws/build/bitbots_tf_buffer': AMENT_PREFIX_PATH=/root/ros2_ws/install/ros2_python_extension:${AMENT_PREFIX_PATH} CMAKE_PREFIX_PATH=/root/ros2_ws/install/ros2_python_extension:/opt/ros/jazzy/opt/gz_launch_vendor:/opt/ros/jazzy/opt/gz_sim_vendor:/opt/ros/jazzy/opt/gz_sensors_vendor:/opt/ros/jazzy/opt/gz_physics_vendor:/opt/ros/jazzy/opt/sdformat_vendor:/opt/ros/jazzy/opt/gz_gui_vendor:/opt/ros/jazzy/opt/gz_transport_vendor:/opt/ros/jazzy/opt/gz_rendering_vendor:/opt/ros/jazzy/opt/gz_plugin_vendor:/opt/ros/jazzy/opt/gz_fuel_tools_vendor:/opt/ros/jazzy/opt/gz_msgs_vendor:/opt/ros/jazzy/opt/gz_common_vendor:/opt/ros/jazzy/opt/gz_math_vendor:/opt/ros/jazzy/opt/gz_utils_vendor:/opt/ros/jazzy/opt/gz_tools_vendor:/opt/ros/jazzy/opt/gz_ogre_next_vendor:/opt/ros/jazzy/opt/gz_dartsim_vendor:/opt/ros/jazzy/opt/gz_cmake_vendor:/opt/ros/jazzy /usr/bin/cmake /root/ros2_ws/src/bitbots_tf_buffer -DCMAKE_INSTALL_PREFIX=/root/ros2_ws/install/bitbots_tf_buffer
[10.077s] DEBUG:colcon.colcon_core.event_handler.log_command:Invoked command in '/root/ros2_ws/build/bitbots_tf_buffer' returned '0': AMENT_PREFIX_PATH=/root/ros2_ws/install/ros2_python_extension:${AMENT_PREFIX_PATH} CMAKE_PREFIX_PATH=/root/ros2_ws/install/ros2_python_extension:/opt/ros/jazzy/opt/gz_launch_vendor:/opt/ros/jazzy/opt/gz_sim_vendor:/opt/ros/jazzy/opt/gz_sensors_vendor:/opt/ros/jazzy/opt/gz_physics_vendor:/opt/ros/jazzy/opt/sdformat_vendor:/opt/ros/jazzy/opt/gz_gui_vendor:/opt/ros/jazzy/opt/gz_transport_vendor:/opt/ros/jazzy/opt/gz_rendering_vendor:/opt/ros/jazzy/opt/gz_plugin_vendor:/opt/ros/jazzy/opt/gz_fuel_tools_vendor:/opt/ros/jazzy/opt/gz_msgs_vendor:/opt/ros/jazzy/opt/gz_common_vendor:/opt/ros/jazzy/opt/gz_math_vendor:/opt/ros/jazzy/opt/gz_utils_vendor:/opt/ros/jazzy/opt/gz_tools_vendor:/opt/ros/jazzy/opt/gz_ogre_next_vendor:/opt/ros/jazzy/opt/gz_dartsim_vendor:/opt/ros/jazzy/opt/gz_cmake_vendor:/opt/ros/jazzy /usr/bin/cmake /root/ros2_ws/src/bitbots_tf_buffer -DCMAKE_INSTALL_PREFIX=/root/ros2_ws/install/bitbots_tf_buffer
[10.079s] DEBUG:colcon.colcon_core.event_handler.log_command:Invoking command in '/root/ros2_ws/build/bitbots_tf_buffer': AMENT_PREFIX_PATH=/root/ros2_ws/install/ros2_python_extension:${AMENT_PREFIX_PATH} CMAKE_PREFIX_PATH=/root/ros2_ws/install/ros2_python_extension:/opt/ros/jazzy/opt/gz_launch_vendor:/opt/ros/jazzy/opt/gz_sim_vendor:/opt/ros/jazzy/opt/gz_sensors_vendor:/opt/ros/jazzy/opt/gz_physics_vendor:/opt/ros/jazzy/opt/sdformat_vendor:/opt/ros/jazzy/opt/gz_gui_vendor:/opt/ros/jazzy/opt/gz_transport_vendor:/opt/ros/jazzy/opt/gz_rendering_vendor:/opt/ros/jazzy/opt/gz_plugin_vendor:/opt/ros/jazzy/opt/gz_fuel_tools_vendor:/opt/ros/jazzy/opt/gz_msgs_vendor:/opt/ros/jazzy/opt/gz_common_vendor:/opt/ros/jazzy/opt/gz_math_vendor:/opt/ros/jazzy/opt/gz_utils_vendor:/opt/ros/jazzy/opt/gz_tools_vendor:/opt/ros/jazzy/opt/gz_ogre_next_vendor:/opt/ros/jazzy/opt/gz_dartsim_vendor:/opt/ros/jazzy/opt/gz_cmake_vendor:/opt/ros/jazzy /usr/bin/cmake --build /root/ros2_ws/build/bitbots_tf_buffer -- -j8 -l8
[31.760s] DEBUG:colcon.colcon_core.event_handler.log_command:Invoked command in '/root/ros2_ws/build/bitbots_tf_buffer' returned '0': AMENT_PREFIX_PATH=/root/ros2_ws/install/ros2_python_extension:${AMENT_PREFIX_PATH} CMAKE_PREFIX_PATH=/root/ros2_ws/install/ros2_python_extension:/opt/ros/jazzy/opt/gz_launch_vendor:/opt/ros/jazzy/opt/gz_sim_vendor:/opt/ros/jazzy/opt/gz_sensors_vendor:/opt/ros/jazzy/opt/gz_physics_vendor:/opt/ros/jazzy/opt/sdformat_vendor:/opt/ros/jazzy/opt/gz_gui_vendor:/opt/ros/jazzy/opt/gz_transport_vendor:/opt/ros/jazzy/opt/gz_rendering_vendor:/opt/ros/jazzy/opt/gz_plugin_vendor:/opt/ros/jazzy/opt/gz_fuel_tools_vendor:/opt/ros/jazzy/opt/gz_msgs_vendor:/opt/ros/jazzy/opt/gz_common_vendor:/opt/ros/jazzy/opt/gz_math_vendor:/opt/ros/jazzy/opt/gz_utils_vendor:/opt/ros/jazzy/opt/gz_tools_vendor:/opt/ros/jazzy/opt/gz_ogre_next_vendor:/opt/ros/jazzy/opt/gz_dartsim_vendor:/opt/ros/jazzy/opt/gz_cmake_vendor:/opt/ros/jazzy /usr/bin/cmake --build /root/ros2_ws/build/bitbots_tf_buffer -- -j8 -l8
[31.763s] DEBUG:colcon.colcon_core.event_handler.log_command:Invoking command in '/root/ros2_ws/build/bitbots_tf_buffer': AMENT_PREFIX_PATH=/root/ros2_ws/install/ros2_python_extension:${AMENT_PREFIX_PATH} CMAKE_PREFIX_PATH=/root/ros2_ws/install/ros2_python_extension:/opt/ros/jazzy/opt/gz_launch_vendor:/opt/ros/jazzy/opt/gz_sim_vendor:/opt/ros/jazzy/opt/gz_sensors_vendor:/opt/ros/jazzy/opt/gz_physics_vendor:/opt/ros/jazzy/opt/sdformat_vendor:/opt/ros/jazzy/opt/gz_gui_vendor:/opt/ros/jazzy/opt/gz_transport_vendor:/opt/ros/jazzy/opt/gz_rendering_vendor:/opt/ros/jazzy/opt/gz_plugin_vendor:/opt/ros/jazzy/opt/gz_fuel_tools_vendor:/opt/ros/jazzy/opt/gz_msgs_vendor:/opt/ros/jazzy/opt/gz_common_vendor:/opt/ros/jazzy/opt/gz_math_vendor:/opt/ros/jazzy/opt/gz_utils_vendor:/opt/ros/jazzy/opt/gz_tools_vendor:/opt/ros/jazzy/opt/gz_ogre_next_vendor:/opt/ros/jazzy/opt/gz_dartsim_vendor:/opt/ros/jazzy/opt/gz_cmake_vendor:/opt/ros/jazzy /usr/bin/cmake --install /root/ros2_ws/build/bitbots_tf_buffer
[31.853s] Level 1:colcon.colcon_core.environment:create_environment_scripts_only(bitbots_tf_buffer)
[31.854s] Level 1:colcon.colcon_core.environment:checking '/root/ros2_ws/install/bitbots_tf_buffer' for CMake module files
[31.854s] DEBUG:colcon.colcon_core.event_handler.log_command:Invoked command in '/root/ros2_ws/build/bitbots_tf_buffer' returned '0': AMENT_PREFIX_PATH=/root/ros2_ws/install/ros2_python_extension:${AMENT_PREFIX_PATH} CMAKE_PREFIX_PATH=/root/ros2_ws/install/ros2_python_extension:/opt/ros/jazzy/opt/gz_launch_vendor:/opt/ros/jazzy/opt/gz_sim_vendor:/opt/ros/jazzy/opt/gz_sensors_vendor:/opt/ros/jazzy/opt/gz_physics_vendor:/opt/ros/jazzy/opt/sdformat_vendor:/opt/ros/jazzy/opt/gz_gui_vendor:/opt/ros/jazzy/opt/gz_transport_vendor:/opt/ros/jazzy/opt/gz_rendering_vendor:/opt/ros/jazzy/opt/gz_plugin_vendor:/opt/ros/jazzy/opt/gz_fuel_tools_vendor:/opt/ros/jazzy/opt/gz_msgs_vendor:/opt/ros/jazzy/opt/gz_common_vendor:/opt/ros/jazzy/opt/gz_math_vendor:/opt/ros/jazzy/opt/gz_utils_vendor:/opt/ros/jazzy/opt/gz_tools_vendor:/opt/ros/jazzy/opt/gz_ogre_next_vendor:/opt/ros/jazzy/opt/gz_dartsim_vendor:/opt/ros/jazzy/opt/gz_cmake_vendor:/opt/ros/jazzy /usr/bin/cmake --install /root/ros2_ws/build/bitbots_tf_buffer
[31.855s] Level 1:colcon.colcon_core.environment:checking '/root/ros2_ws/install/bitbots_tf_buffer' for CMake config files
[31.855s] Level 1:colcon.colcon_core.shell:create_environment_hook('bitbots_tf_buffer', 'cmake_prefix_path')
[31.856s] INFO:colcon.colcon_core.shell:Creating environment hook '/root/ros2_ws/install/bitbots_tf_buffer/share/bitbots_tf_buffer/hook/cmake_prefix_path.ps1'
[31.858s] INFO:colcon.colcon_core.shell:Creating environment descriptor '/root/ros2_ws/install/bitbots_tf_buffer/share/bitbots_tf_buffer/hook/cmake_prefix_path.dsv'
[31.858s] INFO:colcon.colcon_core.shell:Creating environment hook '/root/ros2_ws/install/bitbots_tf_buffer/share/bitbots_tf_buffer/hook/cmake_prefix_path.sh'
[31.859s] Level 1:colcon.colcon_core.environment:checking '/root/ros2_ws/install/bitbots_tf_buffer/lib'
[31.859s] Level 1:colcon.colcon_core.environment:checking '/root/ros2_ws/install/bitbots_tf_buffer/bin'
[31.860s] Level 1:colcon.colcon_core.environment:checking '/root/ros2_ws/install/bitbots_tf_buffer/lib/pkgconfig/bitbots_tf_buffer.pc'
[31.860s] Level 1:colcon.colcon_core.environment:checking '/root/ros2_ws/install/bitbots_tf_buffer/lib/python3.12/site-packages'
[31.860s] Level 1:colcon.colcon_core.shell:create_environment_hook('bitbots_tf_buffer', 'pythonpath')
[31.860s] INFO:colcon.colcon_core.shell:Creating environment hook '/root/ros2_ws/install/bitbots_tf_buffer/share/bitbots_tf_buffer/hook/pythonpath.ps1'
[31.861s] INFO:colcon.colcon_core.shell:Creating environment descriptor '/root/ros2_ws/install/bitbots_tf_buffer/share/bitbots_tf_buffer/hook/pythonpath.dsv'
[31.862s] INFO:colcon.colcon_core.shell:Creating environment hook '/root/ros2_ws/install/bitbots_tf_buffer/share/bitbots_tf_buffer/hook/pythonpath.sh'
[31.863s] Level 1:colcon.colcon_core.environment:checking '/root/ros2_ws/install/bitbots_tf_buffer/bin'
[31.863s] INFO:colcon.colcon_core.shell:Creating package script '/root/ros2_ws/install/bitbots_tf_buffer/share/bitbots_tf_buffer/package.ps1'
[31.864s] INFO:colcon.colcon_core.shell:Creating package descriptor '/root/ros2_ws/install/bitbots_tf_buffer/share/bitbots_tf_buffer/package.dsv'
[31.864s] INFO:colcon.colcon_core.shell:Creating package script '/root/ros2_ws/install/bitbots_tf_buffer/share/bitbots_tf_buffer/package.sh'
[31.865s] INFO:colcon.colcon_core.shell:Creating package script '/root/ros2_ws/install/bitbots_tf_buffer/share/bitbots_tf_buffer/package.bash'
[31.866s] INFO:colcon.colcon_core.shell:Creating package script '/root/ros2_ws/install/bitbots_tf_buffer/share/bitbots_tf_buffer/package.zsh'
[31.866s] Level 1:colcon.colcon_core.environment:create_file_with_runtime_dependencies(/root/ros2_ws/install/bitbots_tf_buffer/share/colcon-core/packages/bitbots_tf_buffer)
[31.868s] Level 1:colcon.colcon_core.environment:create_environment_scripts_only(bitbots_tf_buffer)
[31.868s] Level 1:colcon.colcon_core.environment:checking '/root/ros2_ws/install/bitbots_tf_buffer' for CMake module files
[31.868s] Level 1:colcon.colcon_core.environment:checking '/root/ros2_ws/install/bitbots_tf_buffer' for CMake config files
[31.869s] Level 1:colcon.colcon_core.shell:create_environment_hook('bitbots_tf_buffer', 'cmake_prefix_path')
[31.869s] INFO:colcon.colcon_core.shell:Creating environment hook '/root/ros2_ws/install/bitbots_tf_buffer/share/bitbots_tf_buffer/hook/cmake_prefix_path.ps1'
[31.869s] INFO:colcon.colcon_core.shell:Creating environment descriptor '/root/ros2_ws/install/bitbots_tf_buffer/share/bitbots_tf_buffer/hook/cmake_prefix_path.dsv'
[31.870s] INFO:colcon.colcon_core.shell:Creating environment hook '/root/ros2_ws/install/bitbots_tf_buffer/share/bitbots_tf_buffer/hook/cmake_prefix_path.sh'
[31.871s] Level 1:colcon.colcon_core.environment:checking '/root/ros2_ws/install/bitbots_tf_buffer/lib'
[31.871s] Level 1:colcon.colcon_core.environment:checking '/root/ros2_ws/install/bitbots_tf_buffer/bin'
[31.871s] Level 1:colcon.colcon_core.environment:checking '/root/ros2_ws/install/bitbots_tf_buffer/lib/pkgconfig/bitbots_tf_buffer.pc'
[31.872s] Level 1:colcon.colcon_core.environment:checking '/root/ros2_ws/install/bitbots_tf_buffer/lib/python3.12/site-packages'
[31.872s] Level 1:colcon.colcon_core.shell:create_environment_hook('bitbots_tf_buffer', 'pythonpath')
[31.872s] INFO:colcon.colcon_core.shell:Creating environment hook '/root/ros2_ws/install/bitbots_tf_buffer/share/bitbots_tf_buffer/hook/pythonpath.ps1'
[31.873s] INFO:colcon.colcon_core.shell:Creating environment descriptor '/root/ros2_ws/install/bitbots_tf_buffer/share/bitbots_tf_buffer/hook/pythonpath.dsv'
[31.873s] INFO:colcon.colcon_core.shell:Creating environment hook '/root/ros2_ws/install/bitbots_tf_buffer/share/bitbots_tf_buffer/hook/pythonpath.sh'
[31.874s] Level 1:colcon.colcon_core.environment:checking '/root/ros2_ws/install/bitbots_tf_buffer/bin'
[31.874s] INFO:colcon.colcon_core.shell:Creating package script '/root/ros2_ws/install/bitbots_tf_buffer/share/bitbots_tf_buffer/package.ps1'
[31.875s] INFO:colcon.colcon_core.shell:Creating package descriptor '/root/ros2_ws/install/bitbots_tf_buffer/share/bitbots_tf_buffer/package.dsv'
[31.876s] INFO:colcon.colcon_core.shell:Creating package script '/root/ros2_ws/install/bitbots_tf_buffer/share/bitbots_tf_buffer/package.sh'
[31.876s] INFO:colcon.colcon_core.shell:Creating package script '/root/ros2_ws/install/bitbots_tf_buffer/share/bitbots_tf_buffer/package.bash'
[31.877s] INFO:colcon.colcon_core.shell:Creating package script '/root/ros2_ws/install/bitbots_tf_buffer/share/bitbots_tf_buffer/package.zsh'
[31.877s] Level 1:colcon.colcon_core.environment:create_file_with_runtime_dependencies(/root/ros2_ws/install/bitbots_tf_buffer/share/colcon-core/packages/bitbots_tf_buffer)
[31.878s] DEBUG:colcon.colcon_parallel_executor.executor.parallel:closing loop
[31.879s] DEBUG:colcon.colcon_parallel_executor.executor.parallel:loop closed
[31.880s] DEBUG:colcon.colcon_parallel_executor.executor.parallel:run_until_complete finished with '0'
[31.881s] DEBUG:colcon.colcon_core.event_reactor:joining thread
[31.914s] INFO:colcon.colcon_core.plugin_system:Skipping extension 'colcon_notification.desktop_notification.notify_send': Could not find 'notify-send'
[31.914s] INFO:colcon.colcon_core.plugin_system:Skipping extension 'colcon_notification.desktop_notification.terminal_notifier': Not used on non-Darwin systems
[31.915s] INFO:colcon.colcon_core.plugin_system:Skipping extension 'colcon_notification.desktop_notification.win32': Not used on non-Windows systems
[31.915s] INFO:colcon.colcon_notification.desktop_notification:Sending desktop notification using 'notify2'
[31.922s] DEBUG:colcon.colcon_notification.desktop_notification.notify2:Failed to initialize notify2: org.freedesktop.DBus.Error.Spawn.ExecFailed: /usr/bin/dbus-launch terminated abnormally without any error message
[31.923s] DEBUG:colcon.colcon_core.event_reactor:joined thread
[31.924s] INFO:colcon.colcon_core.shell:Creating prefix script '/root/ros2_ws/install/local_setup.ps1'
[31.926s] INFO:colcon.colcon_core.shell:Creating prefix util module '/root/ros2_ws/install/_local_setup_util_ps1.py'
[31.929s] INFO:colcon.colcon_core.shell:Creating prefix chain script '/root/ros2_ws/install/setup.ps1'
[31.931s] INFO:colcon.colcon_core.shell:Creating prefix script '/root/ros2_ws/install/local_setup.sh'
[31.932s] INFO:colcon.colcon_core.shell:Creating prefix util module '/root/ros2_ws/install/_local_setup_util_sh.py'
[31.934s] INFO:colcon.colcon_core.shell:Creating prefix chain script '/root/ros2_ws/install/setup.sh'
[31.936s] INFO:colcon.colcon_core.shell:Creating prefix script '/root/ros2_ws/install/local_setup.bash'
[31.937s] INFO:colcon.colcon_core.shell:Creating prefix chain script '/root/ros2_ws/install/setup.bash'
[31.939s] INFO:colcon.colcon_core.shell:Creating prefix script '/root/ros2_ws/install/local_setup.zsh'
[31.940s] INFO:colcon.colcon_core.shell:Creating prefix chain script '/root/ros2_ws/install/setup.zsh'
