[0.046s] Invoking command in '/root/ros2_ws/build/erl1': CMAKE_PREFIX_PATH=${CMAKE_PREFIX_PATH}:/opt/ros/jazzy /usr/bin/cmake --build /root/ros2_ws/build/erl1 -- -j8 -l8
[0.329s] -- Found ament_cmake: 2.5.4 (/opt/ros/jazzy/share/ament_cmake/cmake)
[0.592s] -- Found ament_lint_auto: 0.17.3 (/opt/ros/jazzy/share/ament_lint_auto/cmake)
[0.698s] -- Added test 'flake8' to check Python code syntax and style conventions
[0.698s] -- Configured 'flake8' exclude dirs and/or files: 
[0.699s] -- Added test 'lint_cmake' to check CMake code style
[0.700s] -- Added test 'pep257' to check Python code against some of the docstring style conventions in PEP 257
[0.704s] -- Added test 'xmllint' to check XML markup files
[0.707s] -- Configuring done (0.4s)
[0.723s] -- Generating done (0.0s)
[0.729s] -- Build files have been written to: /root/ros2_ws/build/erl1
[0.754s] Invoked command in '/root/ros2_ws/build/erl1' returned '0': CMAKE_PREFIX_PATH=${CMAKE_PREFIX_PATH}:/opt/ros/jazzy /usr/bin/cmake --build /root/ros2_ws/build/erl1 -- -j8 -l8
[0.755s] Invoking command in '/root/ros2_ws/build/erl1': CMAKE_PREFIX_PATH=${CMAKE_PREFIX_PATH}:/opt/ros/jazzy /usr/bin/cmake --install /root/ros2_ws/build/erl1
[0.765s] -- Install configuration: ""
[0.765s] -- Up-to-date: /root/ros2_ws/install/erl1/share/erl1/launch
[0.766s] -- Installing: /root/ros2_ws/install/erl1/share/erl1/launch/rviz_launch.py
[0.767s] -- Installing: /root/ros2_ws/install/erl1/share/erl1/launch/spawn_robot.launch.py
[0.767s] -- Installing: /root/ros2_ws/install/erl1/share/erl1/launch/my_launch.py
[0.767s] -- Up-to-date: /root/ros2_ws/install/erl1/share/erl1/worlds
[0.768s] -- Installing: /root/ros2_ws/install/erl1/share/erl1/worlds/my_world.sdf
[0.768s] -- Installing: /root/ros2_ws/install/erl1/share/erl1/worlds/empty.sdf
[0.769s] -- Installing: /root/ros2_ws/install/erl1/share/erl1/rviz
[0.770s] -- Installing: /root/ros2_ws/install/erl1/share/erl1/rviz/urdf.rviz
[0.770s] -- Installing: /root/ros2_ws/install/erl1/share/erl1/urdf
[0.771s] -- Installing: /root/ros2_ws/install/erl1/share/erl1/urdf/erl1.gazebo
[0.771s] -- Installing: /root/ros2_ws/install/erl1/share/erl1/urdf/erl1.urdf
[0.772s] -- Installing: /root/ros2_ws/install/erl1/share/erl1/meshes
[0.774s] -- Up-to-date: /root/ros2_ws/install/erl1/share/ament_index/resource_index/package_run_dependencies/erl1
[0.774s] -- Installing: /root/ros2_ws/install/erl1/share/ament_index/resource_index/parent_prefix_path/erl1
[0.775s] -- Up-to-date: /root/ros2_ws/install/erl1/share/erl1/environment/ament_prefix_path.sh
[0.776s] -- Up-to-date: /root/ros2_ws/install/erl1/share/erl1/environment/ament_prefix_path.dsv
[0.776s] -- Up-to-date: /root/ros2_ws/install/erl1/share/erl1/environment/path.sh
[0.776s] -- Up-to-date: /root/ros2_ws/install/erl1/share/erl1/environment/path.dsv
[0.776s] -- Up-to-date: /root/ros2_ws/install/erl1/share/erl1/local_setup.bash
[0.776s] -- Up-to-date: /root/ros2_ws/install/erl1/share/erl1/local_setup.sh
[0.776s] -- Up-to-date: /root/ros2_ws/install/erl1/share/erl1/local_setup.zsh
[0.776s] -- Up-to-date: /root/ros2_ws/install/erl1/share/erl1/local_setup.dsv
[0.776s] -- Installing: /root/ros2_ws/install/erl1/share/erl1/package.dsv
[0.778s] -- Up-to-date: /root/ros2_ws/install/erl1/share/ament_index/resource_index/packages/erl1
[0.778s] -- Up-to-date: /root/ros2_ws/install/erl1/share/erl1/cmake/erl1Config.cmake
[0.778s] -- Up-to-date: /root/ros2_ws/install/erl1/share/erl1/cmake/erl1Config-version.cmake
[0.778s] -- Installing: /root/ros2_ws/install/erl1/share/erl1/package.xml
[0.782s] Invoked command in '/root/ros2_ws/build/erl1' returned '0': CMAKE_PREFIX_PATH=${CMAKE_PREFIX_PATH}:/opt/ros/jazzy /usr/bin/cmake --install /root/ros2_ws/build/erl1
