-- The C compiler identification is GNU 13.3.0
-- The CXX compiler identification is GNU 13.3.0
-- Detecting C compiler ABI info
-- Detecting C compiler ABI info - done
-- Check for working C compiler: /usr/bin/cc - skipped
-- Detecting C compile features
-- Detecting C compile features - done
-- Detecting CXX compiler ABI info
-- Detecting CXX compiler ABI info - done
-- Check for working CXX compiler: /usr/bin/c++ - skipped
-- Detecting CXX compile features
-- Detecting CXX compile features - done
-- Found ament_cmake: 2.5.4 (/opt/ros/jazzy/share/ament_cmake/cmake)
-- Found Python3: /usr/bin/python3 (found version "3.12.3") found components: Interpreter 
-- Found rclcpp: 28.1.11 (/opt/ros/jazzy/share/rclcpp/cmake)
-- Found rosidl_generator_c: 4.6.6 (/opt/ros/jazzy/share/rosidl_generator_c/cmake)
-- Found rosidl_generator_cpp: 4.6.6 (/opt/ros/jazzy/share/rosidl_generator_cpp/cmake)
-- Using all available rosidl_typesupport_c: rosidl_typesupport_fastrtps_c;rosidl_typesupport_introspection_c
-- Using all available rosidl_typesupport_cpp: rosidl_typesupport_fastrtps_cpp;rosidl_typesupport_introspection_cpp
-- Found rmw_implementation_cmake: 7.3.2 (/opt/ros/jazzy/share/rmw_implementation_cmake/cmake)
-- Found rmw_fastrtps_cpp: 8.4.3 (/opt/ros/jazzy/share/rmw_fastrtps_cpp/cmake)
-- Found OpenSSL: /usr/lib/x86_64-linux-gnu/libcrypto.so (found version "3.0.13")  
-- Found FastRTPS: /opt/ros/jazzy/include (Required is at least version "2.13") 
-- Using RMW implementation 'rmw_fastrtps_cpp' as default
-- Performing Test HAS_FLTO
-- Performing Test HAS_FLTO - Success
-- Found pybind11: /usr/include (found version "2.11.1")
-- Found Python3: /usr/bin/python3 (found version "3.12.3") found components: Interpreter Development Development.Module Development.Embed 
-- Configuring done (5.0s)
-- Generating done (0.0s)
-- Build files have been written to: /root/ros2_ws/build/ros2_python_extension
-- Install configuration: ""
-- Installing: /root/ros2_ws/install/ros2_python_extension/include
-- Installing: /root/ros2_ws/install/ros2_python_extension/include/ros2_python_extension
-- Installing: /root/ros2_ws/install/ros2_python_extension/include/ros2_python_extension/serialization.hpp
-- Installing: /root/ros2_ws/install/ros2_python_extension/share/ament_index/resource_index/package_run_dependencies/ros2_python_extension
-- Installing: /root/ros2_ws/install/ros2_python_extension/share/ament_index/resource_index/parent_prefix_path/ros2_python_extension
-- Installing: /root/ros2_ws/install/ros2_python_extension/share/ros2_python_extension/environment/ament_prefix_path.sh
-- Installing: /root/ros2_ws/install/ros2_python_extension/share/ros2_python_extension/environment/ament_prefix_path.dsv
-- Installing: /root/ros2_ws/install/ros2_python_extension/share/ros2_python_extension/environment/path.sh
-- Installing: /root/ros2_ws/install/ros2_python_extension/share/ros2_python_extension/environment/path.dsv
-- Installing: /root/ros2_ws/install/ros2_python_extension/share/ros2_python_extension/local_setup.bash
-- Installing: /root/ros2_ws/install/ros2_python_extension/share/ros2_python_extension/local_setup.sh
-- Installing: /root/ros2_ws/install/ros2_python_extension/share/ros2_python_extension/local_setup.zsh
-- Installing: /root/ros2_ws/install/ros2_python_extension/share/ros2_python_extension/local_setup.dsv
-- Installing: /root/ros2_ws/install/ros2_python_extension/share/ros2_python_extension/package.dsv
-- Installing: /root/ros2_ws/install/ros2_python_extension/share/ament_index/resource_index/packages/ros2_python_extension
-- Installing: /root/ros2_ws/install/ros2_python_extension/share/ros2_python_extension/cmake/ament_cmake_export_dependencies-extras.cmake
-- Installing: /root/ros2_ws/install/ros2_python_extension/share/ros2_python_extension/cmake/ament_cmake_export_include_directories-extras.cmake
-- Installing: /root/ros2_ws/install/ros2_python_extension/share/ros2_python_extension/cmake/ros2_python_extensionConfig.cmake
-- Installing: /root/ros2_ws/install/ros2_python_extension/share/ros2_python_extension/cmake/ros2_python_extensionConfig-version.cmake
-- Installing: /root/ros2_ws/install/ros2_python_extension/share/ros2_python_extension/package.xml
