[0.101s] Invoking command in '/root/ros2_ws/build/ros2_python_extension': CMAKE_PREFIX_PATH=${CMAKE_PREFIX_PATH}:/opt/ros/jazzy /usr/bin/cmake /root/ros2_ws/src/ros2_python_extension/ros2_python_extension -DCMAKE_INSTALL_PREFIX=/root/ros2_ws/install/ros2_python_extension
[0.932s] -- The C compiler identification is GNU 13.3.0
[1.395s] -- The CXX compiler identification is GNU 13.3.0
[1.440s] -- Detecting C compiler ABI info
[1.830s] -- Detecting C compiler ABI info - done
[1.854s] -- Check for working C compiler: /usr/bin/cc - skipped
[1.855s] -- Detecting C compile features
[1.856s] -- Detecting C compile features - done
[1.876s] -- Detecting CXX compiler ABI info
[2.207s] -- Detecting CXX compiler ABI info - done
[2.228s] -- Check for working CXX compiler: /usr/bin/c++ - skipped
[2.229s] -- Detecting CXX compile features
[2.230s] -- Detecting CXX compile features - done
[2.307s] -- Found ament_cmake: 2.5.4 (/opt/ros/jazzy/share/ament_cmake/cmake)
[2.620s] -- Found Python3: /usr/bin/python3 (found version "3.12.3") found components: Interpreter 
[2.982s] -- Found rclcpp: 28.1.11 (/opt/ros/jazzy/share/rclcpp/cmake)
[3.197s] -- Found rosidl_generator_c: 4.6.6 (/opt/ros/jazzy/share/rosidl_generator_c/cmake)
[3.258s] -- Found rosidl_generator_cpp: 4.6.6 (/opt/ros/jazzy/share/rosidl_generator_cpp/cmake)
[3.333s] -- Using all available rosidl_typesupport_c: rosidl_typesupport_fastrtps_c;rosidl_typesupport_introspection_c
[3.413s] -- Using all available rosidl_typesupport_cpp: rosidl_typesupport_fastrtps_cpp;rosidl_typesupport_introspection_cpp
[3.710s] -- Found rmw_implementation_cmake: 7.3.2 (/opt/ros/jazzy/share/rmw_implementation_cmake/cmake)
[3.728s] -- Found rmw_fastrtps_cpp: 8.4.3 (/opt/ros/jazzy/share/rmw_fastrtps_cpp/cmake)
[4.028s] -- Found OpenSSL: /usr/lib/x86_64-linux-gnu/libcrypto.so (found version "3.0.13")  
[4.069s] -- Found FastRTPS: /opt/ros/jazzy/include (Required is at least version "2.13") 
[4.113s] -- Using RMW implementation 'rmw_fastrtps_cpp' as default
[4.397s] -- Performing Test HAS_FLTO
[4.695s] -- Performing Test HAS_FLTO - Success
[4.696s] -- Found pybind11: /usr/include (found version "2.11.1")
[5.057s] -- Found Python3: /usr/bin/python3 (found version "3.12.3") found components: Interpreter Development Development.Module Development.Embed 
[5.199s] -- Configuring done (5.0s)
[5.215s] -- Generating done (0.0s)
[5.222s] -- Build files have been written to: /root/ros2_ws/build/ros2_python_extension
[5.236s] Invoked command in '/root/ros2_ws/build/ros2_python_extension' returned '0': CMAKE_PREFIX_PATH=${CMAKE_PREFIX_PATH}:/opt/ros/jazzy /usr/bin/cmake /root/ros2_ws/src/ros2_python_extension/ros2_python_extension -DCMAKE_INSTALL_PREFIX=/root/ros2_ws/install/ros2_python_extension
[5.238s] Invoking command in '/root/ros2_ws/build/ros2_python_extension': CMAKE_PREFIX_PATH=${CMAKE_PREFIX_PATH}:/opt/ros/jazzy /usr/bin/cmake --build /root/ros2_ws/build/ros2_python_extension -- -j8 -l8
[5.300s] Invoked command in '/root/ros2_ws/build/ros2_python_extension' returned '0': CMAKE_PREFIX_PATH=${CMAKE_PREFIX_PATH}:/opt/ros/jazzy /usr/bin/cmake --build /root/ros2_ws/build/ros2_python_extension -- -j8 -l8
[5.302s] Invoking command in '/root/ros2_ws/build/ros2_python_extension': CMAKE_PREFIX_PATH=${CMAKE_PREFIX_PATH}:/opt/ros/jazzy /usr/bin/cmake --install /root/ros2_ws/build/ros2_python_extension
[5.316s] -- Install configuration: ""
[5.316s] -- Installing: /root/ros2_ws/install/ros2_python_extension/include
[5.320s] -- Installing: /root/ros2_ws/install/ros2_python_extension/include/ros2_python_extension
[5.320s] -- Installing: /root/ros2_ws/install/ros2_python_extension/include/ros2_python_extension/serialization.hpp
[5.323s] -- Installing: /root/ros2_ws/install/ros2_python_extension/share/ament_index/resource_index/package_run_dependencies/ros2_python_extension
[5.324s] -- Installing: /root/ros2_ws/install/ros2_python_extension/share/ament_index/resource_index/parent_prefix_path/ros2_python_extension
[5.324s] -- Installing: /root/ros2_ws/install/ros2_python_extension/share/ros2_python_extension/environment/ament_prefix_path.sh
[5.325s] -- Installing: /root/ros2_ws/install/ros2_python_extension/share/ros2_python_extension/environment/ament_prefix_path.dsv
[5.325s] -- Installing: /root/ros2_ws/install/ros2_python_extension/share/ros2_python_extension/environment/path.sh
[5.326s] -- Installing: /root/ros2_ws/install/ros2_python_extension/share/ros2_python_extension/environment/path.dsv
[5.326s] -- Installing: /root/ros2_ws/install/ros2_python_extension/share/ros2_python_extension/local_setup.bash
[5.326s] -- Installing: /root/ros2_ws/install/ros2_python_extension/share/ros2_python_extension/local_setup.sh
[5.326s] -- Installing: /root/ros2_ws/install/ros2_python_extension/share/ros2_python_extension/local_setup.zsh
[5.327s] -- Installing: /root/ros2_ws/install/ros2_python_extension/share/ros2_python_extension/local_setup.dsv
[5.327s] -- Installing: /root/ros2_ws/install/ros2_python_extension/share/ros2_python_extension/package.dsv
[5.328s] -- Installing: /root/ros2_ws/install/ros2_python_extension/share/ament_index/resource_index/packages/ros2_python_extension
[5.328s] -- Installing: /root/ros2_ws/install/ros2_python_extension/share/ros2_python_extension/cmake/ament_cmake_export_dependencies-extras.cmake
[5.329s] -- Installing: /root/ros2_ws/install/ros2_python_extension/share/ros2_python_extension/cmake/ament_cmake_export_include_directories-extras.cmake
[5.329s] -- Installing: /root/ros2_ws/install/ros2_python_extension/share/ros2_python_extension/cmake/ros2_python_extensionConfig.cmake
[5.329s] -- Installing: /root/ros2_ws/install/ros2_python_extension/share/ros2_python_extension/cmake/ros2_python_extensionConfig-version.cmake
[5.330s] -- Installing: /root/ros2_ws/install/ros2_python_extension/share/ros2_python_extension/package.xml
[5.333s] Invoked command in '/root/ros2_ws/build/ros2_python_extension' returned '0': CMAKE_PREFIX_PATH=${CMAKE_PREFIX_PATH}:/opt/ros/jazzy /usr/bin/cmake --install /root/ros2_ws/build/ros2_python_extension
