-- The C compiler identification is GNU 13.3.0
-- The CXX compiler identification is GNU 13.3.0
-- Detecting C compiler ABI info
-- Detecting C compiler ABI info - done
-- Check for working C compiler: /usr/bin/cc - skipped
-- Detecting C compile features
-- Detecting C compile features - done
-- Detecting CXX compiler ABI info
-- Detecting CXX compiler ABI info - done
-- Check for working CXX compiler: /usr/bin/c++ - skipped
-- Detecting CXX compile features
-- Detecting CXX compile features - done
-- Found ament_cmake: 2.5.4 (/opt/ros/jazzy/share/ament_cmake/cmake)
-- Found Python3: /usr/bin/python3 (found version "3.12.3") found components: Interpreter 
-- Found ament_lint_auto: 0.17.3 (/opt/ros/jazzy/share/ament_lint_auto/cmake)
-- Added test 'flake8' to check Python code syntax and style conventions
-- Configured 'flake8' exclude dirs and/or files: 
-- Added test 'lint_cmake' to check CMake code style
-- Added test 'pep257' to check Python code against some of the docstring style conventions in PEP 257
-- Added test 'xmllint' to check XML markup files
-- Configuring done (1.1s)
-- Generating done (0.0s)
-- Build files have been written to: /root/ros2_ws/build/erl1
-- Install configuration: ""
-- Installing: /root/ros2_ws/install/erl1/share/ament_index/resource_index/package_run_dependencies/erl1
-- Installing: /root/ros2_ws/install/erl1/share/ament_index/resource_index/parent_prefix_path/erl1
-- Installing: /root/ros2_ws/install/erl1/share/erl1/environment/ament_prefix_path.sh
-- Installing: /root/ros2_ws/install/erl1/share/erl1/environment/ament_prefix_path.dsv
-- Installing: /root/ros2_ws/install/erl1/share/erl1/environment/path.sh
-- Installing: /root/ros2_ws/install/erl1/share/erl1/environment/path.dsv
-- Installing: /root/ros2_ws/install/erl1/share/erl1/local_setup.bash
-- Installing: /root/ros2_ws/install/erl1/share/erl1/local_setup.sh
-- Installing: /root/ros2_ws/install/erl1/share/erl1/local_setup.zsh
-- Installing: /root/ros2_ws/install/erl1/share/erl1/local_setup.dsv
-- Installing: /root/ros2_ws/install/erl1/share/erl1/package.dsv
-- Installing: /root/ros2_ws/install/erl1/share/ament_index/resource_index/packages/erl1
-- Installing: /root/ros2_ws/install/erl1/share/erl1/cmake/erl1Config.cmake
-- Installing: /root/ros2_ws/install/erl1/share/erl1/cmake/erl1Config-version.cmake
-- Installing: /root/ros2_ws/install/erl1/share/erl1/package.xml
