[0.024s] Invoking command in '/root/ros2_ws/build/my_robot_description': CMAKE_PREFIX_PATH=${CMAKE_PREFIX_PATH}:/opt/ros/jazzy /usr/bin/cmake /root/ros2_ws/src/my_robot_description -DCMAKE_INSTALL_PREFIX=/root/ros2_ws/install/my_robot_description
[0.284s] -- The C compiler identification is GNU 13.3.0
[0.414s] -- The CXX compiler identification is GNU 13.3.0
[0.442s] -- Detecting C compiler ABI info
[0.568s] -- Detecting C compiler ABI info - done
[0.577s] -- Check for working C compiler: /usr/bin/cc - skipped
[0.578s] -- Detecting C compile features
[0.578s] -- Detecting C compile features - done
[0.592s] -- Detecting CXX compiler ABI info
[0.701s] -- Detecting CXX compiler ABI info - done
[0.709s] -- Check for working CXX compiler: /usr/bin/c++ - skipped
[0.709s] -- Detecting CXX compile features
[0.709s] -- Detecting CXX compile features - done
[0.753s] -- Found ament_cmake: 2.5.4 (/opt/ros/jazzy/share/ament_cmake/cmake)
[0.928s] -- Found Python3: /usr/bin/python3 (found version "3.12.3") found components: Interpreter 
[1.231s] -- Configuring done (1.1s)
[1.238s] -- Generating done (0.0s)
[1.241s] -- Build files have been written to: /root/ros2_ws/build/my_robot_description
[1.251s] Invoked command in '/root/ros2_ws/build/my_robot_description' returned '0': CMAKE_PREFIX_PATH=${CMAKE_PREFIX_PATH}:/opt/ros/jazzy /usr/bin/cmake /root/ros2_ws/src/my_robot_description -DCMAKE_INSTALL_PREFIX=/root/ros2_ws/install/my_robot_description
[1.251s] Invoking command in '/root/ros2_ws/build/my_robot_description': CMAKE_PREFIX_PATH=${CMAKE_PREFIX_PATH}:/opt/ros/jazzy /usr/bin/cmake --build /root/ros2_ws/build/my_robot_description -- -j8 -l8
[1.297s] Invoked command in '/root/ros2_ws/build/my_robot_description' returned '0': CMAKE_PREFIX_PATH=${CMAKE_PREFIX_PATH}:/opt/ros/jazzy /usr/bin/cmake --build /root/ros2_ws/build/my_robot_description -- -j8 -l8
[1.298s] Invoking command in '/root/ros2_ws/build/my_robot_description': CMAKE_PREFIX_PATH=${CMAKE_PREFIX_PATH}:/opt/ros/jazzy /usr/bin/cmake --install /root/ros2_ws/build/my_robot_description
[1.307s] -- Install configuration: ""
[1.307s] -- Installing: /root/ros2_ws/install/my_robot_description/share/my_robot_description//urdf
[1.308s] -- Installing: /root/ros2_ws/install/my_robot_description/share/my_robot_description//urdf/mobile_base.xacro
[1.309s] -- Installing: /root/ros2_ws/install/my_robot_description/share/my_robot_description//urdf/mobile_base_gazebo.xacro
[1.309s] -- Installing: /root/ros2_ws/install/my_robot_description/share/my_robot_description//urdf/common_properties.xacro
[1.310s] -- Installing: /root/ros2_ws/install/my_robot_description/share/my_robot_description//urdf/my_robot.urdf.xacro
[1.310s] -- Installing: /root/ros2_ws/install/my_robot_description/share/my_robot_description//launch
[1.310s] -- Installing: /root/ros2_ws/install/my_robot_description/share/my_robot_description//launch/display.launch.xml
[1.311s] -- Installing: /root/ros2_ws/install/my_robot_description/share/my_robot_description//launch/display.launch.py
[1.311s] -- Installing: /root/ros2_ws/install/my_robot_description/share/my_robot_description//rviz
[1.311s] -- Installing: /root/ros2_ws/install/my_robot_description/share/my_robot_description//rviz/urdf_config.rviz
[1.312s] -- Installing: /root/ros2_ws/install/my_robot_description/share/ament_index/resource_index/package_run_dependencies/my_robot_description
[1.313s] -- Installing: /root/ros2_ws/install/my_robot_description/share/ament_index/resource_index/parent_prefix_path/my_robot_description
[1.314s] -- Installing: /root/ros2_ws/install/my_robot_description/share/my_robot_description/environment/ament_prefix_path.sh
[1.315s] -- Installing: /root/ros2_ws/install/my_robot_description/share/my_robot_description/environment/ament_prefix_path.dsv
[1.315s] -- Installing: /root/ros2_ws/install/my_robot_description/share/my_robot_description/environment/path.sh
[1.316s] -- Installing: /root/ros2_ws/install/my_robot_description/share/my_robot_description/environment/path.dsv
[1.316s] -- Installing: /root/ros2_ws/install/my_robot_description/share/my_robot_description/local_setup.bash
[1.318s] -- Installing: /root/ros2_ws/install/my_robot_description/share/my_robot_description/local_setup.sh
[1.318s] -- Installing: /root/ros2_ws/install/my_robot_description/share/my_robot_description/local_setup.zsh
[1.318s] -- Installing: /root/ros2_ws/install/my_robot_description/share/my_robot_description/local_setup.dsv
[1.318s] -- Installing: /root/ros2_ws/install/my_robot_description/share/my_robot_description/package.dsv
[1.318s] -- Installing: /root/ros2_ws/install/my_robot_description/share/ament_index/resource_index/packages/my_robot_description
[1.318s] -- Installing: /root/ros2_ws/install/my_robot_description/share/my_robot_description/cmake/my_robot_descriptionConfig.cmake
[1.319s] -- Installing: /root/ros2_ws/install/my_robot_description/share/my_robot_description/cmake/my_robot_descriptionConfig-version.cmake
[1.319s] -- Installing: /root/ros2_ws/install/my_robot_description/share/my_robot_description/package.xml
[1.332s] Invoked command in '/root/ros2_ws/build/my_robot_description' returned '0': CMAKE_PREFIX_PATH=${CMAKE_PREFIX_PATH}:/opt/ros/jazzy /usr/bin/cmake --install /root/ros2_ws/build/my_robot_description
