[0.103s] Invoking command in '/root/ros2_ws/build/erl1': CMAKE_PREFIX_PATH=${CMAKE_PREFIX_PATH}:/opt/ros/jazzy /usr/bin/cmake --build /root/ros2_ws/build/erl1 -- -j8 -l8
[0.726s] Invoked command in '/root/ros2_ws/build/erl1' returned '0': CMAKE_PREFIX_PATH=${CMAKE_PREFIX_PATH}:/opt/ros/jazzy /usr/bin/cmake --build /root/ros2_ws/build/erl1 -- -j8 -l8
[0.730s] Invoking command in '/root/ros2_ws/build/erl1': CMAKE_PREFIX_PATH=${CMAKE_PREFIX_PATH}:/opt/ros/jazzy /usr/bin/cmake --install /root/ros2_ws/build/erl1
[0.771s] -- Install configuration: ""
[0.772s] -- Up-to-date: /root/ros2_ws/install/erl1/share/erl1/launch
[0.772s] -- Up-to-date: /root/ros2_ws/install/erl1/share/erl1/launch/rviz_launch.py
[0.772s] -- Up-to-date: /root/ros2_ws/install/erl1/share/erl1/launch/spawn_robot.launch.py
[0.772s] -- Up-to-date: /root/ros2_ws/install/erl1/share/erl1/launch/my_launch.py
[0.772s] -- Up-to-date: /root/ros2_ws/install/erl1/share/erl1/worlds
[0.772s] -- Up-to-date: /root/ros2_ws/install/erl1/share/erl1/worlds/my_world.sdf
[0.772s] -- Up-to-date: /root/ros2_ws/install/erl1/share/erl1/worlds/empty.sdf
[0.772s] -- Up-to-date: /root/ros2_ws/install/erl1/share/erl1/rviz
[0.773s] -- Up-to-date: /root/ros2_ws/install/erl1/share/erl1/rviz/urdf.rviz
[0.773s] -- Up-to-date: /root/ros2_ws/install/erl1/share/erl1/urdf
[0.773s] -- Up-to-date: /root/ros2_ws/install/erl1/share/erl1/urdf/erl1.gazebo
[0.773s] -- Up-to-date: /root/ros2_ws/install/erl1/share/erl1/urdf/erl1.urdf
[0.773s] -- Up-to-date: /root/ros2_ws/install/erl1/share/erl1/meshes
[0.774s] -- Up-to-date: /root/ros2_ws/install/erl1/share/ament_index/resource_index/package_run_dependencies/erl1
[0.774s] -- Up-to-date: /root/ros2_ws/install/erl1/share/ament_index/resource_index/parent_prefix_path/erl1
[0.774s] -- Up-to-date: /root/ros2_ws/install/erl1/share/erl1/environment/ament_prefix_path.sh
[0.775s] -- Up-to-date: /root/ros2_ws/install/erl1/share/erl1/environment/ament_prefix_path.dsv
[0.775s] -- Up-to-date: /root/ros2_ws/install/erl1/share/erl1/environment/path.sh
[0.775s] -- Up-to-date: /root/ros2_ws/install/erl1/share/erl1/environment/path.dsv
[0.775s] -- Up-to-date: /root/ros2_ws/install/erl1/share/erl1/local_setup.bash
[0.775s] -- Up-to-date: /root/ros2_ws/install/erl1/share/erl1/local_setup.sh
[0.775s] -- Up-to-date: /root/ros2_ws/install/erl1/share/erl1/local_setup.zsh
[0.775s] -- Up-to-date: /root/ros2_ws/install/erl1/share/erl1/local_setup.dsv
[0.776s] -- Installing: /root/ros2_ws/install/erl1/share/erl1/package.dsv
[0.776s] -- Up-to-date: /root/ros2_ws/install/erl1/share/ament_index/resource_index/packages/erl1
[0.776s] -- Up-to-date: /root/ros2_ws/install/erl1/share/erl1/cmake/erl1Config.cmake
[0.776s] -- Up-to-date: /root/ros2_ws/install/erl1/share/erl1/cmake/erl1Config-version.cmake
[0.776s] -- Up-to-date: /root/ros2_ws/install/erl1/share/erl1/package.xml
[0.870s] Invoked command in '/root/ros2_ws/build/erl1' returned '0': CMAKE_PREFIX_PATH=${CMAKE_PREFIX_PATH}:/opt/ros/jazzy /usr/bin/cmake --install /root/ros2_ws/build/erl1
