[0.045s] Invoking command in '/root/ros2_ws/build/bitbots_tf_buffer': AMENT_PREFIX_PATH=/root/ros2_ws/install/ros2_python_extension:${AMENT_PREFIX_PATH} CMAKE_PREFIX_PATH=/root/ros2_ws/install/ros2_python_extension:/opt/ros/jazzy/opt/gz_launch_vendor:/opt/ros/jazzy/opt/gz_sim_vendor:/opt/ros/jazzy/opt/gz_sensors_vendor:/opt/ros/jazzy/opt/gz_physics_vendor:/opt/ros/jazzy/opt/sdformat_vendor:/opt/ros/jazzy/opt/gz_gui_vendor:/opt/ros/jazzy/opt/gz_transport_vendor:/opt/ros/jazzy/opt/gz_rendering_vendor:/opt/ros/jazzy/opt/gz_plugin_vendor:/opt/ros/jazzy/opt/gz_fuel_tools_vendor:/opt/ros/jazzy/opt/gz_msgs_vendor:/opt/ros/jazzy/opt/gz_common_vendor:/opt/ros/jazzy/opt/gz_math_vendor:/opt/ros/jazzy/opt/gz_utils_vendor:/opt/ros/jazzy/opt/gz_tools_vendor:/opt/ros/jazzy/opt/gz_ogre_next_vendor:/opt/ros/jazzy/opt/gz_dartsim_vendor:/opt/ros/jazzy/opt/gz_cmake_vendor:/opt/ros/jazzy /usr/bin/cmake --build /root/ros2_ws/build/bitbots_tf_buffer -- -j8 -l8
[0.265s] [  0%] Built target ament_cmake_python_copy_bitbots_tf_buffer
[0.525s] [100%] Built target cpp_wrapper
[0.538s] running egg_info
[0.558s] writing bitbots_tf_buffer.egg-info/PKG-INFO
[0.560s] writing dependency_links to bitbots_tf_buffer.egg-info/dependency_links.txt
[0.560s] writing top-level names to bitbots_tf_buffer.egg-info/top_level.txt
[0.624s] reading manifest file 'bitbots_tf_buffer.egg-info/SOURCES.txt'
[0.625s] writing manifest file 'bitbots_tf_buffer.egg-info/SOURCES.txt'
[0.659s] [100%] Built target ament_cmake_python_build_bitbots_tf_buffer_egg
[0.672s] Invoked command in '/root/ros2_ws/build/bitbots_tf_buffer' returned '0': AMENT_PREFIX_PATH=/root/ros2_ws/install/ros2_python_extension:${AMENT_PREFIX_PATH} CMAKE_PREFIX_PATH=/root/ros2_ws/install/ros2_python_extension:/opt/ros/jazzy/opt/gz_launch_vendor:/opt/ros/jazzy/opt/gz_sim_vendor:/opt/ros/jazzy/opt/gz_sensors_vendor:/opt/ros/jazzy/opt/gz_physics_vendor:/opt/ros/jazzy/opt/sdformat_vendor:/opt/ros/jazzy/opt/gz_gui_vendor:/opt/ros/jazzy/opt/gz_transport_vendor:/opt/ros/jazzy/opt/gz_rendering_vendor:/opt/ros/jazzy/opt/gz_plugin_vendor:/opt/ros/jazzy/opt/gz_fuel_tools_vendor:/opt/ros/jazzy/opt/gz_msgs_vendor:/opt/ros/jazzy/opt/gz_common_vendor:/opt/ros/jazzy/opt/gz_math_vendor:/opt/ros/jazzy/opt/gz_utils_vendor:/opt/ros/jazzy/opt/gz_tools_vendor:/opt/ros/jazzy/opt/gz_ogre_next_vendor:/opt/ros/jazzy/opt/gz_dartsim_vendor:/opt/ros/jazzy/opt/gz_cmake_vendor:/opt/ros/jazzy /usr/bin/cmake --build /root/ros2_ws/build/bitbots_tf_buffer -- -j8 -l8
[0.676s] Invoking command in '/root/ros2_ws/build/bitbots_tf_buffer': AMENT_PREFIX_PATH=/root/ros2_ws/install/ros2_python_extension:${AMENT_PREFIX_PATH} CMAKE_PREFIX_PATH=/root/ros2_ws/install/ros2_python_extension:/opt/ros/jazzy/opt/gz_launch_vendor:/opt/ros/jazzy/opt/gz_sim_vendor:/opt/ros/jazzy/opt/gz_sensors_vendor:/opt/ros/jazzy/opt/gz_physics_vendor:/opt/ros/jazzy/opt/sdformat_vendor:/opt/ros/jazzy/opt/gz_gui_vendor:/opt/ros/jazzy/opt/gz_transport_vendor:/opt/ros/jazzy/opt/gz_rendering_vendor:/opt/ros/jazzy/opt/gz_plugin_vendor:/opt/ros/jazzy/opt/gz_fuel_tools_vendor:/opt/ros/jazzy/opt/gz_msgs_vendor:/opt/ros/jazzy/opt/gz_common_vendor:/opt/ros/jazzy/opt/gz_math_vendor:/opt/ros/jazzy/opt/gz_utils_vendor:/opt/ros/jazzy/opt/gz_tools_vendor:/opt/ros/jazzy/opt/gz_ogre_next_vendor:/opt/ros/jazzy/opt/gz_dartsim_vendor:/opt/ros/jazzy/opt/gz_cmake_vendor:/opt/ros/jazzy /usr/bin/cmake --install /root/ros2_ws/build/bitbots_tf_buffer
[0.689s] -- Install configuration: ""
[0.689s] -- Up-to-date: /root/ros2_ws/install/bitbots_tf_buffer/share/bitbots_tf_buffer/environment/pythonpath.sh
[0.689s] -- Up-to-date: /root/ros2_ws/install/bitbots_tf_buffer/share/bitbots_tf_buffer/environment/pythonpath.dsv
[0.689s] -- Up-to-date: /root/ros2_ws/install/bitbots_tf_buffer/lib/python3.12/site-packages/bitbots_tf_buffer-1.0.0-py3.12.egg-info
[0.689s] -- Installing: /root/ros2_ws/install/bitbots_tf_buffer/lib/python3.12/site-packages/bitbots_tf_buffer-1.0.0-py3.12.egg-info/PKG-INFO
[0.692s] -- Installing: /root/ros2_ws/install/bitbots_tf_buffer/lib/python3.12/site-packages/bitbots_tf_buffer-1.0.0-py3.12.egg-info/SOURCES.txt
[0.693s] -- Installing: /root/ros2_ws/install/bitbots_tf_buffer/lib/python3.12/site-packages/bitbots_tf_buffer-1.0.0-py3.12.egg-info/dependency_links.txt
[0.693s] -- Installing: /root/ros2_ws/install/bitbots_tf_buffer/lib/python3.12/site-packages/bitbots_tf_buffer-1.0.0-py3.12.egg-info/top_level.txt
[0.695s] -- Up-to-date: /root/ros2_ws/install/bitbots_tf_buffer/lib/python3.12/site-packages/bitbots_tf_buffer
[0.695s] -- Up-to-date: /root/ros2_ws/install/bitbots_tf_buffer/lib/python3.12/site-packages/bitbots_tf_buffer/__init__.py
[0.750s] Listing '/root/ros2_ws/install/bitbots_tf_buffer/lib/python3.12/site-packages/bitbots_tf_buffer'...
[0.759s] -- Up-to-date: /root/ros2_ws/install/bitbots_tf_buffer/lib/python3.12/site-packages/bitbots_tf_buffer/cpp_wrapper.cpython-312-x86_64-linux-gnu.so
[0.759s] -- Up-to-date: /root/ros2_ws/install/bitbots_tf_buffer/share/ament_index/resource_index/package_run_dependencies/bitbots_tf_buffer
[0.760s] -- Up-to-date: /root/ros2_ws/install/bitbots_tf_buffer/share/ament_index/resource_index/parent_prefix_path/bitbots_tf_buffer
[0.760s] -- Up-to-date: /root/ros2_ws/install/bitbots_tf_buffer/share/bitbots_tf_buffer/environment/ament_prefix_path.sh
[0.760s] -- Up-to-date: /root/ros2_ws/install/bitbots_tf_buffer/share/bitbots_tf_buffer/environment/ament_prefix_path.dsv
[0.760s] -- Up-to-date: /root/ros2_ws/install/bitbots_tf_buffer/share/bitbots_tf_buffer/environment/path.sh
[0.761s] -- Up-to-date: /root/ros2_ws/install/bitbots_tf_buffer/share/bitbots_tf_buffer/environment/path.dsv
[0.761s] -- Up-to-date: /root/ros2_ws/install/bitbots_tf_buffer/share/bitbots_tf_buffer/local_setup.bash
[0.761s] -- Up-to-date: /root/ros2_ws/install/bitbots_tf_buffer/share/bitbots_tf_buffer/local_setup.sh
[0.761s] -- Up-to-date: /root/ros2_ws/install/bitbots_tf_buffer/share/bitbots_tf_buffer/local_setup.zsh
[0.762s] -- Up-to-date: /root/ros2_ws/install/bitbots_tf_buffer/share/bitbots_tf_buffer/local_setup.dsv
[0.762s] -- Installing: /root/ros2_ws/install/bitbots_tf_buffer/share/bitbots_tf_buffer/package.dsv
[0.763s] -- Up-to-date: /root/ros2_ws/install/bitbots_tf_buffer/share/ament_index/resource_index/packages/bitbots_tf_buffer
[0.764s] -- Up-to-date: /root/ros2_ws/install/bitbots_tf_buffer/share/bitbots_tf_buffer/cmake/bitbots_tf_bufferConfig.cmake
[0.764s] -- Up-to-date: /root/ros2_ws/install/bitbots_tf_buffer/share/bitbots_tf_buffer/cmake/bitbots_tf_bufferConfig-version.cmake
[0.764s] -- Up-to-date: /root/ros2_ws/install/bitbots_tf_buffer/share/bitbots_tf_buffer/package.xml
[0.767s] Invoked command in '/root/ros2_ws/build/bitbots_tf_buffer' returned '0': AMENT_PREFIX_PATH=/root/ros2_ws/install/ros2_python_extension:${AMENT_PREFIX_PATH} CMAKE_PREFIX_PATH=/root/ros2_ws/install/ros2_python_extension:/opt/ros/jazzy/opt/gz_launch_vendor:/opt/ros/jazzy/opt/gz_sim_vendor:/opt/ros/jazzy/opt/gz_sensors_vendor:/opt/ros/jazzy/opt/gz_physics_vendor:/opt/ros/jazzy/opt/sdformat_vendor:/opt/ros/jazzy/opt/gz_gui_vendor:/opt/ros/jazzy/opt/gz_transport_vendor:/opt/ros/jazzy/opt/gz_rendering_vendor:/opt/ros/jazzy/opt/gz_plugin_vendor:/opt/ros/jazzy/opt/gz_fuel_tools_vendor:/opt/ros/jazzy/opt/gz_msgs_vendor:/opt/ros/jazzy/opt/gz_common_vendor:/opt/ros/jazzy/opt/gz_math_vendor:/opt/ros/jazzy/opt/gz_utils_vendor:/opt/ros/jazzy/opt/gz_tools_vendor:/opt/ros/jazzy/opt/gz_ogre_next_vendor:/opt/ros/jazzy/opt/gz_dartsim_vendor:/opt/ros/jazzy/opt/gz_cmake_vendor:/opt/ros/jazzy /usr/bin/cmake --install /root/ros2_ws/build/bitbots_tf_buffer
