[0.368s] Invoking command in '/root/ros2_ws/build/my_robot_bringup': CMAKE_PREFIX_PATH=${CMAKE_PREFIX_PATH}:/opt/ros/jazzy /usr/bin/cmake --build /root/ros2_ws/build/my_robot_bringup -- -j8 -l8
[0.574s] Invoked command in '/root/ros2_ws/build/my_robot_bringup' returned '0': CMAKE_PREFIX_PATH=${CMAKE_PREFIX_PATH}:/opt/ros/jazzy /usr/bin/cmake --build /root/ros2_ws/build/my_robot_bringup -- -j8 -l8
[0.580s] Invoking command in '/root/ros2_ws/build/my_robot_bringup': CMAKE_PREFIX_PATH=${CMAKE_PREFIX_PATH}:/opt/ros/jazzy /usr/bin/cmake --install /root/ros2_ws/build/my_robot_bringup
[0.597s] -- Install configuration: ""
[0.599s] -- Up-to-date: /root/ros2_ws/install/my_robot_bringup/share/my_robot_bringup//launch
[0.600s] -- Up-to-date: /root/ros2_ws/install/my_robot_bringup/share/my_robot_bringup//launch/my_robot_gazebo.launch.xml
[0.601s] -- Up-to-date: /root/ros2_ws/install/my_robot_bringup/share/my_robot_bringup//config
[0.602s] -- Up-to-date: /root/ros2_ws/install/my_robot_bringup/share/my_robot_bringup//config/gazebo_bridge.yaml
[0.602s] -- Up-to-date: /root/ros2_ws/install/my_robot_bringup/share/my_robot_bringup//worlds
[0.603s] -- Up-to-date: /root/ros2_ws/install/my_robot_bringup/share/my_robot_bringup//worlds/test_world.sdf
[0.603s] -- Up-to-date: /root/ros2_ws/install/my_robot_bringup/share/ament_index/resource_index/package_run_dependencies/my_robot_bringup
[0.603s] -- Up-to-date: /root/ros2_ws/install/my_robot_bringup/share/ament_index/resource_index/parent_prefix_path/my_robot_bringup
[0.603s] -- Up-to-date: /root/ros2_ws/install/my_robot_bringup/share/my_robot_bringup/environment/ament_prefix_path.sh
[0.605s] -- Up-to-date: /root/ros2_ws/install/my_robot_bringup/share/my_robot_bringup/environment/ament_prefix_path.dsv
[0.605s] -- Up-to-date: /root/ros2_ws/install/my_robot_bringup/share/my_robot_bringup/environment/path.sh
[0.605s] -- Up-to-date: /root/ros2_ws/install/my_robot_bringup/share/my_robot_bringup/environment/path.dsv
[0.605s] -- Up-to-date: /root/ros2_ws/install/my_robot_bringup/share/my_robot_bringup/local_setup.bash
[0.606s] -- Up-to-date: /root/ros2_ws/install/my_robot_bringup/share/my_robot_bringup/local_setup.sh
[0.606s] -- Up-to-date: /root/ros2_ws/install/my_robot_bringup/share/my_robot_bringup/local_setup.zsh
[0.606s] -- Up-to-date: /root/ros2_ws/install/my_robot_bringup/share/my_robot_bringup/local_setup.dsv
[0.606s] -- Installing: /root/ros2_ws/install/my_robot_bringup/share/my_robot_bringup/package.dsv
[0.613s] -- Up-to-date: /root/ros2_ws/install/my_robot_bringup/share/ament_index/resource_index/packages/my_robot_bringup
[0.613s] -- Up-to-date: /root/ros2_ws/install/my_robot_bringup/share/my_robot_bringup/cmake/my_robot_bringupConfig.cmake
[0.613s] -- Up-to-date: /root/ros2_ws/install/my_robot_bringup/share/my_robot_bringup/cmake/my_robot_bringupConfig-version.cmake
[0.613s] -- Up-to-date: /root/ros2_ws/install/my_robot_bringup/share/my_robot_bringup/package.xml
[0.615s] Invoked command in '/root/ros2_ws/build/my_robot_bringup' returned '0': CMAKE_PREFIX_PATH=${CMAKE_PREFIX_PATH}:/opt/ros/jazzy /usr/bin/cmake --install /root/ros2_ws/build/my_robot_bringup
