[0.091s] Invoking command in '/root/ros2_ws/build/erl1': CMAKE_PREFIX_PATH=${CMAKE_PREFIX_PATH}:/opt/ros/jazzy /usr/bin/cmake --build /root/ros2_ws/build/erl1 -- -j8 -l8
[0.725s] Invoked command in '/root/ros2_ws/build/erl1' returned '0': CMAKE_PREFIX_PATH=${CMAKE_PREFIX_PATH}:/opt/ros/jazzy /usr/bin/cmake --build /root/ros2_ws/build/erl1 -- -j8 -l8
[0.729s] Invoking command in '/root/ros2_ws/build/erl1': CMAKE_PREFIX_PATH=${CMAKE_PREFIX_PATH}:/opt/ros/jazzy /usr/bin/cmake --install /root/ros2_ws/build/erl1
[0.780s] -- Install configuration: ""
[0.780s] -- Up-to-date: /root/ros2_ws/install/erl1/share/erl1/launch
[0.781s] -- Up-to-date: /root/ros2_ws/install/erl1/share/erl1/launch/rviz_launch.py
[0.781s] -- Up-to-date: /root/ros2_ws/install/erl1/share/erl1/launch/spawn_robot.launch.py
[0.782s] -- Up-to-date: /root/ros2_ws/install/erl1/share/erl1/launch/my_launch.py
[0.782s] -- Up-to-date: /root/ros2_ws/install/erl1/share/erl1/worlds
[0.782s] -- Up-to-date: /root/ros2_ws/install/erl1/share/erl1/worlds/my_world.sdf
[0.782s] -- Up-to-date: /root/ros2_ws/install/erl1/share/erl1/worlds/empty.sdf
[0.782s] -- Up-to-date: /root/ros2_ws/install/erl1/share/erl1/rviz
[0.783s] -- Up-to-date: /root/ros2_ws/install/erl1/share/erl1/rviz/urdf.rviz
[0.783s] -- Up-to-date: /root/ros2_ws/install/erl1/share/erl1/urdf
[0.783s] -- Up-to-date: /root/ros2_ws/install/erl1/share/erl1/urdf/erl1.gazebo
[0.783s] -- Up-to-date: /root/ros2_ws/install/erl1/share/erl1/urdf/erl1.urdf
[0.783s] -- Up-to-date: /root/ros2_ws/install/erl1/share/erl1/meshes
[0.783s] -- Up-to-date: /root/ros2_ws/install/erl1/share/ament_index/resource_index/package_run_dependencies/erl1
[0.784s] -- Up-to-date: /root/ros2_ws/install/erl1/share/ament_index/resource_index/parent_prefix_path/erl1
[0.784s] -- Up-to-date: /root/ros2_ws/install/erl1/share/erl1/environment/ament_prefix_path.sh
[0.784s] -- Up-to-date: /root/ros2_ws/install/erl1/share/erl1/environment/ament_prefix_path.dsv
[0.784s] -- Up-to-date: /root/ros2_ws/install/erl1/share/erl1/environment/path.sh
[0.785s] -- Up-to-date: /root/ros2_ws/install/erl1/share/erl1/environment/path.dsv
[0.785s] -- Up-to-date: /root/ros2_ws/install/erl1/share/erl1/local_setup.bash
[0.801s] -- Up-to-date: /root/ros2_ws/install/erl1/share/erl1/local_setup.sh
[0.802s] -- Up-to-date: /root/ros2_ws/install/erl1/share/erl1/local_setup.zsh
[0.802s] -- Up-to-date: /root/ros2_ws/install/erl1/share/erl1/local_setup.dsv
[0.803s] -- Installing: /root/ros2_ws/install/erl1/share/erl1/package.dsv
[0.803s] -- Up-to-date: /root/ros2_ws/install/erl1/share/ament_index/resource_index/packages/erl1
[0.803s] -- Up-to-date: /root/ros2_ws/install/erl1/share/erl1/cmake/erl1Config.cmake
[0.803s] -- Up-to-date: /root/ros2_ws/install/erl1/share/erl1/cmake/erl1Config-version.cmake
[0.803s] -- Up-to-date: /root/ros2_ws/install/erl1/share/erl1/package.xml
[0.804s] Invoked command in '/root/ros2_ws/build/erl1' returned '0': CMAKE_PREFIX_PATH=${CMAKE_PREFIX_PATH}:/opt/ros/jazzy /usr/bin/cmake --install /root/ros2_ws/build/erl1
