[0.056s] Invoking command in '/root/ros2_ws/build/bme_gazebo_sensors': CMAKE_PREFIX_PATH=${CMAKE_PREFIX_PATH}:/opt/ros/jazzy /usr/bin/cmake --build /root/ros2_ws/build/bme_gazebo_sensors -- -j8 -l8
[0.239s] Invoked command in '/root/ros2_ws/build/bme_gazebo_sensors' returned '0': CMAKE_PREFIX_PATH=${CMAKE_PREFIX_PATH}:/opt/ros/jazzy /usr/bin/cmake --build /root/ros2_ws/build/bme_gazebo_sensors -- -j8 -l8
[0.241s] Invoking command in '/root/ros2_ws/build/bme_gazebo_sensors': CMAKE_PREFIX_PATH=${CMAKE_PREFIX_PATH}:/opt/ros/jazzy /usr/bin/cmake --install /root/ros2_ws/build/bme_gazebo_sensors
[0.256s] -- Install configuration: ""
[0.257s] -- Up-to-date: /root/ros2_ws/install/bme_gazebo_sensors/share/bme_gazebo_sensors/launch
[0.257s] -- Up-to-date: /root/ros2_ws/install/bme_gazebo_sensors/share/bme_gazebo_sensors/launch/check_urdf.launch.py
[0.258s] -- Up-to-date: /root/ros2_ws/install/bme_gazebo_sensors/share/bme_gazebo_sensors/launch/world.launch.py
[0.259s] -- Installing: /root/ros2_ws/install/bme_gazebo_sensors/share/bme_gazebo_sensors/launch/spawn_robot.launch.py
[0.259s] -- Up-to-date: /root/ros2_ws/install/bme_gazebo_sensors/share/bme_gazebo_sensors/worlds
[0.260s] -- Up-to-date: /root/ros2_ws/install/bme_gazebo_sensors/share/bme_gazebo_sensors/worlds/my_world.sdf
[0.260s] -- Up-to-date: /root/ros2_ws/install/bme_gazebo_sensors/share/bme_gazebo_sensors/worlds/empty.sdf
[0.260s] -- Up-to-date: /root/ros2_ws/install/bme_gazebo_sensors/share/bme_gazebo_sensors/worlds/world.sdf
[0.260s] -- Up-to-date: /root/ros2_ws/install/bme_gazebo_sensors/share/bme_gazebo_sensors/worlds/home.sdf
[0.261s] -- Up-to-date: /root/ros2_ws/install/bme_gazebo_sensors/share/bme_gazebo_sensors/rviz
[0.261s] -- Up-to-date: /root/ros2_ws/install/bme_gazebo_sensors/share/bme_gazebo_sensors/rviz/gps.rviz
[0.261s] -- Up-to-date: /root/ros2_ws/install/bme_gazebo_sensors/share/bme_gazebo_sensors/rviz/rviz.rviz
[0.261s] -- Up-to-date: /root/ros2_ws/install/bme_gazebo_sensors/share/bme_gazebo_sensors/rviz/urdf.rviz
[0.261s] -- Up-to-date: /root/ros2_ws/install/bme_gazebo_sensors/share/bme_gazebo_sensors/urdf
[0.262s] -- Up-to-date: /root/ros2_ws/install/bme_gazebo_sensors/share/bme_gazebo_sensors/urdf/materials.xacro
[0.262s] -- Installing: /root/ros2_ws/install/bme_gazebo_sensors/share/bme_gazebo_sensors/urdf/mogi_bot.gazebo
[0.265s] -- Installing: /root/ros2_ws/install/bme_gazebo_sensors/share/bme_gazebo_sensors/urdf/mogi_bot.urdf
[0.266s] -- Up-to-date: /root/ros2_ws/install/bme_gazebo_sensors/share/bme_gazebo_sensors/meshes
[0.266s] -- Up-to-date: /root/ros2_ws/install/bme_gazebo_sensors/share/bme_gazebo_sensors/meshes/lidar.dae
[0.266s] -- Up-to-date: /root/ros2_ws/install/bme_gazebo_sensors/share/bme_gazebo_sensors/meshes/wheel.dae
[0.266s] -- Up-to-date: /root/ros2_ws/install/bme_gazebo_sensors/share/bme_gazebo_sensors/meshes/mogi_bot.dae
[0.266s] -- Up-to-date: /root/ros2_ws/install/bme_gazebo_sensors/share/bme_gazebo_sensors/config
[0.266s] -- Up-to-date: /root/ros2_ws/install/bme_gazebo_sensors/share/bme_gazebo_sensors/config/ekf.yaml
[0.267s] -- Up-to-date: /root/ros2_ws/install/bme_gazebo_sensors/share/ament_index/resource_index/package_run_dependencies/bme_gazebo_sensors
[0.267s] -- Up-to-date: /root/ros2_ws/install/bme_gazebo_sensors/share/ament_index/resource_index/parent_prefix_path/bme_gazebo_sensors
[0.267s] -- Up-to-date: /root/ros2_ws/install/bme_gazebo_sensors/share/bme_gazebo_sensors/environment/ament_prefix_path.sh
[0.267s] -- Up-to-date: /root/ros2_ws/install/bme_gazebo_sensors/share/bme_gazebo_sensors/environment/ament_prefix_path.dsv
[0.267s] -- Up-to-date: /root/ros2_ws/install/bme_gazebo_sensors/share/bme_gazebo_sensors/environment/path.sh
[0.267s] -- Up-to-date: /root/ros2_ws/install/bme_gazebo_sensors/share/bme_gazebo_sensors/environment/path.dsv
[0.268s] -- Up-to-date: /root/ros2_ws/install/bme_gazebo_sensors/share/bme_gazebo_sensors/local_setup.bash
[0.268s] -- Up-to-date: /root/ros2_ws/install/bme_gazebo_sensors/share/bme_gazebo_sensors/local_setup.sh
[0.268s] -- Up-to-date: /root/ros2_ws/install/bme_gazebo_sensors/share/bme_gazebo_sensors/local_setup.zsh
[0.268s] -- Up-to-date: /root/ros2_ws/install/bme_gazebo_sensors/share/bme_gazebo_sensors/local_setup.dsv
[0.268s] -- Up-to-date: /root/ros2_ws/install/bme_gazebo_sensors/share/bme_gazebo_sensors/package.dsv
[0.268s] -- Up-to-date: /root/ros2_ws/install/bme_gazebo_sensors/share/ament_index/resource_index/packages/bme_gazebo_sensors
[0.268s] -- Up-to-date: /root/ros2_ws/install/bme_gazebo_sensors/share/bme_gazebo_sensors/cmake/bme_gazebo_sensorsConfig.cmake
[0.269s] -- Up-to-date: /root/ros2_ws/install/bme_gazebo_sensors/share/bme_gazebo_sensors/cmake/bme_gazebo_sensorsConfig-version.cmake
[0.269s] -- Up-to-date: /root/ros2_ws/install/bme_gazebo_sensors/share/bme_gazebo_sensors/package.xml
[0.327s] Invoked command in '/root/ros2_ws/build/bme_gazebo_sensors' returned '0': CMAKE_PREFIX_PATH=${CMAKE_PREFIX_PATH}:/opt/ros/jazzy /usr/bin/cmake --install /root/ros2_ws/build/bme_gazebo_sensors
