[0.132s] Invoking command in '/root/ros2_ws/build/ros2_python_extension': CMAKE_PREFIX_PATH=${CMAKE_PREFIX_PATH}:/opt/ros/jazzy /usr/bin/cmake --build /root/ros2_ws/build/ros2_python_extension -- -j8 -l8
[0.725s] Invoked command in '/root/ros2_ws/build/ros2_python_extension' returned '0': CMAKE_PREFIX_PATH=${CMAKE_PREFIX_PATH}:/opt/ros/jazzy /usr/bin/cmake --build /root/ros2_ws/build/ros2_python_extension -- -j8 -l8
[0.757s] Invoking command in '/root/ros2_ws/build/ros2_python_extension': CMAKE_PREFIX_PATH=${CMAKE_PREFIX_PATH}:/opt/ros/jazzy /usr/bin/cmake --install /root/ros2_ws/build/ros2_python_extension
[0.780s] -- Install configuration: ""
[0.783s] -- Up-to-date: /root/ros2_ws/install/ros2_python_extension/include
[0.783s] -- Up-to-date: /root/ros2_ws/install/ros2_python_extension/include/ros2_python_extension
[0.784s] -- Up-to-date: /root/ros2_ws/install/ros2_python_extension/include/ros2_python_extension/serialization.hpp
[0.788s] -- Up-to-date: /root/ros2_ws/install/ros2_python_extension/share/ament_index/resource_index/package_run_dependencies/ros2_python_extension
[0.791s] -- Up-to-date: /root/ros2_ws/install/ros2_python_extension/share/ament_index/resource_index/parent_prefix_path/ros2_python_extension
[0.791s] -- Up-to-date: /root/ros2_ws/install/ros2_python_extension/share/ros2_python_extension/environment/ament_prefix_path.sh
[0.792s] -- Up-to-date: /root/ros2_ws/install/ros2_python_extension/share/ros2_python_extension/environment/ament_prefix_path.dsv
[0.793s] -- Up-to-date: /root/ros2_ws/install/ros2_python_extension/share/ros2_python_extension/environment/path.sh
[0.797s] -- Up-to-date: /root/ros2_ws/install/ros2_python_extension/share/ros2_python_extension/environment/path.dsv
[0.798s] -- Up-to-date: /root/ros2_ws/install/ros2_python_extension/share/ros2_python_extension/local_setup.bash
[0.806s] -- Up-to-date: /root/ros2_ws/install/ros2_python_extension/share/ros2_python_extension/local_setup.sh
[0.806s] -- Up-to-date: /root/ros2_ws/install/ros2_python_extension/share/ros2_python_extension/local_setup.zsh
[0.807s] -- Up-to-date: /root/ros2_ws/install/ros2_python_extension/share/ros2_python_extension/local_setup.dsv
[0.807s] -- Installing: /root/ros2_ws/install/ros2_python_extension/share/ros2_python_extension/package.dsv
[0.811s] -- Up-to-date: /root/ros2_ws/install/ros2_python_extension/share/ament_index/resource_index/packages/ros2_python_extension
[0.812s] -- Up-to-date: /root/ros2_ws/install/ros2_python_extension/share/ros2_python_extension/cmake/ament_cmake_export_dependencies-extras.cmake
[0.812s] -- Up-to-date: /root/ros2_ws/install/ros2_python_extension/share/ros2_python_extension/cmake/ament_cmake_export_include_directories-extras.cmake
[0.813s] -- Up-to-date: /root/ros2_ws/install/ros2_python_extension/share/ros2_python_extension/cmake/ros2_python_extensionConfig.cmake
[0.813s] -- Up-to-date: /root/ros2_ws/install/ros2_python_extension/share/ros2_python_extension/cmake/ros2_python_extensionConfig-version.cmake
[0.813s] -- Up-to-date: /root/ros2_ws/install/ros2_python_extension/share/ros2_python_extension/package.xml
[0.879s] Invoked command in '/root/ros2_ws/build/ros2_python_extension' returned '0': CMAKE_PREFIX_PATH=${CMAKE_PREFIX_PATH}:/opt/ros/jazzy /usr/bin/cmake --install /root/ros2_ws/build/ros2_python_extension
