[0.100s] Invoking command in '/root/ros2_ws/build/ros2_python_extension': CMAKE_PREFIX_PATH=${CMAKE_PREFIX_PATH}:/opt/ros/jazzy /usr/bin/cmake --build /root/ros2_ws/build/ros2_python_extension -- -j8 -l8
[0.450s] Invoked command in '/root/ros2_ws/build/ros2_python_extension' returned '0': CMAKE_PREFIX_PATH=${CMAKE_PREFIX_PATH}:/opt/ros/jazzy /usr/bin/cmake --build /root/ros2_ws/build/ros2_python_extension -- -j8 -l8
[0.468s] Invoking command in '/root/ros2_ws/build/ros2_python_extension': CMAKE_PREFIX_PATH=${CMAKE_PREFIX_PATH}:/opt/ros/jazzy /usr/bin/cmake --install /root/ros2_ws/build/ros2_python_extension
[0.485s] -- Install configuration: ""
[0.485s] -- Up-to-date: /root/ros2_ws/install/ros2_python_extension/include
[0.485s] -- Up-to-date: /root/ros2_ws/install/ros2_python_extension/include/ros2_python_extension
[0.485s] -- Up-to-date: /root/ros2_ws/install/ros2_python_extension/include/ros2_python_extension/serialization.hpp
[0.486s] -- Up-to-date: /root/ros2_ws/install/ros2_python_extension/share/ament_index/resource_index/package_run_dependencies/ros2_python_extension
[0.486s] -- Up-to-date: /root/ros2_ws/install/ros2_python_extension/share/ament_index/resource_index/parent_prefix_path/ros2_python_extension
[0.486s] -- Up-to-date: /root/ros2_ws/install/ros2_python_extension/share/ros2_python_extension/environment/ament_prefix_path.sh
[0.487s] -- Up-to-date: /root/ros2_ws/install/ros2_python_extension/share/ros2_python_extension/environment/ament_prefix_path.dsv
[0.488s] -- Up-to-date: /root/ros2_ws/install/ros2_python_extension/share/ros2_python_extension/environment/path.sh
[0.488s] -- Up-to-date: /root/ros2_ws/install/ros2_python_extension/share/ros2_python_extension/environment/path.dsv
[0.488s] -- Up-to-date: /root/ros2_ws/install/ros2_python_extension/share/ros2_python_extension/local_setup.bash
[0.490s] -- Up-to-date: /root/ros2_ws/install/ros2_python_extension/share/ros2_python_extension/local_setup.sh
[0.490s] -- Up-to-date: /root/ros2_ws/install/ros2_python_extension/share/ros2_python_extension/local_setup.zsh
[0.490s] -- Up-to-date: /root/ros2_ws/install/ros2_python_extension/share/ros2_python_extension/local_setup.dsv
[0.491s] -- Installing: /root/ros2_ws/install/ros2_python_extension/share/ros2_python_extension/package.dsv
[0.491s] -- Up-to-date: /root/ros2_ws/install/ros2_python_extension/share/ament_index/resource_index/packages/ros2_python_extension
[0.500s] -- Up-to-date: /root/ros2_ws/install/ros2_python_extension/share/ros2_python_extension/cmake/ament_cmake_export_dependencies-extras.cmake
[0.504s] -- Up-to-date: /root/ros2_ws/install/ros2_python_extension/share/ros2_python_extension/cmake/ament_cmake_export_include_directories-extras.cmake
[0.504s] -- Up-to-date: /root/ros2_ws/install/ros2_python_extension/share/ros2_python_extension/cmake/ros2_python_extensionConfig.cmake
[0.504s] -- Up-to-date: /root/ros2_ws/install/ros2_python_extension/share/ros2_python_extension/cmake/ros2_python_extensionConfig-version.cmake
[0.504s] -- Up-to-date: /root/ros2_ws/install/ros2_python_extension/share/ros2_python_extension/package.xml
[0.584s] Invoked command in '/root/ros2_ws/build/ros2_python_extension' returned '0': CMAKE_PREFIX_PATH=${CMAKE_PREFIX_PATH}:/opt/ros/jazzy /usr/bin/cmake --install /root/ros2_ws/build/ros2_python_extension
