[  0%] Built target ament_cmake_python_copy_bitbots_tf_buffer
[100%] Built target cpp_wrapper
running egg_info
writing bitbots_tf_buffer.egg-info/PKG-INFO
writing dependency_links to bitbots_tf_buffer.egg-info/dependency_links.txt
writing top-level names to bitbots_tf_buffer.egg-info/top_level.txt
reading manifest file 'bitbots_tf_buffer.egg-info/SOURCES.txt'
writing manifest file 'bitbots_tf_buffer.egg-info/SOURCES.txt'
[100%] Built target ament_cmake_python_build_bitbots_tf_buffer_egg
-- Install configuration: ""
-- Up-to-date: /root/ros2_ws/install/bitbots_tf_buffer/share/bitbots_tf_buffer/environment/pythonpath.sh
-- Up-to-date: /root/ros2_ws/install/bitbots_tf_buffer/share/bitbots_tf_buffer/environment/pythonpath.dsv
-- Up-to-date: /root/ros2_ws/install/bitbots_tf_buffer/lib/python3.12/site-packages/bitbots_tf_buffer-1.0.0-py3.12.egg-info
-- Installing: /root/ros2_ws/install/bitbots_tf_buffer/lib/python3.12/site-packages/bitbots_tf_buffer-1.0.0-py3.12.egg-info/PKG-INFO
-- Installing: /root/ros2_ws/install/bitbots_tf_buffer/lib/python3.12/site-packages/bitbots_tf_buffer-1.0.0-py3.12.egg-info/SOURCES.txt
-- Installing: /root/ros2_ws/install/bitbots_tf_buffer/lib/python3.12/site-packages/bitbots_tf_buffer-1.0.0-py3.12.egg-info/dependency_links.txt
-- Installing: /root/ros2_ws/install/bitbots_tf_buffer/lib/python3.12/site-packages/bitbots_tf_buffer-1.0.0-py3.12.egg-info/top_level.txt
-- Up-to-date: /root/ros2_ws/install/bitbots_tf_buffer/lib/python3.12/site-packages/bitbots_tf_buffer
-- Up-to-date: /root/ros2_ws/install/bitbots_tf_buffer/lib/python3.12/site-packages/bitbots_tf_buffer/__init__.py
Listing '/root/ros2_ws/install/bitbots_tf_buffer/lib/python3.12/site-packages/bitbots_tf_buffer'...
-- Up-to-date: /root/ros2_ws/install/bitbots_tf_buffer/lib/python3.12/site-packages/bitbots_tf_buffer/cpp_wrapper.cpython-312-x86_64-linux-gnu.so
-- Up-to-date: /root/ros2_ws/install/bitbots_tf_buffer/share/ament_index/resource_index/package_run_dependencies/bitbots_tf_buffer
-- Up-to-date: /root/ros2_ws/install/bitbots_tf_buffer/share/ament_index/resource_index/parent_prefix_path/bitbots_tf_buffer
-- Up-to-date: /root/ros2_ws/install/bitbots_tf_buffer/share/bitbots_tf_buffer/environment/ament_prefix_path.sh
-- Up-to-date: /root/ros2_ws/install/bitbots_tf_buffer/share/bitbots_tf_buffer/environment/ament_prefix_path.dsv
-- Up-to-date: /root/ros2_ws/install/bitbots_tf_buffer/share/bitbots_tf_buffer/environment/path.sh
-- Up-to-date: /root/ros2_ws/install/bitbots_tf_buffer/share/bitbots_tf_buffer/environment/path.dsv
-- Up-to-date: /root/ros2_ws/install/bitbots_tf_buffer/share/bitbots_tf_buffer/local_setup.bash
-- Up-to-date: /root/ros2_ws/install/bitbots_tf_buffer/share/bitbots_tf_buffer/local_setup.sh
-- Up-to-date: /root/ros2_ws/install/bitbots_tf_buffer/share/bitbots_tf_buffer/local_setup.zsh
-- Up-to-date: /root/ros2_ws/install/bitbots_tf_buffer/share/bitbots_tf_buffer/local_setup.dsv
-- Installing: /root/ros2_ws/install/bitbots_tf_buffer/share/bitbots_tf_buffer/package.dsv
-- Up-to-date: /root/ros2_ws/install/bitbots_tf_buffer/share/ament_index/resource_index/packages/bitbots_tf_buffer
-- Up-to-date: /root/ros2_ws/install/bitbots_tf_buffer/share/bitbots_tf_buffer/cmake/bitbots_tf_bufferConfig.cmake
-- Up-to-date: /root/ros2_ws/install/bitbots_tf_buffer/share/bitbots_tf_buffer/cmake/bitbots_tf_bufferConfig-version.cmake
-- Up-to-date: /root/ros2_ws/install/bitbots_tf_buffer/share/bitbots_tf_buffer/package.xml
