[0.049s] Invoking command in '/root/ros2_ws/build/bme_gazebo_sensors': CMAKE_PREFIX_PATH=${CMAKE_PREFIX_PATH}:/opt/ros/jazzy /usr/bin/cmake /root/ros2_ws/src/erl1_sensors/bme_gazebo_sensors -DCMAKE_INSTALL_PREFIX=/root/ros2_ws/install/bme_gazebo_sensors
[0.379s] -- The C compiler identification is GNU 13.3.0
[0.525s] -- The CXX compiler identification is GNU 13.3.0
[0.555s] -- Detecting C compiler ABI info
[0.694s] -- Detecting C compiler ABI info - done
[0.702s] -- Check for working C compiler: /usr/bin/cc - skipped
[0.703s] -- Detecting C compile features
[0.704s] -- Detecting C compile features - done
[0.731s] -- Detecting CXX compiler ABI info
[0.844s] -- Detecting CXX compiler ABI info - done
[0.855s] -- Check for working CXX compiler: /usr/bin/c++ - skipped
[0.855s] -- Detecting CXX compile features
[0.856s] -- Detecting CXX compile features - done
[0.943s] -- Found ament_cmake: 2.5.4 (/opt/ros/jazzy/share/ament_cmake/cmake)
[1.114s] -- Found Python3: /usr/bin/python3 (found version "3.12.3") found components: Interpreter 
[1.329s] -- Found ament_lint_auto: 0.17.3 (/opt/ros/jazzy/share/ament_lint_auto/cmake)
[1.469s] -- Added test 'flake8' to check Python code syntax and style conventions
[1.469s] -- Configured 'flake8' exclude dirs and/or files: 
[1.472s] -- Added test 'lint_cmake' to check CMake code style
[1.474s] -- Added test 'pep257' to check Python code against some of the docstring style conventions in PEP 257
[1.477s] -- Added test 'xmllint' to check XML markup files
[1.484s] -- Configuring done (1.4s)
[1.494s] -- Generating done (0.0s)
[1.498s] -- Build files have been written to: /root/ros2_ws/build/bme_gazebo_sensors
[1.503s] Invoked command in '/root/ros2_ws/build/bme_gazebo_sensors' returned '0': CMAKE_PREFIX_PATH=${CMAKE_PREFIX_PATH}:/opt/ros/jazzy /usr/bin/cmake /root/ros2_ws/src/erl1_sensors/bme_gazebo_sensors -DCMAKE_INSTALL_PREFIX=/root/ros2_ws/install/bme_gazebo_sensors
[1.504s] Invoking command in '/root/ros2_ws/build/bme_gazebo_sensors': CMAKE_PREFIX_PATH=${CMAKE_PREFIX_PATH}:/opt/ros/jazzy /usr/bin/cmake --build /root/ros2_ws/build/bme_gazebo_sensors -- -j8 -l8
[1.546s] Invoked command in '/root/ros2_ws/build/bme_gazebo_sensors' returned '0': CMAKE_PREFIX_PATH=${CMAKE_PREFIX_PATH}:/opt/ros/jazzy /usr/bin/cmake --build /root/ros2_ws/build/bme_gazebo_sensors -- -j8 -l8
[1.548s] Invoking command in '/root/ros2_ws/build/bme_gazebo_sensors': CMAKE_PREFIX_PATH=${CMAKE_PREFIX_PATH}:/opt/ros/jazzy /usr/bin/cmake --install /root/ros2_ws/build/bme_gazebo_sensors
[1.556s] -- Install configuration: ""
[1.557s] -- Installing: /root/ros2_ws/install/bme_gazebo_sensors/share/bme_gazebo_sensors/launch
[1.558s] -- Installing: /root/ros2_ws/install/bme_gazebo_sensors/share/bme_gazebo_sensors/launch/check_urdf.launch.py
[1.558s] -- Installing: /root/ros2_ws/install/bme_gazebo_sensors/share/bme_gazebo_sensors/launch/world.launch.py
[1.558s] -- Installing: /root/ros2_ws/install/bme_gazebo_sensors/share/bme_gazebo_sensors/launch/spawn_robot.launch.py
[1.559s] -- Installing: /root/ros2_ws/install/bme_gazebo_sensors/share/bme_gazebo_sensors/worlds
[1.559s] -- Installing: /root/ros2_ws/install/bme_gazebo_sensors/share/bme_gazebo_sensors/worlds/my_world.sdf
[1.560s] -- Installing: /root/ros2_ws/install/bme_gazebo_sensors/share/bme_gazebo_sensors/worlds/empty.sdf
[1.560s] -- Installing: /root/ros2_ws/install/bme_gazebo_sensors/share/bme_gazebo_sensors/worlds/world.sdf
[1.561s] -- Installing: /root/ros2_ws/install/bme_gazebo_sensors/share/bme_gazebo_sensors/worlds/home.sdf
[1.561s] -- Installing: /root/ros2_ws/install/bme_gazebo_sensors/share/bme_gazebo_sensors/rviz
[1.561s] -- Installing: /root/ros2_ws/install/bme_gazebo_sensors/share/bme_gazebo_sensors/rviz/gps.rviz
[1.562s] -- Installing: /root/ros2_ws/install/bme_gazebo_sensors/share/bme_gazebo_sensors/rviz/rviz.rviz
[1.562s] -- Installing: /root/ros2_ws/install/bme_gazebo_sensors/share/bme_gazebo_sensors/rviz/urdf.rviz
[1.562s] -- Installing: /root/ros2_ws/install/bme_gazebo_sensors/share/bme_gazebo_sensors/urdf
[1.563s] -- Installing: /root/ros2_ws/install/bme_gazebo_sensors/share/bme_gazebo_sensors/urdf/materials.xacro
[1.563s] -- Installing: /root/ros2_ws/install/bme_gazebo_sensors/share/bme_gazebo_sensors/urdf/mogi_bot.gazebo
[1.564s] -- Installing: /root/ros2_ws/install/bme_gazebo_sensors/share/bme_gazebo_sensors/urdf/mogi_bot.urdf
[1.565s] -- Installing: /root/ros2_ws/install/bme_gazebo_sensors/share/bme_gazebo_sensors/meshes
[1.565s] -- Installing: /root/ros2_ws/install/bme_gazebo_sensors/share/bme_gazebo_sensors/meshes/lidar.dae
[1.566s] -- Installing: /root/ros2_ws/install/bme_gazebo_sensors/share/bme_gazebo_sensors/meshes/wheel.dae
[1.567s] -- Installing: /root/ros2_ws/install/bme_gazebo_sensors/share/bme_gazebo_sensors/meshes/mogi_bot.dae
[1.568s] -- Installing: /root/ros2_ws/install/bme_gazebo_sensors/share/bme_gazebo_sensors/config
[1.568s] -- Installing: /root/ros2_ws/install/bme_gazebo_sensors/share/bme_gazebo_sensors/config/ekf.yaml
[1.570s] -- Installing: /root/ros2_ws/install/bme_gazebo_sensors/share/ament_index/resource_index/package_run_dependencies/bme_gazebo_sensors
[1.570s] -- Installing: /root/ros2_ws/install/bme_gazebo_sensors/share/ament_index/resource_index/parent_prefix_path/bme_gazebo_sensors
[1.571s] -- Installing: /root/ros2_ws/install/bme_gazebo_sensors/share/bme_gazebo_sensors/environment/ament_prefix_path.sh
[1.571s] -- Installing: /root/ros2_ws/install/bme_gazebo_sensors/share/bme_gazebo_sensors/environment/ament_prefix_path.dsv
[1.572s] -- Installing: /root/ros2_ws/install/bme_gazebo_sensors/share/bme_gazebo_sensors/environment/path.sh
[1.573s] -- Installing: /root/ros2_ws/install/bme_gazebo_sensors/share/bme_gazebo_sensors/environment/path.dsv
[1.573s] -- Installing: /root/ros2_ws/install/bme_gazebo_sensors/share/bme_gazebo_sensors/local_setup.bash
[1.573s] -- Installing: /root/ros2_ws/install/bme_gazebo_sensors/share/bme_gazebo_sensors/local_setup.sh
[1.574s] -- Installing: /root/ros2_ws/install/bme_gazebo_sensors/share/bme_gazebo_sensors/local_setup.zsh
[1.575s] -- Installing: /root/ros2_ws/install/bme_gazebo_sensors/share/bme_gazebo_sensors/local_setup.dsv
[1.575s] -- Installing: /root/ros2_ws/install/bme_gazebo_sensors/share/bme_gazebo_sensors/package.dsv
[1.576s] -- Installing: /root/ros2_ws/install/bme_gazebo_sensors/share/ament_index/resource_index/packages/bme_gazebo_sensors
[1.576s] -- Installing: /root/ros2_ws/install/bme_gazebo_sensors/share/bme_gazebo_sensors/cmake/bme_gazebo_sensorsConfig.cmake
[1.577s] -- Installing: /root/ros2_ws/install/bme_gazebo_sensors/share/bme_gazebo_sensors/cmake/bme_gazebo_sensorsConfig-version.cmake
[1.577s] -- Installing: /root/ros2_ws/install/bme_gazebo_sensors/share/bme_gazebo_sensors/package.xml
[1.580s] Invoked command in '/root/ros2_ws/build/bme_gazebo_sensors' returned '0': CMAKE_PREFIX_PATH=${CMAKE_PREFIX_PATH}:/opt/ros/jazzy /usr/bin/cmake --install /root/ros2_ws/build/bme_gazebo_sensors
